{"env": {"SHELL": "/bin/bash", "TERM": "xterm-256color"}, "version": 2, "timestamp": 1578092040, "height": 15, "width": 60}
[0.218127, "o", "\u001b[2J\u001b[1;1H\u001b[36mwash ❯\u001b[0m "]
[0.594549, "o", "cd"]
[0.697902, "o", " a"]
[0.753932, "o", "ws"]
[0.810244, "o", "/w"]
[0.931238, "o", "as"]
[0.938735, "o", "h/"]
[1.009982, "o", "re"]
[1.115516, "o", "so"]
[1.122441, "o", "ur"]
[1.194002, "o", "ce"]
[1.289804, "o", "s"]
[1.777824, "o", "\r\n"]
[2.085307, "o", "\u001b[36mwash ❯\u001b[0m "]
[2.481951, "o", "ls"]
[3.202401, "o", "\r\n"]
[3.332245, "o", "ec2/\r\ns3/\r\n"]
[3.416592, "o", "\u001b[36mwash ❯\u001b[0m "]
[3.785562, "o", "cd"]
[3.882228, "o", " e"]
[3.929568, "o", "c2"]
[3.99385, "o", "/i"]
[4.097533, "o", "ns"]
[4.106163, "o", "ta"]
[4.20931, "o", "nc"]
[4.306764, "o", "es"]
[4.906624, "o", "\r\n"]
[5.101606, "o", "\u001b[36mwash ❯\u001b[0m "]
[5.506112, "o", "ls"]
[6.193278, "o", "\r\n"]
[6.310515, "o", "i-04621c13583930e6c/\r\n"]
[6.40614, "o", "\u001b[36mwash ❯\u001b[0m "]
[6.689773, "o", "fi"]
[6.810333, "o", "nd"]
[6.866417, "o", " ."]
[6.929626, "o", " -"]
[7.042712, "o", "k "]
[7.05031, "o", "'*"]
[7.137767, "o", "in"]
[7.257793, "o", "st"]
[7.265704, "o", "an"]
[7.369571, "o", "ce"]
[7.498464, "o", "' "]
[7.521705, "o", "-m"]
[7.610555, "o", " '"]
[7.721422, "o", ".s"]
[7.72957, "o", "ta"]
[7.825835, "o", "te"]
[7.946308, "o", ".n"]
[7.953963, "o", "am"]
[8.049832, "o", "e'"]
[8.163046, "o", " r"]
[8.170422, "o", "un"]
[8.265594, "o", "ni"]
[8.369686, "o", "ng"]
[8.385571, "o", " -"]
[8.473435, "o", "m "]
[8.577666, "o", "'."]
[8.594088, "o", "ta"]
[8.681553, "o", "gs"]
[8.793587, "o", "[?"]
[8.809758, "o", "]."]
[8.881502, "o", "ke"]
[8.977275, "o", "y'"]
[8.985936, "o", " o"]
[9.075125, "o", "wn"]
[9.169705, "o", "er"]
[9.885059, "o", "\r\n"]
[10.006534, "o", "./i-04621c13583930e6c\r\n"]
[10.111563, "o", "\u001b[36mwash ❯\u001b[0m "]
[10.44216, "o", "we"]
[10.570442, "o", "xe"]
[10.634279, "o", "c "]
[10.682241, "o", "i-"]
[10.786591, "o", "04"]
[10.801858, "o", "62"]
[10.89742, "o", "1c"]
[11.010156, "o", "13"]
[11.018289, "o", "58"]
[11.106311, "o", "39"]
[11.22689, "o", "30"]
[11.273815, "o", "e6"]
[11.377951, "o", "c "]
[11.499345, "o", "un"]
[11.506315, "o", "am"]
[11.617681, "o", "e"]
[12.1703, "o", "\r\n"]
[12.785057, "o", "Linux\r\n"]
[12.885595, "o", "\u001b[36mwash ❯\u001b[0m "]
[13.2347, "o", "cd"]
[13.353759, "o", " i"]
[13.355149, "o", "-0"]
[13.449396, "o", "46"]
[13.586313, "o", "21"]
[13.617731, "o", "c1"]
[13.689265, "o", "35"]
[13.787529, "o", "83"]
[13.793997, "o", "93"]
[13.897293, "o", "0e"]
[14.002205, "o", "6c"]
[14.585819, "o", "\r\n"]
[14.796922, "o", "\u001b[36mwash ❯\u001b[0m "]
[15.177476, "o", "ls"]
[15.91458, "o", "\r\n"]
[16.029845, "o", "console.out\r\nfs/\r\nmetadata.json\r\n"]
[16.132757, "o", "\u001b[36mwash ❯\u001b[0m "]
[16.418516, "o", "ca"]
[16.554905, "o", "t "]
[16.578113, "o", "co"]
[16.658131, "o", "ns"]
[16.76225, "o", "ol"]
[16.777868, "o", "e."]
[16.873332, "o", "ou"]
[16.977256, "o", "t"]
[17.545174, "o", "\r\n"]
[17.829113, "o", "[    0.000000] Linux version 4.14.152-127.182.amzn2.x86_64 (mockbuild@ip-10-0-1-129) (gcc version 7.3.1 20180712 (Red Hat 7.3.1-6) (GCC)) #1 SMP Thu Nov 14 17:32:43 UTC 2019\r\r\n[    0.000000] Command line: BOOT_IMAGE=/boot/vmlinuz-4.14.152-127.182.amzn2.x86_64 root=UUID=e8f49d85-e739-436f-82ed-d474016253fe ro console=tty0 console=ttyS0,115200n8 net.ifnames=0 biosdevname=0 nvme_core.io_timeout=4294967295 rd.emergency=poweroff rd.shell=0\r\r\n[    0.000000] x86/fpu: Supporting XSAVE feature 0x001: 'x87 floating point registers'\r\r\n[    0.000000] x86/fpu: Supporting XSAVE feature 0x002: 'SSE registers'\r\r\n[    0.000000] x86/fpu: Supporting XSAVE feature 0x004: 'AVX registers'\r\r\n[    0.000000] x86/fpu: xstate_offset[2]:  576, xstate_sizes[2]:  256\r\r\n[    0.000000] x86/fpu: Enabled xstate features 0x7, context size is 832 bytes, using 'standard' format.\r\r\n[    0.000000] e820: BIOS-provided physical RAM map:\r\r\n[    0.000000] BIOS-e820: [mem 0x0000000000000000-0x000000000009dfff] usable\r\r\n[    0.000000] BIOS-e820: [mem 0x"]
[17.829332, "o", "000000000009e000-0x000000000009ffff] reserved\r\r\n[    0.000000] BIOS-e820: [mem 0x00000000000e0000-0x00000000000fffff] reserved\r\r\n[    0.000000] BIOS-e820: [mem 0x0000000000100000-0x000000003fffffff] usable\r\r\n[    0.000000] BIOS-e820: [mem 0x00000000fc000000-0x00000000ffffffff] reserved\r\r\n[    0.000000] NX (Execute Disable) protection: active\r\r\n[    0.000000] SMBIOS 2.7 present.\r\r\n[    0.000000] DMI: Xen HVM domU, BIOS 4.2.amazon 08/24/2006\r\r\n[    0.000000] Hypervisor detected: Xen HVM\r\r\n[    0.000000] Xen version 4.2.\r\r\n[    0.000000] Netfront and the Xen platform PCI driver have been compiled for this kernel: unplug emulated NICs.\r\r\n[    0.000000] Blkfront and the Xen platform PCI driver have been compiled for this kernel: unplug emulated disks.\r\r\n[    0.000000] You might have to change the root device\r\r\n[    0.000000] from /dev/hd[a-d] to /dev/xvd[a-d]\r\r\n[    0.000000] in your root= kernel command line option\r\r\n[    0.000000] tsc: Fast TSC calibration using PIT\r\r\n[    0.000000] e820: last_pfn = 0x40000 max_"]
[17.829445, "o", "arch_pfn = 0x400000000\r\r\n[    0.000000] x86/PAT: Configuration [0-7]: WB  WC  UC- UC  WB  WP  UC- WT  \r\r\n[    0.000000] found SMP MP-table at [mem 0x000fbc50-0x000fbc5f]\r\r\n[    0.000000] Scanning 1 areas for low memory corruption\r\r\n[    0.000000] RAMDISK: [mem 0x34405000-0x361fafff]\r\r\n[    0.000000] ACPI: Early table checksum verification disabled\r\r\n[    0.000000] ACPI: RSDP 0x00000000000EA020 000024 (v02 Xen   )\r\r\n[    0.000000] ACPI: XSDT 0x00000000FC00E2A0 000054 (v01 Xen    HVM      00000000 HVML 00000000)\r\r\n[    0.000000] ACPI: FACP 0x00000000FC00DF60 0000F4 (v04 Xen    HVM      00000000 HVML 00000000)\r\r\n[    0.000000] ACPI: DSDT 0x00000000FC0021C0 00BD19 (v02 Xen    HVM      00000000 INTL 20090123)\r\r\n[    0.000000] ACPI: FACS 0x00000000FC002180 000040\r\r\n[    0.000000] ACPI: FACS 0x00000000FC002180 000040\r\r\n[    0.000000] ACPI: APIC 0x00000000FC00E060 0000D8 (v02 Xen    HVM      00000000 HVML 00000000)\r\r\n[    0.000000] ACPI: HPET 0x00000000FC00E1B0 000038 (v01 Xen    HVM      00000000 HVML 00000000)\r\r\n[ "]
[17.829567, "o", "   0.000000] ACPI: WAET 0x00000000FC00E1F0 000028 (v01 Xen    HVM      00000000 HVML 00000000)\r\r\n[    0.000000] ACPI: SSDT 0x00000000FC00E220 000031 (v02 Xen    HVM      00000000 INTL 20090123)\r\r\n[    0.000000] ACPI: SSDT 0x00000000FC00E260 000033 (v02 Xen    HVM      00000000 INTL 20090123)\r\r\n[    0.000000] No NUMA configuration found\r\r\n[    0.000000] Faking a node at [mem 0x0000000000000000-0x000000003fffffff]\r\r\n[    0.000000] NODE_DATA(0) allocated [mem 0x3ffde000-0x3fffffff]\r\r\n[    0.000000] Zone ranges:\r\r\n[    0.000000]   DMA      [mem 0x0000000000001000-0x0000000000ffffff]\r\r\n[    0.000000]   DMA32    [mem 0x0000000001000000-0x000000003fffffff]\r\r\n[    0.000000]   Normal   empty\r\r\n[    0.000000] Movable zone start for each node\r\r\n[    0.000000] Early memory node ranges\r\r\n[    0.000000]   node   0: [mem 0x0000000000001000-0x000000000009dfff]\r\r\n[    0.000000]   node   0: [mem 0x0000000000100000-0x000000003fffffff]\r\r\n[    0.000000] Initmem setup node 0 [mem 0x0000000000001000-0x000000003fffffff]\r\r\n[    0.000"]
[17.829664, "o", "000] ACPI: PM-Timer IO Port: 0xb008\r\r\n[    0.000000] IOAPIC[0]: apic_id 1, version 17, address 0xfec00000, GSI 0-47\r\r\n[    0.000000] ACPI: INT_SRC_OVR (bus 0 bus_irq 0 global_irq 2 dfl dfl)\r\r\n[    0.000000] ACPI: INT_SRC_OVR (bus 0 bus_irq 5 global_irq 5 low level)\r\r\n[    0.000000] ACPI: INT_SRC_OVR (bus 0 bus_irq 10 global_irq 10 low level)\r\r\n[    0.000000] ACPI: INT_SRC_OVR (bus 0 bus_irq 11 global_irq 11 low level)\r\r\n[    0.000000] Using ACPI (MADT) for SMP configuration information\r\r\n[    0.000000] ACPI: HPET id: 0x8086a201 base: 0xfed00000\r\r\n[    0.000000] smpboot: Allowing 15 CPUs, 14 hotplug CPUs\r\r\n[    0.000000] PM: Registered nosave memory: [mem 0x00000000-0x00000fff]\r\r\n[    0.000000] PM: Registered nosave memory: [mem 0x0009e000-0x0009ffff]\r\r\n[    0.000000] PM: Registered nosave memory: [mem 0x000a0000-0x000dffff]\r\r\n[    0.000000] PM: Registered nosave memory: [mem 0x000e0000-0x000fffff]\r\r\n[    0.000000] e820: [mem 0x40000000-0xfbffffff] available for PCI devices\r\r\n[    0.000000] Booting paravirtual"]
[17.82978, "o", "ized kernel on Xen HVM\r\r\n[    0.000000] clocksource: refined-jiffies: mask: 0xffffffff max_cycles: 0xffffffff, max_idle_ns: 7645519600211568 ns\r\r\n[    0.000000] random: get_random_bytes called from start_kernel+0x94/0x4c8 with crng_init=0\r\r\n[    0.000000] setup_percpu: NR_CPUS:8192 nr_cpumask_bits:15 nr_cpu_ids:15 nr_node_ids:1\r\r\n[    0.000000] percpu: Embedded 44 pages/cpu s140504 r8192 d31528 u262144\r\r\n[    0.000000] PV qspinlock hash table entries: 256 (order: 0, 4096 bytes)\r\r\n[    0.000000] Built 1 zonelists, mobility grouping on.  Total pages: 257928\r\r\n[    0.000000] Policy zone: DMA32\r\r\n[    0.000000] Kernel command line: BOOT_IMAGE=/boot/vmlinuz-4.14.152-127.182.amzn2.x86_64 root=UUID=e8f49d85-e739-436f-82ed-d474016253fe ro console=tty0 console=ttyS0,115200n8 net.ifnames=0 biosdevname=0 nvme_core.io_timeout=4294967295 rd.emergency=poweroff rd.shell=0\r\r\n[    0.000000] PID hash table entries: 4096 (order: 3, 32768 bytes)\r\r\n[    0.000000] Memory: 971172K/1048180K available (10252K kernel code, 1957K rwdat"]
[17.829893, "o", "a, 2768K rodata, 2080K init, 3924K bss, 77008K reserved, 0K cma-reserved)\r\r\n[    0.000000] SLUB: HWalign=64, Order=0-3, MinObjects=0, CPUs=15, Nodes=1\r\r\n[    0.000000] Kernel/User page tables isolation: enabled\r\r\n[    0.000000] ftrace: allocating 26630 entries in 105 pages\r\r\n[    0.004000] Hierarchical RCU implementation.\r\r\n[    0.004000] \tRCU restricting CPUs from NR_CPUS=8192 to nr_cpu_ids=15.\r\r\n[    0.004000] RCU: Adjusting geometry for rcu_fanout_leaf=16, nr_cpu_ids=15\r\r\n[    0.004000] NR_IRQS: 524544, nr_irqs: 952, preallocated irqs: 16\r\r\n[    0.004000] xen:events: Using 2-level ABI\r\r\n[    0.004000] xen:events: Xen HVM callback vector for event delivery is enabled\r\r\n[    0.004000] Console: colour VGA+ 80x25\r\r\n[    0.004000] console [tty0] enabled\r\r\n[    0.004000] Cannot get hvm parameter CONSOLE_EVTCHN (18): -22!\r\r\n[    0.004000] console [ttyS0] enabled\r\r\n[    0.004000] clocksource: hpet: mask: 0xffffffff max_cycles: 0xffffffff, max_idle_ns: 30580167144 ns\r\r\n[    0.008000] tsc: Fast TSC calibration using"]
[17.829991, "o", " PIT\r\r\n[    0.020003] tsc: Detected 2399.940 MHz processor\r\r\n[    0.024009] Calibrating delay loop (skipped), value calculated using timer frequency.. 4800.13 BogoMIPS (lpj=9600272)\r\r\n[    0.036004] pid_max: default: 32768 minimum: 301\r\r\n[    0.040019] ACPI: Core revision 20170728\r\r\n[    0.049991] ACPI: 3 ACPI AML tables successfully acquired and loaded\r\r\n[    0.056024] Security Framework initialized\r\r\n[    0.060003] SELinux:  Initializing.\r\r\n[    0.064195] Dentry cache hash table entries: 131072 (order: 8, 1048576 bytes)\r\r\n[    0.068090] Inode-cache hash table entries: 65536 (order: 7, 524288 bytes)\r\r\n[    0.076019] Mount-cache hash table entries: 2048 (order: 2, 16384 bytes)\r\r\n[    0.084009] Mountpoint-cache hash table entries: 2048 (order: 2, 16384 bytes)\r\r\n[    0.088248] mce: CPU supports 2 MCE banks\r\r\n[    0.092029] Last level iTLB entries: 4KB 1024, 2MB 1024, 4MB 1024\r\r\n[    0.100002] Last level dTLB entries: 4KB 1024, 2MB 1024, 4MB 1024, 1GB 4\r\r\n[    0.108004] Spectre V1 : Mitigation: usercopy/swapgs b"]
[17.830098, "o", "arriers and __user pointer sanitization\r\r\n[    0.116003] Spectre V2 : Mitigation: Full generic retpoline\r\r\n[    0.120002] Spectre V2 : Spectre v2 / SpectreRSB mitigation: Filling RSB on context switch\r\r\n[    0.128005] Speculative Store Bypass: Vulnerable\r\r\n[    0.136029] MDS: Vulnerable: Clear CPU buffers attempted, no microcode\r\r\n[    0.148853] smpboot: Max logical packages: 15\r\r\n[    0.152789] x2apic: IRQ remapping doesn't support X2APIC mode\r\r\n[    0.160003] Switched APIC routing to physical flat.\r\r\n[    0.166628] ..TIMER: vector=0x30 apic1=0 pin1=2 apic2=0 pin2=0\r\r\n[    0.213426] clocksource: xen: mask: 0xffffffffffffffff max_cycles: 0x1cd42e4dffb, max_idle_ns: 881590591483 ns\r\r\n[    0.220020] installing Xen timer for CPU 0\r\r\n[    0.224081] smpboot: CPU0: Intel(R) Xeon(R) CPU E5-2676 v3 @ 2.40GHz (family: 0x6, model: 0x3f, stepping: 0x2)\r\r\n[    0.228042] cpu 0 spinlock event irq 53\r\r\n[    0.232117] Performance Events: unsupported p6 CPU model 63 no PMU driver, software events only.\r\r\n[    0.236059] Hierar"]
[17.830205, "o", "chical SRCU implementation.\r\r\n[    0.240311] NMI watchdog: Perf event create on CPU 0 failed with -2\r\r\n[    0.244007] NMI watchdog: Perf NMI watchdog permanently disabled\r\r\n[    0.248207] smp: Bringing up secondary CPUs ...\r\r\n[    0.252005] smp: Brought up 1 node, 1 CPU\r\r\n[    0.255675] smpboot: Total of 1 processors activated (4800.13 BogoMIPS)\r\r\n[    0.256477] devtmpfs: initialized\r\r\n[    0.259637] x86/mm: Memory block size: 128MB\r\r\n[    0.260227] clocksource: jiffies: mask: 0xffffffff max_cycles: 0xffffffff, max_idle_ns: 7645041785100000 ns\r\r\n[    0.264023] futex hash table entries: 4096 (order: 6, 262144 bytes)\r\r\n[    0.268241] NET: Registered protocol family 16\r\r\n[    0.272251] cpuidle: using governor ladder\r\r\n[    0.276009] cpuidle: using governor menu\r\r\n[    0.279438] ACPI: bus type PCI registered\r\r\n[    0.280008] acpiphp: ACPI Hot Plug PCI Controller Driver version: 0.5\r\r\n[    0.284365] PCI: Using configuration type 1 for base access\r\r\n[    0.291155] HugeTLB registered 2.00 MiB page size, pre-allocate"]
[17.830299, "o", "d 0 pages\r\r\n[    0.292200] ACPI: Added _OSI(Module Device)\r\r\n[    0.296015] ACPI: Added _OSI(Processor Device)\r\r\n[    0.300000] ACPI: Added _OSI(3.0 _SCP Extensions)\r\r\n[    0.300007] ACPI: Added _OSI(Processor Aggregator Device)\r\r\n[    0.306943] ACPI: Interpreter enabled\r\r\n[    0.308015] ACPI: (supports S0 S4 S5)\r\r\n[    0.310951] ACPI: Using IOAPIC for interrupt routing\r\r\n[    0.312032] PCI: Using host bridge windows from ACPI; if necessary, use \"pci=nocrs\" and report a bug\r\r\n[    0.316387] ACPI: Enabled 2 GPEs in block 00 to 0F\r\r\n[    0.370775] ACPI: PCI Root Bridge [PCI0] (domain 0000 [bus 00-ff])\r\r\n[    0.372015] acpi PNP0A03:00: _OSC: OS supports [ASPM ClockPM Segments MSI]\r\r\n[    0.376015] acpi PNP0A03:00: _OSC failed (AE_NOT_FOUND); disabling ASPM\r\r\n[    0.380014] acpi PNP0A03:00: fail to add MMCONFIG information, can't access extended PCI configuration space under this bridge.\r\r\n[    0.385128] acpiphp: Slot [0] registered\r\r\n[    0.389035] acpiphp: Slot [3] registered\r\r\n[    0.394439] acpiphp: Slot [4] "]
[17.83043, "o", "registered\r\r\n[    0.396444] acpiphp: Slot [5] registered\r\r\n[    0.400519] acpiphp: Slot [6] registered\r\r\n[    0.404433] acpiphp: Slot [7] registered\r\r\n[    0.408731] acpiphp: Slot [8] registered\r\r\n[    0.412553] acpiphp: Slot [9] registered\r\r\n[    0.416580] acpiphp: Slot [10] registered\r\r\n[    0.420532] acpiphp: Slot [11] registered\r\r\n[    0.424681] acpiphp: Slot [12] registered\r\r\n[    0.428596] acpiphp: Slot [13] registered\r\r\n[    0.432894] acpiphp: Slot [14] registered\r\r\n[    0.436542] acpiphp: Slot [15] registered\r\r\n[    0.440563] acpiphp: Slot [16] registered\r\r\n[    0.444618] acpiphp: Slot [17] registered\r\r\n[    0.448554] acpiphp: Slot [18] registered\r\r\n[    0.452559] acpiphp: Slot [19] registered\r\r\n[    0.456574] acpiphp: Slot [20] registered\r\r\n[    0.460591] acpiphp: Slot [21] registered\r\r\n[    0.464617] acpiphp: Slot [22] registered\r\r\n[    0.468582] acpiphp: Slot [23] registered\r\r\n[    0.472582] acpiphp: Slot [24] registered\r\r\n[    0.476479] acpiphp: Slot [25] registered\r\r\n[    0.480444] acpiphp: Slot "]
[17.830521, "o", "[26] registered\r\r\n[    0.484594] acpiphp: Slot [27] registered\r\r\n[    0.488469] acpiphp: Slot [28] registered\r\r\n[    0.491978] acpiphp: Slot [29] registered\r\r\n[    0.492399] acpiphp: Slot [30] registered\r\r\n[    0.496044] acpiphp: Slot [31] registered\r\r\n[    0.499694] PCI host bridge to bus 0000:00\r\r\n[    0.500008] pci_bus 0000:00: root bus resource [io  0x0000-0x0cf7 window]\r\r\n[    0.504007] pci_bus 0000:00: root bus resource [io  0x0d00-0xffff window]\r\r\n[    0.508007] pci_bus 0000:00: root bus resource [mem 0x000a0000-0x000bffff window]\r\r\n[    0.512007] pci_bus 0000:00: root bus resource [mem 0xf0000000-0xfbffffff window]\r\r\n[    0.516005] pci_bus 0000:00: root bus resource [bus 00-ff]\r\r\n[    0.526826] pci 0000:00:01.1: legacy IDE quirk: reg 0x10: [io  0x01f0-0x01f7]\r\r\n[    0.528007] pci 0000:00:01.1: legacy IDE quirk: reg 0x14: [io  0x03f6]\r\r\n[    0.532007] pci 0000:00:01.1: legacy IDE quirk: reg 0x18: [io  0x0170-0x0177]\r\r\n[    0.536007] pci 0000:00:01.1: legacy IDE quirk: reg 0x1c: [io  0x0376]\r\r\n[    0.54"]
[17.830645, "o", "0850] * Found PM-Timer Bug on the chipset. Due to workarounds for a bug,\r\r\n[    0.540850] * this clock source is slow. Consider trying other clock sources\r\r\n[    0.545501] pci 0000:00:01.3: quirk: [io  0xb000-0xb03f] claimed by PIIX4 ACPI\r\r\n[    0.556089] ACPI: PCI Interrupt Link [LNKA] (IRQs *5 10 11)\r\r\n[    0.560197] ACPI: PCI Interrupt Link [LNKB] (IRQs 5 *10 11)\r\r\n[    0.564204] ACPI: PCI Interrupt Link [LNKC] (IRQs 5 10 *11)\r\r\n[    0.568311] ACPI: PCI Interrupt Link [LNKD] (IRQs *5 10 11)\r\r\n[    0.600454] xen:balloon: Initialising balloon driver\r\r\n[    0.614184] pci 0000:00:02.0: vgaarb: setting as boot VGA device\r\r\n[    0.616000] pci 0000:00:02.0: vgaarb: VGA device added: decodes=io+mem,owns=io+mem,locks=none\r\r\n[    0.616018] pci 0000:00:02.0: vgaarb: bridge control possible\r\r\n[    0.620005] vgaarb: loaded\r\r\n[    0.623626] EDAC MC: Ver: 3.0.0\r\r\n[    0.624631] PCI: Using ACPI for IRQ routing\r\r\n[    0.628657] NetLabel: Initializing\r\r\n[    0.632005] NetLabel:  domain hash size = 128\r\r\n[    0.636006] NetLa"]
[17.830746, "o", "bel:  protocols = UNLABELED CIPSOv4 CALIPSO\r\r\n[    0.640021] NetLabel:  unlabeled traffic allowed by default\r\r\n[    0.644222] HPET: 3 timers in total, 0 timers will be used for per-cpu timer\r\r\n[    0.648024] hpet0: at MMIO 0xfed00000, IRQs 2, 8, 0\r\r\n[    0.651597] hpet0: 3 comparators, 64-bit 62.500000 MHz counter\r\r\n[    0.654105] clocksource: Switched to clocksource xen\r\r\n[    0.663798] VFS: Disk quotas dquot_6.6.0\r\r\n[    0.680205] VFS: Dquot-cache hash table entries: 512 (order 0, 4096 bytes)\r\r\n[    0.700435] pnp: PnP ACPI init\r\r\n[    0.704940] system 00:00: [mem 0x00000000-0x0009ffff] could not be reserved\r\r\n[    0.715606] system 00:01: [io  0x08a0-0x08a3] has been reserved\r\r\n[    0.721761] system 00:01: [io  0x0cc0-0x0ccf] has been reserved\r\r\n[    0.727848] system 00:01: [io  0x04d0-0x04d1] has been reserved\r\r\n[    0.734122] system 00:07: [io  0x10c0-0x1141] has been reserved\r\r\n[    0.740085] system 00:07: [io  0xb044-0xb047] has been reserved\r\r\n[    0.769010] pnp: PnP ACPI: found 8 devices\r\r\n[    0.78014"]
[17.830877, "o", "5] clocksource: acpi_pm: mask: 0xffffff max_cycles: 0xffffff, max_idle_ns: 2085701024 ns\r\r\n[    0.789354] NET: Registered protocol family 2\r\r\n[    0.794155] TCP established hash table entries: 8192 (order: 4, 65536 bytes)\r\r\n[    0.801104] TCP bind hash table entries: 8192 (order: 5, 131072 bytes)\r\r\n[    0.807549] TCP: Hash tables configured (established 8192 bind 8192)\r\r\n[    0.813832] UDP hash table entries: 512 (order: 2, 16384 bytes)\r\r\n[    0.819799] UDP-Lite hash table entries: 512 (order: 2, 16384 bytes)\r\r\n[    0.826659] NET: Registered protocol family 1\r\r\n[    0.831611] pci 0000:00:00.0: Limiting direct PCI/PCI transfers\r\r\n[    0.837609] pci 0000:00:01.0: PIIX3: Enabling Passive Release\r\r\n[    0.843682] pci 0000:00:01.0: Activating ISA DMA hang workarounds\r\r\n[    0.850304] pci 0000:00:02.0: Video device with shadowed ROM at [mem 0x000c0000-0x000dffff]\r\r\n[    0.860560] Unpacking initramfs...\r\r\n[    0.868064] random: fast init done\r\r\n[    0.945786] Freeing initrd memory: 30680K\r\r\n[    0.950654] Scanning f"]
[17.830988, "o", "or low memory corruption every 60 seconds\r\r\n[    0.957833] audit: initializing netlink subsys (disabled)\r\r\n[    0.964317] Initialise system trusted keyrings\r\r\n[    0.969231] Key type blacklist registered\r\r\n[    0.973862] audit: type=2000 audit(1577916980.129:1): state=initialized audit_enabled=0 res=1\r\r\n[    0.982747] workingset: timestamp_bits=36 max_order=18 bucket_order=0\r\r\n[    0.990140] zbud: loaded\r\r\n[    1.159182] Key type asymmetric registered\r\r\n[    1.163845] Asymmetric key parser 'x509' registered\r\r\n[    1.169259] Block layer SCSI generic (bsg) driver version 0.4 loaded (major 251)\r\r\n[    1.177163] io scheduler noop registered (default)\r\r\n[    1.182448] io scheduler cfq registered\r\r\n[    1.186939] crc32: CRC_LE_BITS = 64, CRC_BE BITS = 64\r\r\n[    1.192236] crc32: self tests passed, processed 225944 bytes in 161740 nsec\r\r\n[    1.199025] crc32c: CRC_LE_BITS = 64\r\r\n[    1.203121] crc32c: self tests passed, processed 225944 bytes in 90112 nsec\r\r\n[    1.224122] crc32_combine: 8373 self tests passed\r\r\n[   "]
[17.831107, "o", " 1.243244] crc32c_combine: 8373 self tests passed\r\r\n[    1.249679] xen:grant_table: Grant tables using version 1 layout\r\r\n[    1.256251] Grant table initialized\r\r\n[    1.261012] Cannot get hvm parameter CONSOLE_EVTCHN (18): -22!\r\r\n[    1.267184] Serial: 8250/16550 driver, 4 ports, IRQ sharing disabled\r\r\n[    1.306790] 00:06: ttyS0 at I/O 0x3f8 (irq = 4, base_baud = 115200) is a 16550A\r\r\n[    1.315824] xen_netfront: Initialising Xen virtual ethernet driver\r\r\n[    1.323804] i8042: PNP: PS/2 Controller [PNP0303:PS2K,PNP0f13:PS2M] at 0x60,0x64 irq 1,12\r\r\n[    1.335143] serio: i8042 KBD port at 0x60,0x64 irq 1\r\r\n[    1.340693] serio: i8042 AUX port at 0x60,0x64 irq 12\r\r\n[    1.347478] input: AT Translated Set 2 keyboard as /devices/platform/i8042/serio0/input/input0\r\r\n[    1.357698] rtc_cmos 00:02: rtc core: registered rtc_cmos as rtc0\r\r\n[    1.364378] rtc_cmos 00:02: alarms up to one day, 114 bytes nvram, hpet irqs\r\r\n[    1.371880] hidraw: raw HID events driver (C) Jiri Kosina\r\r\n[    1.377701] NET: Registered pro"]
[17.831198, "o", "tocol family 17\r\r\n[    1.382787] sched_clock: Marking stable (1382401877, 0)->(2294249006, -911847129)\r\r\n[    1.391421] registered taskstats version 1\r\r\n[    1.396300] Loading compiled-in X.509 certificates\r\r\n[    1.403969] Loaded X.509 cert 'Build time autogenerated kernel key: 0d2a00b147a8b2b206eebc90282606f394d9bd49'\r\r\n[    1.414957] zswap: loaded using pool lzo/zbud\r\r\n[    1.420020] ima: No TPM chip found, activating TPM-bypass! (rc=-19)\r\r\n[    1.426509] ima: Allocated hash algorithm: sha1\r\r\n[    1.532109] xenbus_probe_frontend: Device with no driver: device/vbd/51712\r\r\n[    1.540497] rtc_cmos 00:02: setting system clock to 2020-01-01 22:16:20 UTC (1577916980)\r\r\n[    1.557722] Freeing unused kernel memory: 2080K\r\r\n[    1.568102] Write protecting the kernel read-only data: 16384k\r\r\n[    1.574780] Freeing unused kernel memory: 2016K\r\r\n[    1.582257] Freeing unused kernel memory: 1328K\r\r\n[    1.625379] systemd[1]: Inserted module 'autofs4'\r\r\n[    1.643347] NET: Registered protocol family 10\r\r\n[    1.650080] "]
[17.831291, "o", "Segment Routing with IPv6\r\r\n[    1.654381] systemd[1]: Inserted module 'ipv6'\r\r\n[    1.660153] random: systemd: uninitialized urandom read (16 bytes read)\r\r\n[    1.667160] random: systemd: uninitialized urandom read (16 bytes read)\r\r\n[    1.673804] random: systemd: uninitialized urandom read (16 bytes read)\r\r\n[    1.681645] systemd[1]: systemd 219 running in system mode. (+PAM +AUDIT +SELINUX +IMA -APPARMOR +SMACK +SYSVINIT +UTMP +LIBCRYPTSETUP +GCRYPT +GNUTLS +ACL +XZ +LZ4 -SECCOMP +BLKID +ELFUTILS +KMOD +IDN)\r\r\n[    1.698421] systemd[1]: Detected virtualization xen.\r\r\n[    1.703712] systemd[1]: Detected architecture x86-64.\r\r\n[    1.709045] systemd[1]: Running in initial RAM disk.\r\r\n\r\r\nWelcome to \u001b[0;34mAmazon Linux 2 dracut-033-535.amzn2.1.3 (Initramfs)\u001b[0m!\r\r\n\r\r\n[    1.719210] systemd[1]: No hostname configured.\r\r\n[    1.723900] systemd[1]: Set hostname to <localhost>.\r\r\n[    1.729010] systemd[1]: Initializing machine ID from random generator.\r\r\n[\u001b[32m  OK  \u001b[0m] Reached target Local File Systems.\r\r\n[    "]
[17.831381, "o", "1.766735] systemd[1]: Reached target Local File Systems.\r\r\n[    1.772388] systemd[1]: Starting Local File Systems.\r\r\n[\u001b[32m  OK  \u001b[0m] Reached target Timers.\r\r\n[    1.781352] systemd[1]: Reached target Timers.\r\r\n[\u001b[32m  OK  \u001b[0m] Created slice Root Slice.\r\r\n[\u001b[32m  OK  \u001b[0m] Listening on Journal Socket.\r\r\n[\u001b[32m  OK  \u001b[0m] Listening on udev Control Socket.\r\r\n[\u001b[32m  OK  \u001b[0m] Reached target Local Encrypted Volumes.\r\r\n[\u001b[32m  OK  \u001b[0m] Created slice System Slice.\r\r\n         Starting Setup Virtual Console...\r\r\n         Starting Create list of required st... nodes for the current kernel...\r\r\n         Starting Journal Service...\r\r\n         Starting dracut cmdline hook...\r\r\n         Starting Apply Kernel Variables...\r\r\n[\u001b[32m  OK  \u001b[0m] Reached target Slices.\r\r\n[\u001b[32m  OK  \u001b[0m] Listening on udev Kernel Socket.\r\r\n[\u001b[32m  OK  \u001b[0m] Reached target Sockets.\r\r\n[\u001b[32m  OK  \u001b[0m] Reached target Swap.\r\r\n[\u001b[32m  OK  \u001b[0m] Started Journal Service.\r\r\n[\u001b[32m  OK  \u001b[0m] Started Setup Virtual Console.\r\r\n[\u001b[32m  OK  \u001b[0m] Start"]
[17.831456, "o", "ed Create list of required sta...ce nodes for the current kernel.\r\r\n[\u001b[32m  OK  \u001b[0m] Started Apply Kernel Variables.\r\r\n         Starting Create Static Device Nodes in /dev...\r\r\n[\u001b[32m  OK  \u001b[0m] Started Create Static Device Nodes in /dev.\r\r\n[    1.952089] tsc: Refined TSC clocksource calibration: 2400.001 MHz\r\r\n[    1.957463] clocksource: tsc: mask: 0xffffffffffffffff max_cycles: 0x22983858435, max_idle_ns: 440795258295 ns\r\r\n[\u001b[32m  OK  \u001b[0m] Started dracut cmdline hook.\r\r\n         Starting dracut pre-udev hook...\r\r\n[    2.001221] device-mapper: uevent: version 1.0.3\r\r\n[    2.005696] device-mapper: ioctl: 4.37.0-ioctl (2017-09-20) initialised: dm-devel@redhat.com\r\r\n[\u001b[32m  OK  \u001b[0m] Started dracut pre-udev hook.\r\r\n         Starting udev Kernel Device Manager...\r\r\n[\u001b[32m  OK  \u001b[0m] Started udev Kernel Device Manager.\r\r\n         Starting dracut pre-trigger hook...\r\r\n[\u001b[32m  OK  \u001b[0m] Started dracut pre-trigger hook.\r\r\n         Starting udev Coldplug all Devices...\r\r\n[\u001b[32m  OK  \u001b[0m] Started udev Coldplug all "]
[17.832132, "o", "Devices.\r\r\n         Starting dracut initqueue hook...\r\r\n         Starting Show Plymouth Boot Screen...\r\r\n[\u001b[32m  OK  \u001b[0m] Reached target System Initialization.\r\r\r\n[\u001b[32m  OK  \u001b[0m] Started Show Plymouth Boot Screen.\r\r\r\n[\u001b[32m  OK  \u001b[0m] Reached target Paths.\r\r\r\n[\u001b[32m  OK  \u001b[0m] Reached target Basic System.\r\r\r\n[    2.255662] SCSI subsystem initialized\r\r\n[    2.287639] Invalid max_queues (4), will use default max: 1.\r\r\n\u001b%G[    2.307026] AVX2 version of gcm_enc/dec engaged.\r\r\n[    2.311660] AES CTR mode by8 optimization enabled\r\r\n[    2.321194] scsi host0: ata_piix\r\r\n[    2.326434] scsi host1: ata_piix\r\r\n[    2.330604] ata1: PATA max MWDMA2 cmd 0x1f0 ctl 0x3f6 bmdma 0xc100 irq 14\r\r\n[    2.337576] ata2: PATA max MWDMA2 cmd 0x170 ctl 0x376 bmdma 0xc108 irq 15\r\r\n[    2.362153] alg: No test for pcbc(aes) (pcbc-aes-aesni)\r\r\n[    2.381078] blkfront: xvda: barrier or flush: disabled; persistent grants: disabled; indirect descriptors: enabled;\r\r\n[    2.398732]  xvda: xvda1\r\r\n[\u001b[32m  OK  \u001b[0m] Found device /dev/disk/by"]
[17.834027, "o", "-uuid/e8f49d85-e739-436f-82ed-d474016253fe.\r\r\r\n         Starting File System Check on /dev/...5-e739-436f-82ed-d474016253fe...\r\r\r\n[\u001b[32m  OK  \u001b[0m] Started File System Check on /dev/d...d85-e739-436f-82ed-d474016253fe.\r\r\r\n[\u001b[32m  OK  \u001b[0m] Started dracut initqueue hook.\r\r\r\n         Starting dracut pre-mount hook...\r\r\r\n[\u001b[32m  OK  \u001b[0m] Reached target Remote File Systems (Pre).\r\r\r\n[\u001b[32m  OK  \u001b[0m] Reached target Remote File Systems.\r\r\r\n[\u001b[32m  OK  \u001b[0m] Started dracut pre-mount hook.\r\r\r\n         Mounting /sysroot...\r\r\r\n[    2.631913] SGI XFS with ACLs, security attributes, no debug enabled\r\r\n[    2.642930] XFS (xvda1): Mounting V5 Filesystem\r\r\n[    3.627059] XFS (xvda1): Ending clean mount\r\r\n[\u001b[32m  OK  \u001b[0m] Mounted /sysroot.\r\r\r\n[\u001b[32m  OK  \u001b[0m] Reached target Initrd Root File System.\r\r\r\n         Starting Reload Configuration from the Real Root...\r\r\r\n[\u001b[32m  OK  \u001b[0m] Started Reload Configuration from the Real Root.\r\r\r\n[\u001b[32m  OK  \u001b[0m] Reached target Initrd File Systems.\r\r\r\n[\u001b[32m  OK  \u001b[0m] Reached target"]
[17.834229, "o", " Initrd Default Target.\r\r\r\n         Starting dracut pre-pivot and cleanup hook...\r\r\r\n[\u001b[32m  OK  \u001b[0m] Started dracut pre-pivot and cleanup hook.\r\r\r\n         Starting Cleaning Up and Shutting Down Daemons...\r\r\r\n[\u001b[32m  OK  \u001b[0m] Stopped Cleaning Up and Shutting Down Daemons.\r\r\r\n[\u001b[32m  OK  \u001b[0m] Stopped dracut pre-pivot and cleanup hook.\r\r\r\n         Stopping dracut pre-pivot and cleanup hook...\r\r\r\n[\u001b[32m  OK  \u001b[0m] Stopped target Initrd Default Target.\r\r\r\n         Starting Plymouth switch root service...\r\r\r\n[\u001b[32m  OK  \u001b[0m] Stopped target Basic System.\r\r\r\n[\u001b[32m  OK  \u001b[0m] Stopped target Paths.\r\r\r\n[\u001b[32m  OK  \u001b[0m] Stopped target Sockets.\r\r\r\n[\u001b[32m  OK  \u001b[0m] Stopped target System Initialization.\r\r\r\n[\u001b[32m  OK  \u001b[0m] Stopped Apply Kernel Variables.\r\r\r\n         Stopping Apply Kernel Variables...\r\r\r\n[\u001b[32m  OK  \u001b[0m] Stopped target Local File Systems.\r\r\r\n[\u001b[32m  OK  \u001b[0m] Stopped target Slices.\r\r\r\n[\u001b[32m  OK  \u001b[0m] Stopped target Timers.\r\r\r\n[\u001b[32m  OK  \u001b[0m] Stopped target Remote File Systems.\r\r\r\n[\u001b[32m  OK  \u001b"]
[17.834345, "o", "[0m] Stopped target Remote File Systems (Pre).\r\r\r\n[\u001b[32m  OK  \u001b[0m] Stopped target Swap.\r\r\r\n[\u001b[32m  OK  \u001b[0m] Stopped dracut pre-mount hook.\r\r\r\n         Stopping dracut pre-mount hook...\r\r\r\n[\u001b[32m  OK  \u001b[0m] Stopped target Local Encrypted Volumes.\r\r\r\n[\u001b[32m  OK  \u001b[0m] Stopped dracut initqueue hook.\r\r\r\n         Stopping dracut initqueue hook...\r\r\r\n[\u001b[32m  OK  \u001b[0m] Stopped udev Coldplug all Devices.\r\r\r\n         Stopping udev Coldplug all Devices...\r\r\r\n[\u001b[32m  OK  \u001b[0m] Stopped dracut pre-trigger hook.\r\r\r\n         Stopping dracut pre-trigger hook...\r\r\r\n         Stopping udev Kernel Device Manager...\r\r\r\n[\u001b[32m  OK  \u001b[0m] Stopped udev Kernel Device Manager.\r\r\r\n[\u001b[32m  OK  \u001b[0m] Stopped Create Static Device Nodes in /dev.\r\r\r\n         Stopping Create Static Device Nodes in /dev...\r\r\r\n[\u001b[32m  OK  \u001b[0m] Stopped Create list of required sta...ce nodes for the current kernel.\r\r\r\n         Stopping Create list of required st... nodes for the current kernel...\r\r\r\n[\u001b[32m  OK  \u001b[0m] Stopped dracut pre-udev hook.\r\r\r\n         "]
[17.834437, "o", "Stopping dracut pre-udev hook...\r\r\r\n[\u001b[32m  OK  \u001b[0m] Stopped dracut cmdline hook.\r\r\r\n         Stopping dracut cmdline hook...\r\r\r\n[\u001b[32m  OK  \u001b[0m] Closed udev Kernel Socket.\r\r\r\n[\u001b[32m  OK  \u001b[0m] Closed udev Control Socket.\r\r\r\n         Starting Cleanup udevd DB...\r\r\r\n[\u001b[32m  OK  \u001b[0m] Started Cleanup udevd DB.\r\r\r\n[\u001b[32m  OK  \u001b[0m] Reached target Switch Root.\r\r\r\n[\u001b[32m  OK  \u001b[0m] Started Plymouth switch root service.\r\r\r\n         Starting Switch Root...\r\r\r\n[    3.933447] systemd-journald[935]: Received SIGTERM from PID 1 (systemd).\r\r\n[    3.954398] systemd: 25 output lines suppressed due to ratelimiting\r\r\n[    3.997994] SELinux:  Disabled at runtime.\r\r\n[    4.008098] audit: type=1404 audit(1577916982.964:2): selinux=0 auid=4294967295 ses=4294967295\r\r\n[    4.031113] ip_tables: (C) 2000-2006 Netfilter Core Team\r\r\n[    4.035778] systemd[1]: Inserted module 'ip_tables'\r\r\n\r\r\r\nWelcome to \u001b[0;33mAmazon Linux 2\u001b[0m!\r\r\r\n\r\r\r\n[\u001b[32m  OK  \u001b[0m] Stopped Switch Root.\r\r\r\n[\u001b[32m  OK  \u001b[0m] Stopped Journal Service.\r\r\r\n         "]
[17.835036, "o", "Starting Journal Service...\r\r\r\n[\u001b[32m  OK  \u001b[0m] Listening on udev Kernel Socket.\r\r\r\n         Starting Create list of required st... nodes for the current kernel...\r\r\r\n[\u001b[32m  OK  \u001b[0m] Set up automount Arbitrary Executab...ats File System Automount Point.\r\r\r\n[\u001b[32m  OK  \u001b[0m] Listening on /dev/initctl Compatibility Named Pipe.\r\r\r\n[\u001b[32m  OK  \u001b[0m] Reached target Swap.\r\r\r\n         Mounting Huge Pages File System...\r\r\r\n[\u001b[32m  OK  \u001b[0m] Created slice User and Session Slice.\r\r\r\n[\u001b[32m  OK  \u001b[0m] Reached target Slices.\r\r\r\n[\u001b[32m  OK  \u001b[0m] Listening on udev Control Socket.\r\r\r\n[    4.215180] ena: Elastic Network Adapter (ENA) v2.1.3g\r\r\n[\u001b[32m  OK  \u001b[0m] Listening on LVM2 poll daemon socket.\r\r\r\n[\u001b[32m  OK  \u001b[0m] Created slice system-selinux\\x2dpol...grate\\x2dlocal\\x2dchanges.slice.\r\r\r\n[\u001b[32m  OK  \u001b[0m] Listening on Device-mapper event daemon FIFOs.\r\r\r\n         Mounting Debug File System...\r\r\r\n[\u001b[32m  OK  \u001b[0m] Listening on LVM2 metadata daemon socket.\r\r\r\n         Starting Monitoring of LVM2 mirrors... dmeventd or "]
[17.835164, "o", "progress polling...\r\r\r\n         Mounting POSIX Message Queue File System...\r\r\r\n         Starting Remount Root and Kernel File Systems...\r\r\r\n         Starting Load Kernel Modules...\r\r\r\n[\u001b[32m  OK  \u001b[0m] Stopped target Switch Root.\r\r\r\n[\u001b[32m  OK  \u001b[0m] Stopped target Initrd File Systems.\r\r\r\n[\u001b[32m  OK  \u001b[0m] Stopped target Initrd Root File System.\r\r\r\n         Starting Read and set NIS domainname from /etc/sysconfig/network...\r\r\r\n[\u001b[32m  OK  \u001b[0m] Created slice system-serial\\x2dgetty.slice.\r\r\r\n[\u001b[32m  OK  \u001b[0m] Listening on Delayed Shutdown Socket.\r\r\r\n[\u001b[32m  OK  \u001b[0m] Created slice system-getty.slice.\r\r\r\n[\u001b[32m  OK  \u001b[0m] Mounted Debug File System.\r\r\r\n[\u001b[32m  OK  \u001b[0m] Mounted POSIX Message Queue File System.\r\r\r\n[\u001b[32m  OK  \u001b[0m] Mounted Huge Pages File System.\r\r\r\n[\u001b[32m  OK  \u001b[0m] Started Journal Service.\r\r\r\n[\u001b[32m  OK  \u001b[0m] Started Create list of required sta...ce nodes for the current kernel.\r\r\r\n[\u001b[32m  OK  \u001b[0m] Started Remount Root and Kernel File Systems.\r\r\r\n[\u001b[32m  OK  \u001b[0m] Started Load Kernel Modules."]
[17.835283, "o", "\r\r\r\n[\u001b[32m  OK  \u001b[0m] Started Read and set NIS domainname from /etc/sysconfig/network.\r\r\r\n[\u001b[32m  OK  \u001b[0m] Started LVM2 metadata daemon.\r\r\r\n         Starting LVM2 metadata daemon...\r\r\r\n         Starting Apply Kernel Variables...\r\r\r\n         Starting Configure read-only root support...\r\r\r\n         Starting Rebuild Hardware Database...\r\r\r\n         Starting Create Static Device Nodes in /dev...\r\r\r\n         Starting Flush Journal to Persistent Storage...\r\r\r\n[\u001b[32m  OK  \u001b[0m] Started Apply Kernel Variables.\r\r\r\n[    4.347482] systemd-journald[1931]: Received request to flush runtime journal from PID 1\r\r\n[\u001b[32m  OK  \u001b[0m] Started Configure read-only root support.\r\r\r\n         Starting Load/Save Random Seed...\r\r\r\n[\u001b[32m  OK  \u001b[0m] Started Create Static Device Nodes in /dev.\r\r\r\n         Starting udev Kernel Device Manager...\r\r\r\n[\u001b[32m  OK  \u001b[0m] Started Load/Save Random Seed.\r\r\r\n[\u001b[32m  OK  \u001b[0m] Started udev Kernel Device Manager.\r\r\r\n[\u001b[32m  OK  \u001b[0m] Started Flush Journal to Persistent Storage.\r\r\r\n[\u001b[32m  OK  \u001b[0m] "]
[17.835393, "o", "Started Rebuild Hardware Database.\r\r\r\n         Starting udev Coldplug all Devices...\r\r\r\n[    4.781699] input: Power Button as /devices/LNXSYSTM:00/LNXPWRBN:00/input/input3\r\r\n[\u001b[32m  OK  \u001b[0m] Started udev Coldplug all Devices.\r\r\r\n         Starting udev Wait for Complete Device Initialization...\r\r\r\n[    4.851933] ACPI: Power Button [PWRF]\r\r\n[    4.856359] input: Sleep Button as /devices/LNXSYSTM:00/LNXSLPBN:00/input/input4\r\r\n[    4.864059] ACPI: Sleep Button [SLPF]\r\r\n[\u001b[32m  OK  \u001b[0m] Found device /dev/ttyS0.\r\r\r\n\u001b%G[\u001b[32m  OK  \u001b[0m] Created slice system-ec2net\\x2difup.slice.\r\r\r\n[    4.926681] EDAC sbridge: Seeking for: PCI ID 8086:2fa0\r\r\n[    4.932327] EDAC sbridge:  Ver: 1.1.2 \r\r\n[    4.950432] input: ImExPS/2 Generic Explorer Mouse as /devices/platform/i8042/serio1/input/input5\r\r\n[    4.967116] mousedev: PS/2 mouse device common for all mice\r\r\n[\u001b[32m  OK  \u001b[0m] Started udev Wait for Complete Device Initialization.\r\r\r\n         Starting Activation of DM RAID sets...\r\r\r\n[\u001b[32m  OK  \u001b[0m] Started Activation of D"]
[17.83556, "o", "M RAID sets.\r\r\r\n[\u001b[32m  OK  \u001b[0m] Reached target Local Encrypted Volumes.\r\r\r\n[\u001b[32m  OK  \u001b[0m] Started Monitoring of LVM2 mirrors,...ng dmeventd or progress polling.\r\r\r\n[\u001b[32m  OK  \u001b[0m] Reached target Local File Systems (Pre).\r\r\r\n[\u001b[32m  OK  \u001b[0m] Reached target Local File Systems.\r\r\r\n         Starting Rebuild Journal Catalog...\r\r\r\n         Starting Tell Plymouth To Write Out Runtime Data...\r\r\r\n         Starting Mark the need to relabel after reboot...\r\r\r\n         Starting Preprocess NFS configuration...\r\r\r\n         Starting Create Volatile Files and Directories...\r\r\r\n[\u001b[32m  OK  \u001b[0m] Started Mark the need to relabel after reboot.\r\r\r\n[\u001b[32m  OK  \u001b[0m] Started Preprocess NFS configuration.\r\r\r\n[\u001b[32m  OK  \u001b[0m] Started Create Volatile Files and Directories.\r\r\r\n         Starting Security Auditing Service...\r\r\r\n         Mounting RPC Pipe File System...\r\r\r\n[\u001b[32m  OK  \u001b[0m] Started Rebuild Journal Catalog.\r\r\r\n         Starting Update is Completed...\r\r\r\n[\u001b[32m  OK  \u001b[0m] Started Update is Completed.\r\r\r\n[    5.153"]
[17.835673, "o", "801] RPC: Registered named UNIX socket transport module.\r\r\n[    5.157950] RPC: Registered udp transport module.\r\r\n[    5.161898] RPC: Registered tcp transport module.\r\r\n[    5.165613] RPC: Registered tcp NFSv4.1 backchannel transport module.\r\r\n[\u001b[32m  OK  \u001b[0m] Mounted RPC Pipe File System.\r\r\r\n[\u001b[32m  OK  \u001b[0m] Reached target rpc_pipefs.target.\r\r\r\n[\u001b[32m  OK  \u001b[0m] Started Tell Plymouth To Write Out Runtime Data.\r\r\r\n[\u001b[32m  OK  \u001b[0m] Started Security Auditing Service.\r\r\r\n         Starting Update UTMP about System Boot/Shutdown...\r\r\r\n[\u001b[32m  OK  \u001b[0m] Started Update UTMP about System Boot/Shutdown.\r\r\r\n[\u001b[32m  OK  \u001b[0m] Reached target System Initialization.\r\r\r\n[\u001b[32m  OK  \u001b[0m] Reached target Timers.\r\r\r\n[\u001b[32m  OK  \u001b[0m] Listening on D-Bus System Message Bus Socket.\r\r\r\n[\u001b[32m  OK  \u001b[0m] Listening on RPCbind Server Activation Socket.\r\r\r\n         Starting RPC bind service...\r\r\r\n[\u001b[32m  OK  \u001b[0m] Reached target Sockets.\r\r\r\n[\u001b[32m  OK  \u001b[0m] Reached target Paths.\r\r\r\n[\u001b[32m  OK  \u001b[0m] Reached target Basic System.\r\r\r"]
[17.835838, "o", "\r\n         Starting Login Service...\r\r\r\n[\u001b[32m  OK  \u001b[0m] Started Hardware RNG Entropy Gatherer Daemon.\r\r\r\n[    5.394560] random: crng init done\r\r\n[    5.394561] random: 7 urandom warning(s) missed due to ratelimiting\r\r\n         Starting Hardware RNG Entropy Gatherer Daemon...\r\r\r\n[\u001b[32m  OK  \u001b[0m] Started D-Bus System Message Bus.\r\r\r\n         Starting D-Bus System Message Bus...\r\r\r\n         Starting Initial cloud-init job (pre-networking)...\r\r\r\n         Starting GSSAPI Proxy Daemon...\r\r\r\n         Starting NTP client/server...\r\r\r\n[\u001b[32m  OK  \u001b[0m] Started irqbalance daemon.\r\r\r\n         Starting irqbalance daemon...\r\r\r\n         Starting Resets System Activity Logs...\r\r\r\n         Starting ACPI Event Daemon...\r\r\r\n         Starting Dump dmesg to /var/log/dmesg...\r\r\r\n[\u001b[32m  OK  \u001b[0m] Started libstoragemgmt plug-in server daemon.\r\r\r\n         Starting libstoragemgmt plug-in server daemon...\r\r\r\n[\u001b[32m  OK  \u001b[0m] Started RPC bind service.\r\r\r\n[\u001b[32m  OK  \u001b[0m] Started GSSAPI Proxy Daemon.\r\r\r\n[\u001b[32m  OK  \u001b[0m] Started R"]
[17.835968, "o", "esets System Activity Logs.\r\r\r\n[\u001b[32m  OK  \u001b[0m] Started ACPI Event Daemon.\r\r\r\n[\u001b[32m  OK  \u001b[0m] Started Dump dmesg to /var/log/dmesg.\r\r\r\n[\u001b[32m  OK  \u001b[0m] Started Login Service.\r\r\r\n[\u001b[32m  OK  \u001b[0m] Reached target NFS client services.\r\r\r\n[\u001b[32m  OK  \u001b[0m] Reached target Remote File Systems (Pre).\r\r\r\n[\u001b[32m  OK  \u001b[0m] Reached target Remote File Systems.\r\r\r\n[\u001b[32m  OK  \u001b[0m] Started NTP client/server.\r\r\r\n[    5.997966] cloud-init[2684]: Cloud-init v. 18.5-2.amzn2 running 'init-local' at Wed, 01 Jan 2020 22:16:24 +0000. Up 5.96 seconds.\r\r\r\n[\u001b[32m  OK  \u001b[0m] Started Initial cloud-init job (pre-networking).\r\r\r\n[\u001b[32m  OK  \u001b[0m] Reached target Network (Pre).\r\r\r\n         Starting LSB: Bring up/down networking...\r\r\r\n[\u001b[32m  OK  \u001b[0m] Started LSB: Bring up/down networking.\r\r\r\n         Starting Initial cloud-init job (metadata service crawler)...\r\r\r\n[\u001b[32m  OK  \u001b[0m] Reached target Network.\r\r\r\n         Starting Postfix Mail Transport Agent...\r\r\r\n[    8.359291] cloud-init[3074]: Cloud-init v. 18.5-2.amzn2 running 'init"]
[17.836113, "o", "' at Wed, 01 Jan 2020 22:16:27 +0000. Up 8.31 seconds.\r\r\r\n[    8.396154] cloud-init[3074]: ci-info: +++++++++++++++++++++++++++++++++++++Net device info++++++++++++++++++++++++++++++++++++++\r\r\r\n[    8.396371] cloud-init[3074]: ci-info: +--------+------+---------------------------+---------------+--------+-------------------+\r\r\r\n[    8.396498] cloud-init[3074]: ci-info: | Device |  Up  |          Address          |      Mask     | Scope  |     Hw-Address    |\r\r\r\n[    8.396619] cloud-init[3074]: ci-info: +--------+------+---------------------------+---------------+--------+-------------------+\r\r\r\n[    8.396732] cloud-init[3074]: ci-info: |  eth0  | True |        172.31.21.36       | 255.255.240.0 | global | 02:01:aa:7f:46:6a |\r\r\r\n[    8.396858] cloud-init[3074]: ci-info: |  eth0  | True | fe80::1:aaff:fe7f:466a/64 |       .       |  link  | 02:01:aa:7f:46:6a |\r\r\r\n[    8.396961] cloud-init[3074]: ci-info: |   lo   | True |         127.0.0.1         |   255.0.0.0   |  host  |         .         |\r\r\r\n[    8.397072]"]
[17.836225, "o", " cloud-init[3074]: ci-info: |   lo   | True |          ::1/128          |       .       |  host  |         .         |\r\r\r\n[    8.397177] cloud-init[3074]: ci-info: +--------+------+---------------------------+---------------+--------+-------------------+\r\r\r\n[    8.397279] cloud-init[3074]: ci-info: ++++++++++++++++++++++++++++++++Route IPv4 info++++++++++++++++++++++++++++++++\r\r\r\n[    8.397386] cloud-init[3074]: ci-info: +-------+-----------------+-------------+-----------------+-----------+-------+\r\r\r\n[    8.397501] cloud-init[3074]: ci-info: | Route |   Destination   |   Gateway   |     Genmask     | Interface | Flags |\r\r\r\n[    8.397615] cloud-init[3074]: ci-info: +-------+-----------------+-------------+-----------------+-----------+-------+\r\r\r\n[    8.397731] cloud-init[3074]: ci-info: |   0   |     0.0.0.0     | 172.31.16.1 |     0.0.0.0     |    eth0   |   UG  |\r\r\r\n[    8.397837] cloud-init[3074]: ci-info: |   1   | 169.254.169.254 |   0.0.0.0   | 255.255.255.255 |    eth0   |   UH  |\r\r\r\n[    8.397945] c"]
[17.836399, "o", "loud-init[3074]: ci-info: |   2   |   172.31.16.0   |   0.0.0.0   |  255.255.240.0  |    eth0   |   U   |\r\r\r\n[    8.398064] cloud-init[3074]: ci-info: +-------+-----------------+-------------+-----------------+-----------+-------+\r\r\r\n[    8.398177] cloud-init[3074]: ci-info: +++++++++++++++++++Route IPv6 info+++++++++++++++++++\r\r\r\n[    8.398281] cloud-init[3074]: ci-info: +-------+-------------+---------+-----------+-------+\r\r\r\n[    8.398389] cloud-init[3074]: ci-info: | Route | Destination | Gateway | Interface | Flags |\r\r\r\n[    8.398515] cloud-init[3074]: ci-info: +-------+-------------+---------+-----------+-------+\r\r\r\n[    8.398636] cloud-init[3074]: ci-info: |   9   |  fe80::/64  |    ::   |    eth0   |   U   |\r\r\r\n[    8.398745] cloud-init[3074]: ci-info: |   11  |    local    |    ::   |    eth0   |   U   |\r\r\r\n[    8.398864] cloud-init[3074]: ci-info: |   12  |   ff00::/8  |    ::   |    eth0   |   U   |\r\r\r\n[    8.398983] cloud-init[3074]: ci-info: +-------+-------------+---------+-----------+-------+\r\r"]
[17.836524, "o", "\r\n[\u001b[32m  OK  \u001b[0m] Started Postfix Mail Transport Agent.\r\r\r\n         Starting Hostname Service...\r\r\r\n[\u001b[32m  OK  \u001b[0m] Started Hostname Service.\r\r\r\n[\u001b[32m  OK  \u001b[0m] Started Initial cloud-init job (metadata service crawler).\r\r\r\n         Starting OpenSSH Server Key Generation...\r\r\r\n[\u001b[32m  OK  \u001b[0m] Reached target Network is Online.\r\r\r\n[\u001b[32m  OK  \u001b[0m] Started amazon-ssm-agent.\r\r\r\n         Starting amazon-ssm-agent...\r\r\r\n         Starting Dynamically Generate Message Of The Day...\r\r\r\n         Starting System Logging Service...\r\r\r\n         Starting Notify NFS peers of a restart...\r\r\r\n         Starting Permit User Sessions...\r\r\r\n[\u001b[32m  OK  \u001b[0m] Reached target Cloud-config availability.\r\r\r\n         Starting Apply the settings specified in cloud-config...\r\r\r\n[\u001b[32m  OK  \u001b[0m] Started Permit User Sessions.\r\r\r\n[\u001b[32m  OK  \u001b[0m] Started Notify NFS peers of a restart.\r\r\r\n         Starting Terminate Plymouth Boot Screen...\r\r\r\n         Starting Wait for Plymouth Boot Screen to Quit...\r\r\r\n[\u001b[32m  OK  \u001b[0m] Started Jo"]
[17.836728, "o", "b spooling tools.\r\r\r\n         Starting Job spooling tools...\r\r\r\n[\u001b[32m  OK  \u001b[0m] Started Command Scheduler.\r\r\r\n         Starting Command Scheduler...\r\r\r\n[\u001b[32m  OK  \u001b[0m] Started System Logging Service.\r\r\r\n[   10.250244] cloud-init[3223]: Cloud-init v. 18.5-2.amzn2 running 'modules:config' at Wed, 01 Jan 2020 22:16:29 +0000. Up 10.10 seconds.\r\r\n[   11.677495] cloud-init[3223]: Loaded plugins: extras_suggestions, langpacks, priorities, update-motd\r\r\n[   11.712462] cloud-init[3223]: Existing lock /var/run/yum.pid: another copy is running as pid 3269.\r\r\n[   11.718742] cloud-init[3223]: Another app is currently holding the yum lock; waiting for it to exit...\r\r\n[   11.723987] cloud-init[3223]: The other application is: yum\r\r\n[   11.732663] cloud-init[3223]: Memory :  41 M RSS (331 MB VSZ)\r\r\n[   11.736592] cloud-init[3223]: Started: Wed Jan  1 22:16:27 2020 - 00:03 ago\r\r\n[   11.744666] cloud-init[3223]: State  : Running, pid: 3269\r\r\n[   13.721348] cloud-init[3223]: Another app is currently holding the yum lock; wa"]
[17.836868, "o", "iting for it to exit...\r\r\n[   13.732868] cloud-init[3223]: The other application is: yum\r\r\n[   13.740676] cloud-init[3223]: Memory :  82 M RSS (373 MB VSZ)\r\r\n[   13.748712] cloud-init[3223]: Started: Wed Jan  1 22:16:27 2020 - 00:05 ago\r\r\n[   13.762340] cloud-init[3223]: State  : Running, pid: 3269\r\r\n\r\r\r\nAmazon Linux 2\r\r\nKernel 4.14.152-127.182.amzn2.x86_64 on an x86_64\r\r\n\r\r\nip-172-31-21-36 login:
[   15.724552] cloud-init[3223]: Another app is currently holding the yum lock; waiting for it to exit...\r\r\n[   15.734994] cloud-init[3223]: The other application is: yum\r\r\n[   15.747526] cloud-init[3223]: Memory : 108 M RSS (398 MB VSZ)\r\r\n[   15.759346] cloud-init[3223]: Started: Wed Jan  1 22:16:27 2020 - 00:07 ago\r\r\n[   15.774482] cloud-init[3223]: State  : Running, pid: 3269\r\r\n[   18.406515] cloud-init[3223]: --> python-devel-2.7.16-3.amzn2.0.1.x86_64 from installed removed (updateinfo)\r\r\n[   18.426166] cloud-init[3223]: --> file-5.11-33.amzn2.0.2.x86_64 from installed removed (updateinfo)\r\r\n[   18.433741] cloud"]
[17.836988, "o", "-init[3223]: --> file-libs-5.11-35.amzn2.0.2.x86_64 from amzn2-core removed (updateinfo)\r\r\n[   18.455147] cloud-init[3223]: --> krb5-libs-1.15.1-37.amzn2.2.1.x86_64 from amzn2-core removed (updateinfo)\r\r\n[   18.471920] cloud-init[3223]: --> python-2.7.16-3.amzn2.0.1.x86_64 from installed removed (updateinfo)\r\r\n[   18.488741] cloud-init[3223]: --> python-libs-2.7.16-4.amzn2.x86_64 from amzn2-core removed (updateinfo)\r\r\n[   18.500809] cloud-init[3223]: --> amazon-ssm-agent-2.3.714.0-1.amzn2.x86_64 from amzn2-core removed (updateinfo)\r\r\n[   18.512742] cloud-init[3223]: --> python-2.7.16-4.amzn2.x86_64 from amzn2-core removed (updateinfo)\r\r\n[   18.524809] cloud-init[3223]: --> ca-certificates-2018.2.22-70.0.amzn2.noarch from installed removed (updateinfo)\r\r\n[   18.536837] cloud-init[3223]: --> yum-3.4.3-158.amzn2.0.3.noarch from amzn2-core removed (updateinfo)\r\r\n[   18.548747] cloud-init[3223]: --> rpm-libs-4.11.3-40.amzn2.0.3.x86_64 from amzn2-core removed (updateinfo)\r\r\n[   18.560774] cloud-init[3223]: --> ca-c"]
[17.837088, "o", "ertificates-2018.2.22-70.0.amzn2.0.1.noarch from amzn2-core removed (updateinfo)\r\r\n[   18.576766] cloud-init[3223]: --> file-5.11-35.amzn2.0.2.x86_64 from amzn2-core removed (updateinfo)\r\r\n[   18.583888] cloud-init[3223]: --> python-libs-2.7.16-3.amzn2.0.1.x86_64 from installed removed (updateinfo)\r\r\n[   18.591190] cloud-init[3223]: --> rpm-build-libs-4.11.3-40.amzn2.0.3.x86_64 from amzn2-core removed (updateinfo)\r\r\n[   18.597967] cloud-init[3223]: --> rpm-4.11.3-25.amzn2.0.3.x86_64 from installed removed (updateinfo)\r\r\n[   18.608188] cloud-init[3223]: --> libidn2-2.0.4-1.amzn2.0.2.x86_64 from installed removed (updateinfo)\r\r\n[   18.621786] cloud-init[3223]: --> rpm-libs-4.11.3-25.amzn2.0.3.x86_64 from installed removed (updateinfo)\r\r\n[   18.630798] cloud-init[3223]: --> amazon-ssm-agent-2.3.662.0-1.amzn2.x86_64 from installed removed (updateinfo)\r\r\n[   18.639636] cloud-init[3223]: --> rpm-4.11.3-40.amzn2.0.3.x86_64 from amzn2-core removed (updateinfo)\r\r\n[   18.656661] cloud-init[3223]: --> rpm-build-libs-4.1"]
[17.837218, "o", "1.3-25.amzn2.0.3.x86_64 from installed removed (updateinfo)\r\r\n[   18.668687] cloud-init[3223]: --> rpm-python-4.11.3-25.amzn2.0.3.x86_64 from installed removed (updateinfo)\r\r\n[   18.680842] cloud-init[3223]: --> rpm-plugin-systemd-inhibit-4.11.3-25.amzn2.0.3.x86_64 from installed removed (updateinfo)\r\r\n[   18.692731] cloud-init[3223]: --> yum-3.4.3-158.amzn2.0.2.noarch from installed removed (updateinfo)\r\r\n[   18.708699] cloud-init[3223]: --> rsyslog-8.24.0-16.amzn2.6.1.x86_64 from installed removed (updateinfo)\r\r\n[   18.720757] cloud-init[3223]: --> file-libs-5.11-33.amzn2.0.2.x86_64 from installed removed (updateinfo)\r\r\n[   18.732820] cloud-init[3223]: --> rsyslog-8.24.0-41.amzn2.2.1.x86_64 from amzn2-core removed (updateinfo)\r\r\n[   18.744800] cloud-init[3223]: --> libidn2-2.3.0-1.amzn2.x86_64 from amzn2-core removed (updateinfo)\r\r\n[   18.756834] cloud-init[3223]: --> krb5-libs-1.15.1-20.amzn2.0.1.x86_64 from installed removed (updateinfo)\r\r\n[   18.772779] cloud-init[3223]: --> rpm-plugin-systemd-inhibit-4."]
[17.837332, "o", "11.3-40.amzn2.0.3.x86_64 from amzn2-core removed (updateinfo)\r\r\n[   18.788658] cloud-init[3223]: --> python-devel-2.7.16-4.amzn2.x86_64 from amzn2-core removed (updateinfo)\r\r\n[   18.800652] cloud-init[3223]: --> python2-rpm-4.11.3-40.amzn2.0.3.x86_64 from amzn2-core removed (updateinfo)\r\r\n[   18.812656] cloud-init[3223]: 1 package(s) needed (+0 related) for security, out of 17 available\r\r\n[   18.824689] cloud-init[3223]: Resolving Dependencies\r\r\n[   18.836770] cloud-init[3223]: --> Running transaction check\r\r\n[   18.851648] cloud-init[3223]: ---> Package kernel-tools.x86_64 0:4.14.152-127.182.amzn2 will be updated\r\r\n[   18.892883] cloud-init[3223]: ---> Package kernel-tools.x86_64 0:4.14.154-128.181.amzn2 will be an update\r\r\n[   19.071306] cloud-init[3223]: --> Finished Dependency Resolution\r\r\n[   19.103366] cloud-init[3223]: Dependencies Resolved\r\r\n[   19.109009] cloud-init[3223]: ================================================================================\r\r\n[   19.116697] cloud-init[3223]: Package      "]
[17.83745, "o", "    Arch       Version                       Repository      Size\r\r\n[   19.123669] cloud-init[3223]: ================================================================================\r\r\n[   19.130467] cloud-init[3223]: Updating:\r\r\n[   19.134306] cloud-init[3223]: kernel-tools     x86_64     4.14.154-128.181.amzn2        amzn2-core     122 k\r\r\n[   19.140947] cloud-init[3223]: Transaction Summary\r\r\n[   19.145546] cloud-init[3223]: ================================================================================\r\r\n[   19.153592] cloud-init[3223]: Upgrade  1 Package\r\r\n[   19.157885] cloud-init[3223]: Total download size: 122 k\r\r\n[   19.162903] cloud-init[3223]: Downloading packages:\r\r\n[   19.236296] cloud-init[3223]: Delta RPMs disabled because /usr/bin/applydeltarpm not installed.\r\r\n[   19.321296] cloud-init[3223]: Running transaction check\r\r\n[   19.331264] cloud-init[3223]: Running transaction test\r\r\n[   19.344886] cloud-init[3223]: Transaction test succeeded\r\r\n[   19.352422] cloud-init[3223]: Running transaction\r"]
[17.837551, "o", "\r\n[   19.813438] cloud-init[3223]: Updating   : kernel-tools-4.14.154-128.181.amzn2.x86_64                   1/2\r\r\n[   19.856463] cloud-init[3223]: Cleanup    : kernel-tools-4.14.152-127.182.amzn2.x86_64                   2/2\r\r\n[   19.880433] cloud-init[3223]: Verifying  : kernel-tools-4.14.154-128.181.amzn2.x86_64                   1/2\r\r\n[   19.948030] cloud-init[3223]: Verifying  : kernel-tools-4.14.152-127.182.amzn2.x86_64                   2/2\r\r\n[   19.960777] cloud-init[3223]: Updated:\r\r\n[   19.976740] cloud-init[3223]: kernel-tools.x86_64 0:4.14.154-128.181.amzn2\r\r\n[   19.992705] cloud-init[3223]: Complete!\r\r\n[   20.862848] cloud-init[3418]: Cloud-init v. 18.5-2.amzn2 running 'modules:final' at Wed, 01 Jan 2020 22:16:39 +0000. Up 20.74 seconds.\r\r\nci-info: ++++++++++Authorized keys from /home/ec2-user/.ssh/authorized_keys for user ec2-user+++++++++++\r\r\nci-info: +---------+-------------------------------------------------+---------+-----------------------+\r\r\nci-info: | Keytype |                Fingerprint"]
[17.837671, "o", " (md5)                | Options |        Comment        |\r\r\nci-info: +---------+-------------------------------------------------+---------+-----------------------+\r\r\nci-info: | ssh-rsa | 54:2a:67:7b:64:b1:32:c8:f3:74:cf:75:2d:72:77:44 |    -    | ec2_instance_tutorial |\r\r\nci-info: +---------+-------------------------------------------------+---------+-----------------------+\r\r\n<14>Jan  1 22:16:39 ec2: \r\r\n<14>Jan  1 22:16:39 ec2: #############################################################\r\r\n<14>Jan  1 22:16:39 ec2: -----BEGIN SSH HOST KEY FINGERPRINTS-----\r\r\n<14>Jan  1 22:16:39 ec2: 256 SHA256:bigrxSHgAQBDUiZZ3eVaLblq3vuogKAaCtrTMQ2TmiI no comment (ECDSA)\r\r\n<14>Jan  1 22:16:39 ec2: 256 SHA256:cWXsGPlQctuf67Ic9NbV0c+cI685RI9JyT7dBfeqZ2s no comment (ED25519)\r\r\n<14>Jan  1 22:16:39 ec2: 2048 SHA256:ZjLsg35EH+C3CsF04zVFvT8O0YBFbd+Gs44J7955mYg no comment (RSA)\r\r\n<14>Jan  1 22:16:39 ec2: -----END SSH HOST KEY FINGERPRINTS-----\r\r\n<14>Jan  1 22:16:39 ec2: #############################################################"]
[17.837797, "o", "\r\r\n-----BEGIN SSH HOST KEY KEYS-----\r\r\necdsa-sha2-nistp256 AAAAE2VjZHNhLXNoYTItbmlzdHAyNTYAAAAIbmlzdHAyNTYAAABBBKfa9SZJg2c2OEmOr4ihVMicF3oIqiFl867U/nn3FdAjEPmxI/EH69ynS/yZi5OM2e7i5pS5+A+xpcqRCMra/1c= \r\r\nssh-ed25519 AAAAC3NzaC1lZDI1NTE5AAAAIDWzYtzgP72BoJP4JjD9HBgxoIVfVDleoJ34SjyPL7wI \r\r\nssh-rsa AAAAB3NzaC1yc2EAAAADAQABAAABAQDa7G2No8aYLi4ytFJwMpd3/UDGtj1wo8PM/FmwrBv5p1hpUcjFACieZYUklhaDWH5EUf4lv8zbzE/+BPU2STcKR0FiCityIEGeYWlNkP6ZHjxro/F/s9D1q+VGXFVBUnYG1GDA2Gle5G4QKSBjrgHpgHR0Rojd+ATNmFTN5JyWUVL15RO9A1kQUICP8ygBeXWXn9lP1Vu2mDtbvDbnT/eUCMgmOEKPhA2dq0rIvH14aaJ1VqQT5salcipXOC+c1A5ZaO0hOOvLZ7O1M28BA1LcHpCs94P0G2RZO8MngAlOy0dKiCWePmw3x0w8T3Fm5m8z2HKnNWv6UABbfDzJkIJx \r\r\n-----END SSH HOST KEY KEYS-----\r\r\n[   21.177222] cloud-init[3418]: Cloud-init v. 18.5-2.amzn2 finished at Wed, 01 Jan 2020 22:16:40 +0000. Datasource DataSourceEc2.  Up 21.16 seconds\r\r\n"]
[17.937046, "o", "\u001b[36mwash ❯\u001b[0m "]
[18.28244, "o", "cd"]
[18.403222, "o", " f"]
[18.44981, "o", "s"]
[19.385392, "o", "\r\n"]
[19.8716, "o", "\u001b[36mwash ❯\u001b[0m "]
[20.25745, "o", "ls"]
[20.969381, "o", "\r\n"]
[21.344161, "o", ".autorelabel\r\nbin/\r\nboot/\r\ndev/\r\netc/\r\nhome/\r\nlib/\r\nlib64/\r\nlocal/\r\nmedia/\r\nmnt/\r\nopt/\r\nproc/\r\nroot/\r\nrun/\r\nsbin/\r\nsrv/\r\nsys/\r\ntmp/\r\nusr/\r\nvar/\r\n"]
[21.441909, "o", "\u001b[36mwash ❯\u001b[0m "]
[21.905934, "o", "fi"]
[22.009302, "o", "nd"]
[22.057476, "o", " v"]
[22.121073, "o", "ar"]
[22.24953, "o", "/l"]
[22.257226, "o", "og"]
[22.337279, "o", " -"]
[22.465274, "o", "mt"]
[22.473228, "o", "im"]
[22.586682, "o", "e "]
[22.70593, "o", "-1"]
[22.82605, "o", "h"]
[23.609936, "o", "\r\n"]
[23.886295, "o", "var/log/audit/audit.log\r\n"]
[23.968496, "o", "var/log/cron\r\n"]
[24.047175, "o", "var/log/journal/ec2eb2a972ed3b680c44e709588d1e20/system.journal\r\nvar/log/lastlog\r\nvar/log/messages\r\n"]
[24.182677, "o", "var/log/sa/sa03\r\nvar/log/secure\r\nvar/log/wtmp\r\n"]
[24.325823, "o", "\u001b[36mwash ❯\u001b[0m "]
[24.721174, "o", "ca"]
[24.801924, "o", "t "]
[24.850196, "o", "va"]
[24.921225, "o", "r/"]
[25.058519, "o", "lo"]
[25.060072, "o", "g/"]
[25.14537, "o", "me"]
[25.281887, "o", "ss"]
[25.290351, "o", "ag"]
[25.386269, "o", "es"]
[26.033552, "o", "\r\n"]
[26.087299, "o", "Jan  1 22:16:20 ip-172-31-21-36 journal: Runtime journal is using 6.1M (max allowed 49.1M, trying to leave 73.7M free of 485.6M available → current limit 49.1M).\r\nJan  1 22:16:20 ip-172-31-21-36 kernel: Linux version 4.14.152-127.182.amzn2.x86_64 (mockbuild@ip-10-0-1-129) (gcc version 7.3.1 20180712 (Red Hat 7.3.1-6) (GCC)) #1 SMP Thu Nov 14 17:32:43 UTC 2019\r\nJan  1 22:16:20 ip-172-31-21-36 kernel: Command line: BOOT_IMAGE=/boot/vmlinuz-4.14.152-127.182.amzn2.x86_64 root=UUID=e8f49d85-e739-436f-82ed-d474016253fe ro console=tty0 console=ttyS0,115200n8 net.ifnames=0 biosdevname=0 nvme_core.io_timeout=4294967295 rd.emergency=poweroff rd.shell=0\r\nJan  1 22:16:20 ip-172-31-21-36 kernel: x86/fpu: Supporting XSAVE feature 0x001: 'x87 floating point registers'\r\nJan  1 22:16:20 ip-172-31-21-36 kernel: x86/fpu: Supporting XSAVE feature 0x002: 'SSE registers'\r\nJan  1 22:16:20 ip-172-31-21-36 kernel: x86/fpu: Supporting XSAVE feature 0x004: 'AVX registers'\r\nJan  1 22:16:20 ip-172-31-21-36 kernel: x86/fpu: xstate_offse"]
[26.087508, "o", "t[2]:  576, xstate_sizes[2]:  256\r\nJan  1 22:16:20 ip-172-31-21-36 kernel: x86/fpu: Enabled xstate features 0x7, context size is 832 bytes, using 'standard' format.\r\nJan  1 22:16:20 ip-172-31-21-36 kernel: e820: BIOS-provided physical RAM map:\r\nJan  1 22:16:20 ip-172-31-21-36 kernel: BIOS-e820: [mem 0x0000000000000000-0x000000000009dfff] usable\r\nJan  1 22:16:20 ip-172-31-21-36 kernel: BIOS-e820: [mem 0x000000000009e000-0x000000000009ffff] reserved\r\nJan  1 22:16:20 ip-172-31-21-36 kernel: BIOS-e820: [mem 0x00000000000e0000-0x00000000000fffff] reserved\r\nJan  1 22:16:20 ip-172-31-21-36 kernel: BIOS-e820: [mem 0x0000000000100000-0x000000003fffffff] usable\r\nJan  1 22:16:20 ip-172-31-21-36 kernel: BIOS-e820: [mem 0x00000000fc000000-0x00000000ffffffff] reserved\r\nJan  1 22:16:20 ip-172-31-21-36 kernel: NX (Execute Disable) protection: active\r\nJan  1 22:16:20 ip-172-31-21-36 kernel: SMBIOS 2.7 present.\r\nJan  1 22:16:20 ip-172-31-21-36 kernel: DMI: Xen HVM domU, BIOS 4.2.amazon 08/24/2006\r\nJan  1 22:16:20 ip-172-31-21-"]
[26.087628, "o", "36 kernel: Hypervisor detected: Xen HVM\r\nJan  1 22:16:20 ip-172-31-21-36 kernel: Xen version 4.2.\r\nJan  1 22:16:20 ip-172-31-21-36 kernel: Netfront and the Xen platform PCI driver have been compiled for this kernel: unplug emulated NICs.\r\nJan  1 22:16:20 ip-172-31-21-36 kernel: Blkfront and the Xen platform PCI driver have been compiled for this kernel: unplug emulated disks.#012You might have to change the root device#012from /dev/hd[a-d] to /dev/xvd[a-d]#012in your root= kernel command line option\r\nJan  1 22:16:20 ip-172-31-21-36 kernel: tsc: Fast TSC calibration using PIT\r\nJan  1 22:16:20 ip-172-31-21-36 kernel: e820: last_pfn = 0x40000 max_arch_pfn = 0x400000000\r\nJan  1 22:16:20 ip-172-31-21-36 kernel: x86/PAT: Configuration [0-7]: WB  WC  UC- UC  WB  WP  UC- WT  \r\nJan  1 22:16:20 ip-172-31-21-36 kernel: found SMP MP-table at [mem 0x000fbc50-0x000fbc5f]\r\nJan  1 22:16:20 ip-172-31-21-36 kernel: Scanning 1 areas for low memory corruption\r\nJan  1 22:16:20 ip-172-31-21-36 kernel: RAMDISK: [mem 0x34405000-0x36"]
[26.087757, "o", "1fafff]\r\nJan  1 22:16:20 ip-172-31-21-36 kernel: ACPI: Early table checksum verification disabled\r\nJan  1 22:16:20 ip-172-31-21-36 kernel: ACPI: RSDP 0x00000000000EA020 000024 (v02 Xen   )\r\nJan  1 22:16:20 ip-172-31-21-36 kernel: ACPI: XSDT 0x00000000FC00E2A0 000054 (v01 Xen    HVM      00000000 HVML 00000000)\r\nJan  1 22:16:20 ip-172-31-21-36 kernel: ACPI: FACP 0x00000000FC00DF60 0000F4 (v04 Xen    HVM      00000000 HVML 00000000)\r\nJan  1 22:16:20 ip-172-31-21-36 kernel: ACPI: DSDT 0x00000000FC0021C0 00BD19 (v02 Xen    HVM      00000000 INTL 20090123)\r\nJan  1 22:16:20 ip-172-31-21-36 kernel: ACPI: FACS 0x00000000FC002180 000040\r\nJan  1 22:16:20 ip-172-31-21-36 kernel: ACPI: FACS 0x00000000FC002180 000040\r\nJan  1 22:16:20 ip-172-31-21-36 kernel: ACPI: APIC 0x00000000FC00E060 0000D8 (v02 Xen    HVM      00000000 HVML 00000000)\r\nJan  1 22:16:20 ip-172-31-21-36 kernel: ACPI: HPET 0x00000000FC00E1B0 000038 (v01 Xen    HVM      00000000 HVML 00000000)\r\nJan  1 22:16:20 ip-172-31-21-36 kernel: ACPI: WAET 0x00000000FC"]
[26.087863, "o", "00E1F0 000028 (v01 Xen    HVM      00000000 HVML 00000000)\r\nJan  1 22:16:20 ip-172-31-21-36 kernel: ACPI: SSDT 0x00000000FC00E220 000031 (v02 Xen    HVM      00000000 INTL 20090123)\r\nJan  1 22:16:20 ip-172-31-21-36 kernel: ACPI: SSDT 0x00000000FC00E260 000033 (v02 Xen    HVM      00000000 INTL 20090123)\r\nJan  1 22:16:20 ip-172-31-21-36 kernel: No NUMA configuration found\r\nJan  1 22:16:20 ip-172-31-21-36 kernel: Faking a node at [mem 0x0000000000000000-0x000000003fffffff]\r\nJan  1 22:16:20 ip-172-31-21-36 kernel: NODE_DATA(0) allocated [mem 0x3ffde000-0x3fffffff]\r\nJan  1 22:16:20 ip-172-31-21-36 kernel: Zone ranges:\r\nJan  1 22:16:20 ip-172-31-21-36 kernel:  DMA      [mem 0x0000000000001000-0x0000000000ffffff]\r\nJan  1 22:16:20 ip-172-31-21-36 kernel:  DMA32    [mem 0x0000000001000000-0x000000003fffffff]\r\nJan  1 22:16:20 ip-172-31-21-36 kernel:  Normal   empty\r\nJan  1 22:16:20 ip-172-31-21-36 kernel: Movable zone start for each node\r\nJan  1 22:16:20 ip-172-31-21-36 kernel: Early memory node ranges\r\nJan  1 22:16:2"]
[26.088004, "o", "0 ip-172-31-21-36 kernel:  node   0: [mem 0x0000000000001000-0x000000000009dfff]\r\nJan  1 22:16:20 ip-172-31-21-36 kernel:  node   0: [mem 0x0000000000100000-0x000000003fffffff]\r\nJan  1 22:16:20 ip-172-31-21-36 kernel: Initmem setup node 0 [mem 0x0000000000001000-0x000000003fffffff]\r\nJan  1 22:16:20 ip-172-31-21-36 kernel: ACPI: PM-Timer IO Port: 0xb008\r\nJan  1 22:16:20 ip-172-31-21-36 kernel: IOAPIC[0]: apic_id 1, version 17, address 0xfec00000, GSI 0-47\r\nJan  1 22:16:20 ip-172-31-21-36 kernel: ACPI: INT_SRC_OVR (bus 0 bus_irq 0 global_irq 2 dfl dfl)\r\nJan  1 22:16:20 ip-172-31-21-36 kernel: ACPI: INT_SRC_OVR (bus 0 bus_irq 5 global_irq 5 low level)\r\nJan  1 22:16:20 ip-172-31-21-36 kernel: ACPI: INT_SRC_OVR (bus 0 bus_irq 10 global_irq 10 low level)\r\nJan  1 22:16:20 ip-172-31-21-36 kernel: ACPI: INT_SRC_OVR (bus 0 bus_irq 11 global_irq 11 low level)\r\nJan  1 22:16:20 ip-172-31-21-36 kernel: Using ACPI (MADT) for SMP configuration information\r\nJan  1 22:16:20 ip-172-31-21-36 kernel: ACPI: HPET id: 0x8086a201 bas"]
[26.088124, "o", "e: 0xfed00000\r\nJan  1 22:16:20 ip-172-31-21-36 kernel: smpboot: Allowing 15 CPUs, 14 hotplug CPUs\r\nJan  1 22:16:20 ip-172-31-21-36 kernel: PM: Registered nosave memory: [mem 0x00000000-0x00000fff]\r\nJan  1 22:16:20 ip-172-31-21-36 kernel: PM: Registered nosave memory: [mem 0x0009e000-0x0009ffff]\r\nJan  1 22:16:20 ip-172-31-21-36 kernel: PM: Registered nosave memory: [mem 0x000a0000-0x000dffff]\r\nJan  1 22:16:20 ip-172-31-21-36 kernel: PM: Registered nosave memory: [mem 0x000e0000-0x000fffff]\r\nJan  1 22:16:20 ip-172-31-21-36 kernel: e820: [mem 0x40000000-0xfbffffff] available for PCI devices\r\nJan  1 22:16:20 ip-172-31-21-36 kernel: Booting paravirtualized kernel on Xen HVM\r\nJan  1 22:16:20 ip-172-31-21-36 kernel: clocksource: refined-jiffies: mask: 0xffffffff max_cycles: 0xffffffff, max_idle_ns: 7645519600211568 ns\r\nJan  1 22:16:20 ip-172-31-21-36 kernel: random: get_random_bytes called from start_kernel+0x94/0x4c8 with crng_init=0\r\nJan  1 22:16:20 ip-172-31-21-36 kernel: setup_percpu: NR_CPUS:8192 nr_cpumask_bit"]
[26.08828, "o", "s:15 nr_cpu_ids:15 nr_node_ids:1\r\nJan  1 22:16:20 ip-172-31-21-36 kernel: percpu: Embedded 44 pages/cpu s140504 r8192 d31528 u262144\r\nJan  1 22:16:20 ip-172-31-21-36 kernel: PV qspinlock hash table entries: 256 (order: 0, 4096 bytes)\r\nJan  1 22:16:20 ip-172-31-21-36 kernel: Built 1 zonelists, mobility grouping on.  Total pages: 257928\r\nJan  1 22:16:20 ip-172-31-21-36 kernel: Policy zone: DMA32\r\nJan  1 22:16:20 ip-172-31-21-36 kernel: Kernel command line: BOOT_IMAGE=/boot/vmlinuz-4.14.152-127.182.amzn2.x86_64 root=UUID=e8f49d85-e739-436f-82ed-d474016253fe ro console=tty0 console=ttyS0,115200n8 net.ifnames=0 biosdevname=0 nvme_core.io_timeout=4294967295 rd.emergency=poweroff rd.shell=0\r\nJan  1 22:16:20 ip-172-31-21-36 kernel: PID hash table entries: 4096 (order: 3, 32768 bytes)\r\nJan  1 22:16:20 ip-172-31-21-36 kernel: Memory: 971172K/1048180K available (10252K kernel code, 1957K rwdata, 2768K rodata, 2080K init, 3924K bss, 77008K reserved, 0K cma-reserved)\r\nJan  1 22:16:20 ip-172-31-21-36 kernel: SLUB: HWalign="]
[26.08841, "o", "64, Order=0-3, MinObjects=0, CPUs=15, Nodes=1\r\nJan  1 22:16:20 ip-172-31-21-36 kernel: Kernel/User page tables isolation: enabled\r\nJan  1 22:16:20 ip-172-31-21-36 kernel: ftrace: allocating 26630 entries in 105 pages\r\nJan  1 22:16:20 ip-172-31-21-36 kernel: Hierarchical RCU implementation.\r\nJan  1 22:16:20 ip-172-31-21-36 kernel: #011RCU restricting CPUs from NR_CPUS=8192 to nr_cpu_ids=15.\r\nJan  1 22:16:20 ip-172-31-21-36 kernel: RCU: Adjusting geometry for rcu_fanout_leaf=16, nr_cpu_ids=15\r\nJan  1 22:16:20 ip-172-31-21-36 kernel: NR_IRQS: 524544, nr_irqs: 952, preallocated irqs: 16\r\nJan  1 22:16:20 ip-172-31-21-36 kernel: xen:events: Using 2-level ABI\r\nJan  1 22:16:20 ip-172-31-21-36 kernel: xen:events: Xen HVM callback vector for event delivery is enabled\r\nJan  1 22:16:20 ip-172-31-21-36 kernel: Console: colour VGA+ 80x25\r\nJan  1 22:16:20 ip-172-31-21-36 kernel: console [tty0] enabled\r\nJan  1 22:16:20 ip-172-31-21-36 kernel: Cannot get hvm parameter CONSOLE_EVTCHN (18): -22!\r\nJan  1 22:16:20 ip-172-31-21-36"]
[26.088535, "o", " kernel: console [ttyS0] enabled\r\nJan  1 22:16:20 ip-172-31-21-36 kernel: clocksource: hpet: mask: 0xffffffff max_cycles: 0xffffffff, max_idle_ns: 30580167144 ns\r\nJan  1 22:16:20 ip-172-31-21-36 kernel: tsc: Fast TSC calibration using PIT\r\nJan  1 22:16:20 ip-172-31-21-36 kernel: tsc: Detected 2399.940 MHz processor\r\nJan  1 22:16:20 ip-172-31-21-36 kernel: Calibrating delay loop (skipped), value calculated using timer frequency.. 4800.13 BogoMIPS (lpj=9600272)\r\nJan  1 22:16:20 ip-172-31-21-36 kernel: pid_max: default: 32768 minimum: 301\r\nJan  1 22:16:20 ip-172-31-21-36 kernel: ACPI: Core revision 20170728\r\nJan  1 22:16:20 ip-172-31-21-36 kernel: ACPI: 3 ACPI AML tables successfully acquired and loaded\r\nJan  1 22:16:20 ip-172-31-21-36 kernel: Security Framework initialized\r\nJan  1 22:16:20 ip-172-31-21-36 kernel: SELinux:  Initializing.\r\nJan  1 22:16:20 ip-172-31-21-36 kernel: Dentry cache hash table entries: 131072 (order: 8, 1048576 bytes)\r\nJan  1 22:16:20 ip-172-31-21-36 kernel: Inode-cache hash table entrie"]
[26.08869, "o", "s: 65536 (order: 7, 524288 bytes)\r\nJan  1 22:16:20 ip-172-31-21-36 kernel: Mount-cache hash table entries: 2048 (order: 2, 16384 bytes)\r\nJan  1 22:16:20 ip-172-31-21-36 kernel: Mountpoint-cache hash table entries: 2048 (order: 2, 16384 bytes)\r\nJan  1 22:16:20 ip-172-31-21-36 kernel: mce: CPU supports 2 MCE banks\r\nJan  1 22:16:20 ip-172-31-21-36 kernel: Last level iTLB entries: 4KB 1024, 2MB 1024, 4MB 1024\r\nJan  1 22:16:20 ip-172-31-21-36 kernel: Last level dTLB entries: 4KB 1024, 2MB 1024, 4MB 1024, 1GB 4\r\nJan  1 22:16:20 ip-172-31-21-36 kernel: Spectre V1 : Mitigation: usercopy/swapgs barriers and __user pointer sanitization\r\nJan  1 22:16:20 ip-172-31-21-36 kernel: Spectre V2 : Mitigation: Full generic retpoline\r\nJan  1 22:16:20 ip-172-31-21-36 kernel: Spectre V2 : Spectre v2 / SpectreRSB mitigation: Filling RSB on context switch\r\nJan  1 22:16:20 ip-172-31-21-36 kernel: Speculative Store Bypass: Vulnerable\r\nJan  1 22:16:20 ip-172-31-21-36 kernel: MDS: Vulnerable: Clear CPU buffers attempted, no microcode\r\nJa"]
[26.088816, "o", "n  1 22:16:20 ip-172-31-21-36 kernel: smpboot: Max logical packages: 15\r\nJan  1 22:16:20 ip-172-31-21-36 kernel: x2apic: IRQ remapping doesn't support X2APIC mode\r\nJan  1 22:16:20 ip-172-31-21-36 kernel: Switched APIC routing to physical flat.\r\nJan  1 22:16:20 ip-172-31-21-36 kernel: ..TIMER: vector=0x30 apic1=0 pin1=2 apic2=0 pin2=0\r\nJan  1 22:16:20 ip-172-31-21-36 kernel: clocksource: xen: mask: 0xffffffffffffffff max_cycles: 0x1cd42e4dffb, max_idle_ns: 881590591483 ns\r\nJan  1 22:16:20 ip-172-31-21-36 kernel: installing Xen timer for CPU 0\r\nJan  1 22:16:20 ip-172-31-21-36 kernel: smpboot: CPU0: Intel(R) Xeon(R) CPU E5-2676 v3 @ 2.40GHz (family: 0x6, model: 0x3f, stepping: 0x2)\r\nJan  1 22:16:20 ip-172-31-21-36 kernel: cpu 0 spinlock event irq 53\r\nJan  1 22:16:20 ip-172-31-21-36 kernel: Performance Events: unsupported p6 CPU model 63 no PMU driver, software events only.\r\nJan  1 22:16:20 ip-172-31-21-36 kernel: Hierarchical SRCU implementation.\r\nJan  1 22:16:20 ip-172-31-21-36 kernel: NMI watchdog: Perf event "]
[26.088958, "o", "create on CPU 0 failed with -2\r\nJan  1 22:16:20 ip-172-31-21-36 kernel: NMI watchdog: Perf NMI watchdog permanently disabled\r\nJan  1 22:16:20 ip-172-31-21-36 kernel: smp: Bringing up secondary CPUs ...\r\nJan  1 22:16:20 ip-172-31-21-36 kernel: smp: Brought up 1 node, 1 CPU\r\nJan  1 22:16:20 ip-172-31-21-36 kernel: smpboot: Total of 1 processors activated (4800.13 BogoMIPS)\r\nJan  1 22:16:20 ip-172-31-21-36 kernel: devtmpfs: initialized\r\nJan  1 22:16:20 ip-172-31-21-36 kernel: x86/mm: Memory block size: 128MB\r\nJan  1 22:16:20 ip-172-31-21-36 kernel: clocksource: jiffies: mask: 0xffffffff max_cycles: 0xffffffff, max_idle_ns: 7645041785100000 ns\r\nJan  1 22:16:20 ip-172-31-21-36 kernel: futex hash table entries: 4096 (order: 6, 262144 bytes)\r\nJan  1 22:16:20 ip-172-31-21-36 kernel: NET: Registered protocol family 16\r\nJan  1 22:16:20 ip-172-31-21-36 kernel: cpuidle: using governor ladder\r\nJan  1 22:16:20 ip-172-31-21-36 kernel: cpuidle: using governor menu\r\nJan  1 22:16:20 ip-172-31-21-36 kernel: ACPI: bus type PCI r"]
[26.0891, "o", "egistered\r\nJan  1 22:16:20 ip-172-31-21-36 kernel: acpiphp: ACPI Hot Plug PCI Controller Driver version: 0.5\r\nJan  1 22:16:20 ip-172-31-21-36 kernel: PCI: Using configuration type 1 for base access\r\nJan  1 22:16:20 ip-172-31-21-36 kernel: HugeTLB registered 2.00 MiB page size, pre-allocated 0 pages\r\nJan  1 22:16:20 ip-172-31-21-36 kernel: ACPI: Added _OSI(Module Device)\r\nJan  1 22:16:20 ip-172-31-21-36 kernel: ACPI: Added _OSI(Processor Device)\r\nJan  1 22:16:20 ip-172-31-21-36 kernel: ACPI: Added _OSI(3.0 _SCP Extensions)\r\nJan  1 22:16:20 ip-172-31-21-36 kernel: ACPI: Added _OSI(Processor Aggregator Device)\r\nJan  1 22:16:20 ip-172-31-21-36 kernel: ACPI: Interpreter enabled\r\nJan  1 22:16:20 ip-172-31-21-36 kernel: ACPI: (supports S0 S4 S5)\r\nJan  1 22:16:20 ip-172-31-21-36 kernel: ACPI: Using IOAPIC for interrupt routing\r\nJan  1 22:16:20 ip-172-31-21-36 kernel: PCI: Using host bridge windows from ACPI; if necessary, use \"pci=nocrs\" and report a bug\r\nJan  1 22:16:20 ip-172-31-21-36 kernel: ACPI: Enabled 2 GPEs i"]
[26.089181, "o", "n block 00 to 0F\r\nJan  1 22:16:20 ip-172-31-21-36 kernel: ACPI: PCI Root Bridge [PCI0] (domain 0000 [bus 00-ff])\r\nJan  1 22:16:20 ip-172-31-21-36 kernel: acpi PNP0A03:00: _OSC: OS supports [ASPM ClockPM Segments MSI]\r\nJan  1 22:16:20 ip-172-31-21-36 kernel: acpi PNP0A03:00: _OSC failed (AE_NOT_FOUND); disabling ASPM\r\nJan  1 22:16:20 ip-172-31-21-36 kernel: acpi PNP0A03:00: fail to add MMCONFIG information, can't access extended PCI configuration space under this bridge.\r\nJan  1 22:16:20 ip-172-31-21-36 kernel: acpiphp: Slot [0] registered\r\nJan  1 22:16:20 ip-172-31-21-36 kernel: acpiphp: Slot [3] registered\r\nJan  1 22:16:20 ip-172-31-21-36 kernel: acpiphp: Slot [4] registered\r\nJan  1 22:16:20 ip-172-31-21-36 kernel: acpiphp: Slot [5] registered\r\nJan  1 22:16:20 ip-172-31-21-36 kernel: acpiphp: Slot [6] registered\r\nJan  1 22:16:20 ip-172-31-21-36 kernel: acpiphp: Slot [7] registered\r\nJan  1 22:16:20 ip-172-31-21-36 kernel: acpiphp: Slot [8] registered\r\nJan  1 22:16:20 ip-172-31-21-36 kernel: acpiphp: Slot [9] "]
[26.089391, "o", "registered\r\nJan  1 22:16:20 ip-172-31-21-36 kernel: acpiphp: Slot [10] registered\r\nJan  1 22:16:20 ip-172-31-21-36 kernel: acpiphp: Slot [11] registered\r\nJan  1 22:16:20 ip-172-31-21-36 kernel: acpiphp: Slot [12] registered\r\nJan  1 22:16:20 ip-172-31-21-36 kernel: acpiphp: Slot [13] registered\r\nJan  1 22:16:20 ip-172-31-21-36 kernel: acpiphp: Slot [14] registered\r\nJan  1 22:16:20 ip-172-31-21-36 kernel: acpiphp: Slot [15] registered\r\nJan  1 22:16:20 ip-172-31-21-36 kernel: acpiphp: Slot [16] registered\r\nJan  1 22:16:20 ip-172-31-21-36 kernel: acpiphp: Slot [17] registered\r\nJan  1 22:16:20 ip-172-31-21-36 kernel: acpiphp: Slot [18] registered\r\nJan  1 22:16:20 ip-172-31-21-36 kernel: acpiphp: Slot [19] registered\r\nJan  1 22:16:20 ip-172-31-21-36 kernel: acpiphp: Slot [20] registered\r\nJan  1 22:16:20 ip-172-31-21-36 kernel: acpiphp: Slot [21] registered\r\nJan  1 22:16:20 ip-172-31-21-36 kernel: acpiphp: Slot [22] registered\r\nJan  1 22:16:20 ip-172-31-21-36 kernel: acpiphp: Slot [23] registered\r\nJan  1 22:16:20 ip"]
[26.089517, "o", "-172-31-21-36 kernel: acpiphp: Slot [24] registered\r\nJan  1 22:16:20 ip-172-31-21-36 kernel: acpiphp: Slot [25] registered\r\nJan  1 22:16:20 ip-172-31-21-36 kernel: acpiphp: Slot [26] registered\r\nJan  1 22:16:20 ip-172-31-21-36 kernel: acpiphp: Slot [27] registered\r\nJan  1 22:16:20 ip-172-31-21-36 kernel: acpiphp: Slot [28] registered\r\nJan  1 22:16:20 ip-172-31-21-36 kernel: acpiphp: Slot [29] registered\r\nJan  1 22:16:20 ip-172-31-21-36 kernel: acpiphp: Slot [30] registered\r\nJan  1 22:16:20 ip-172-31-21-36 kernel: acpiphp: Slot [31] registered\r\nJan  1 22:16:20 ip-172-31-21-36 kernel: PCI host bridge to bus 0000:00\r\nJan  1 22:16:20 ip-172-31-21-36 kernel: pci_bus 0000:00: root bus resource [io  0x0000-0x0cf7 window]\r\nJan  1 22:16:20 ip-172-31-21-36 kernel: pci_bus 0000:00: root bus resource [io  0x0d00-0xffff window]\r\nJan  1 22:16:20 ip-172-31-21-36 kernel: pci_bus 0000:00: root bus resource [mem 0x000a0000-0x000bffff window]\r\nJan  1 22:16:20 ip-172-31-21-36 kernel: pci_bus 0000:00: root bus resource [mem 0xf00"]
[26.089996, "o", "00000-0xfbffffff window]\r\nJan  1 22:16:20 ip-172-31-21-36 kernel: pci_bus 0000:00: root bus resource [bus 00-ff]\r\nJan  1 22:16:20 ip-172-31-21-36 kernel: pci 0000:00:01.1: legacy IDE quirk: reg 0x10: [io  0x01f0-0x01f7]\r\nJan  1 22:16:20 ip-172-31-21-36 kernel: pci 0000:00:01.1: legacy IDE quirk: reg 0x14: [io  0x03f6]\r\nJan  1 22:16:20 ip-172-31-21-36 kernel: pci 0000:00:01.1: legacy IDE quirk: reg 0x18: [io  0x0170-0x0177]\r\nJan  1 22:16:20 ip-172-31-21-36 kernel: pci 0000:00:01.1: legacy IDE quirk: reg 0x1c: [io  0x0376]\r\nJan  1 22:16:20 ip-172-31-21-36 kernel: * Found PM-Timer Bug on the chipset. Due to workarounds for a bug,#012* this clock source is slow. Consider trying other clock sources\r\nJan  1 22:16:20 ip-172-31-21-36 kernel: pci 0000:00:01.3: quirk: [io  0xb000-0xb03f] claimed by PIIX4 ACPI\r\nJan  1 22:16:20 ip-172-31-21-36 kernel: ACPI: PCI Interrupt Link [LNKA] (IRQs *5 10 11)\r\nJan  1 22:16:20 ip-172-31-21-36 kernel: ACPI: PCI Interrupt Link [LNKB] (IRQs 5 *10 11)\r\nJan  1 22:16:20 ip-172-31-21-36 ke"]
[26.090118, "o", "rnel: ACPI: PCI Interrupt Link [LNKC] (IRQs 5 10 *11)\r\nJan  1 22:16:20 ip-172-31-21-36 kernel: ACPI: PCI Interrupt Link [LNKD] (IRQs *5 10 11)\r\nJan  1 22:16:20 ip-172-31-21-36 kernel: xen:balloon: Initialising balloon driver\r\nJan  1 22:16:20 ip-172-31-21-36 kernel: pci 0000:00:02.0: vgaarb: setting as boot VGA device\r\nJan  1 22:16:20 ip-172-31-21-36 kernel: pci 0000:00:02.0: vgaarb: VGA device added: decodes=io+mem,owns=io+mem,locks=none\r\nJan  1 22:16:20 ip-172-31-21-36 kernel: pci 0000:00:02.0: vgaarb: bridge control possible\r\nJan  1 22:16:20 ip-172-31-21-36 kernel: vgaarb: loaded\r\nJan  1 22:16:20 ip-172-31-21-36 kernel: EDAC MC: Ver: 3.0.0\r\nJan  1 22:16:20 ip-172-31-21-36 kernel: PCI: Using ACPI for IRQ routing\r\nJan  1 22:16:20 ip-172-31-21-36 kernel: NetLabel: Initializing\r\nJan  1 22:16:20 ip-172-31-21-36 kernel: NetLabel:  domain hash size = 128\r\nJan  1 22:16:20 ip-172-31-21-36 kernel: NetLabel:  protocols = UNLABELED CIPSOv4 CALIPSO\r\nJan  1 22:16:20 ip-172-31-21-36 kernel: NetLabel:  unlabeled traffic al"]
[26.090223, "o", "lowed by default\r\nJan  1 22:16:20 ip-172-31-21-36 kernel: HPET: 3 timers in total, 0 timers will be used for per-cpu timer\r\nJan  1 22:16:20 ip-172-31-21-36 kernel: hpet0: at MMIO 0xfed00000, IRQs 2, 8, 0\r\nJan  1 22:16:20 ip-172-31-21-36 kernel: hpet0: 3 comparators, 64-bit 62.500000 MHz counter\r\nJan  1 22:16:20 ip-172-31-21-36 kernel: clocksource: Switched to clocksource xen\r\nJan  1 22:16:20 ip-172-31-21-36 kernel: VFS: Disk quotas dquot_6.6.0\r\nJan  1 22:16:20 ip-172-31-21-36 kernel: VFS: Dquot-cache hash table entries: 512 (order 0, 4096 bytes)\r\nJan  1 22:16:20 ip-172-31-21-36 kernel: pnp: PnP ACPI init\r\nJan  1 22:16:20 ip-172-31-21-36 kernel: system 00:00: [mem 0x00000000-0x0009ffff] could not be reserved\r\nJan  1 22:16:20 ip-172-31-21-36 kernel: system 00:01: [io  0x08a0-0x08a3] has been reserved\r\nJan  1 22:16:20 ip-172-31-21-36 kernel: system 00:01: [io  0x0cc0-0x0ccf] has been reserved\r\nJan  1 22:16:20 ip-172-31-21-36 kernel: system 00:01: [io  0x04d0-0x04d1] has been reserved\r\nJan  1 22:16:20 ip-172-31-2"]
[26.090318, "o", "1-36 kernel: system 00:07: [io  0x10c0-0x1141] has been reserved\r\nJan  1 22:16:20 ip-172-31-21-36 kernel: system 00:07: [io  0xb044-0xb047] has been reserved\r\nJan  1 22:16:20 ip-172-31-21-36 kernel: pnp: PnP ACPI: found 8 devices\r\nJan  1 22:16:20 ip-172-31-21-36 kernel: clocksource: acpi_pm: mask: 0xffffff max_cycles: 0xffffff, max_idle_ns: 2085701024 ns\r\nJan  1 22:16:20 ip-172-31-21-36 kernel: NET: Registered protocol family 2\r\nJan  1 22:16:20 ip-172-31-21-36 kernel: TCP established hash table entries: 8192 (order: 4, 65536 bytes)\r\nJan  1 22:16:20 ip-172-31-21-36 kernel: TCP bind hash table entries: 8192 (order: 5, 131072 bytes)\r\nJan  1 22:16:20 ip-172-31-21-36 kernel: TCP: Hash tables configured (established 8192 bind 8192)\r\nJan  1 22:16:20 ip-172-31-21-36 kernel: UDP hash table entries: 512 (order: 2, 16384 bytes)\r\nJan  1 22:16:20 ip-172-31-21-36 kernel: UDP-Lite hash table entries: 512 (order: 2, 16384 bytes)\r\nJan  1 22:16:20 ip-172-31-21-36 kernel: NET: Registered protocol family 1\r\nJan  1 22:16:20 ip-17"]
[26.090431, "o", "2-31-21-36 kernel: pci 0000:00:00.0: Limiting direct PCI/PCI transfers\r\nJan  1 22:16:20 ip-172-31-21-36 kernel: pci 0000:00:01.0: PIIX3: Enabling Passive Release\r\nJan  1 22:16:20 ip-172-31-21-36 kernel: pci 0000:00:01.0: Activating ISA DMA hang workarounds\r\nJan  1 22:16:20 ip-172-31-21-36 kernel: pci 0000:00:02.0: Video device with shadowed ROM at [mem 0x000c0000-0x000dffff]\r\nJan  1 22:16:20 ip-172-31-21-36 kernel: Unpacking initramfs...\r\nJan  1 22:16:20 ip-172-31-21-36 kernel: random: fast init done\r\nJan  1 22:16:20 ip-172-31-21-36 kernel: Freeing initrd memory: 30680K\r\nJan  1 22:16:20 ip-172-31-21-36 kernel: Scanning for low memory corruption every 60 seconds\r\nJan  1 22:16:20 ip-172-31-21-36 kernel: audit: initializing netlink subsys (disabled)\r\nJan  1 22:16:20 ip-172-31-21-36 kernel: Initialise system trusted keyrings\r\nJan  1 22:16:20 ip-172-31-21-36 kernel: Key type blacklist registered\r\nJan  1 22:16:20 ip-172-31-21-36 kernel: audit: type=2000 audit(1577916980.129:1): state=initialized audit_enabled=0 res"]
[26.090534, "o", "=1\r\nJan  1 22:16:20 ip-172-31-21-36 kernel: workingset: timestamp_bits=36 max_order=18 bucket_order=0\r\nJan  1 22:16:20 ip-172-31-21-36 kernel: zbud: loaded\r\nJan  1 22:16:20 ip-172-31-21-36 kernel: Key type asymmetric registered\r\nJan  1 22:16:20 ip-172-31-21-36 kernel: Asymmetric key parser 'x509' registered\r\nJan  1 22:16:20 ip-172-31-21-36 kernel: Block layer SCSI generic (bsg) driver version 0.4 loaded (major 251)\r\nJan  1 22:16:20 ip-172-31-21-36 kernel: io scheduler noop registered (default)\r\nJan  1 22:16:20 ip-172-31-21-36 kernel: io scheduler cfq registered\r\nJan  1 22:16:20 ip-172-31-21-36 kernel: crc32: CRC_LE_BITS = 64, CRC_BE BITS = 64\r\nJan  1 22:16:20 ip-172-31-21-36 kernel: crc32: self tests passed, processed 225944 bytes in 161740 nsec\r\nJan  1 22:16:20 ip-172-31-21-36 kernel: crc32c: CRC_LE_BITS = 64\r\nJan  1 22:16:20 ip-172-31-21-36 kernel: crc32c: self tests passed, processed 225944 bytes in 90112 nsec\r\nJan  1 22:16:20 ip-172-31-21-36 kernel: crc32_combine: 8373 self tests passed\r\nJan  1 22:16:20 i"]
[26.09069, "o", "p-172-31-21-36 kernel: crc32c_combine: 8373 self tests passed\r\nJan  1 22:16:20 ip-172-31-21-36 kernel: xen:grant_table: Grant tables using version 1 layout\r\nJan  1 22:16:20 ip-172-31-21-36 kernel: Grant table initialized\r\nJan  1 22:16:20 ip-172-31-21-36 kernel: Cannot get hvm parameter CONSOLE_EVTCHN (18): -22!\r\nJan  1 22:16:20 ip-172-31-21-36 kernel: Serial: 8250/16550 driver, 4 ports, IRQ sharing disabled\r\nJan  1 22:16:20 ip-172-31-21-36 kernel: 00:06: ttyS0 at I/O 0x3f8 (irq = 4, base_baud = 115200) is a 16550A\r\nJan  1 22:16:20 ip-172-31-21-36 kernel: xen_netfront: Initialising Xen virtual ethernet driver\r\nJan  1 22:16:20 ip-172-31-21-36 kernel: i8042: PNP: PS/2 Controller [PNP0303:PS2K,PNP0f13:PS2M] at 0x60,0x64 irq 1,12\r\nJan  1 22:16:20 ip-172-31-21-36 kernel: serio: i8042 KBD port at 0x60,0x64 irq 1\r\nJan  1 22:16:20 ip-172-31-21-36 kernel: serio: i8042 AUX port at 0x60,0x64 irq 12\r\nJan  1 22:16:20 ip-172-31-21-36 kernel: input: AT Translated Set 2 keyboard as /devices/platform/i8042/serio0/input/input0\r"]
[26.090834, "o", "\r\nJan  1 22:16:20 ip-172-31-21-36 kernel: rtc_cmos 00:02: rtc core: registered rtc_cmos as rtc0\r\nJan  1 22:16:20 ip-172-31-21-36 kernel: rtc_cmos 00:02: alarms up to one day, 114 bytes nvram, hpet irqs\r\nJan  1 22:16:20 ip-172-31-21-36 kernel: hidraw: raw HID events driver (C) Jiri Kosina\r\nJan  1 22:16:20 ip-172-31-21-36 kernel: NET: Registered protocol family 17\r\nJan  1 22:16:20 ip-172-31-21-36 kernel: sched_clock: Marking stable (1382401877, 0)->(2294249006, -911847129)\r\nJan  1 22:16:20 ip-172-31-21-36 kernel: registered taskstats version 1\r\nJan  1 22:16:20 ip-172-31-21-36 kernel: Loading compiled-in X.509 certificates\r\nJan  1 22:16:20 ip-172-31-21-36 kernel: Loaded X.509 cert 'Build time autogenerated kernel key: 0d2a00b147a8b2b206eebc90282606f394d9bd49'\r\nJan  1 22:16:20 ip-172-31-21-36 kernel: zswap: loaded using pool lzo/zbud\r\nJan  1 22:16:20 ip-172-31-21-36 kernel: ima: No TPM chip found, activating TPM-bypass! (rc=-19)\r\nJan  1 22:16:20 ip-172-31-21-36 kernel: ima: Allocated hash algorithm: sha1\r\nJan  1 "]
[26.090958, "o", "22:16:20 ip-172-31-21-36 kernel: xenbus_probe_frontend: Device with no driver: device/vbd/51712\r\nJan  1 22:16:20 ip-172-31-21-36 kernel: rtc_cmos 00:02: setting system clock to 2020-01-01 22:16:20 UTC (1577916980)\r\nJan  1 22:16:20 ip-172-31-21-36 kernel: Freeing unused kernel memory: 2080K\r\nJan  1 22:16:20 ip-172-31-21-36 kernel: Write protecting the kernel read-only data: 16384k\r\nJan  1 22:16:20 ip-172-31-21-36 kernel: Freeing unused kernel memory: 2016K\r\nJan  1 22:16:20 ip-172-31-21-36 kernel: Freeing unused kernel memory: 1328K\r\nJan  1 22:16:20 ip-172-31-21-36 systemd[1]: Inserted module 'autofs4'\r\nJan  1 22:16:20 ip-172-31-21-36 kernel: NET: Registered protocol family 10\r\nJan  1 22:16:20 ip-172-31-21-36 kernel: Segment Routing with IPv6\r\nJan  1 22:16:20 ip-172-31-21-36 systemd[1]: Inserted module 'ipv6'\r\nJan  1 22:16:20 ip-172-31-21-36 kernel: random: systemd: uninitialized urandom read (16 bytes read)\r\nJan  1 22:16:20 ip-172-31-21-36 kernel: random: systemd: uninitialized urandom read (16 bytes read)\r\nJa"]
[26.091084, "o", "n  1 22:16:20 ip-172-31-21-36 kernel: random: systemd: uninitialized urandom read (16 bytes read)\r\nJan  1 22:16:20 ip-172-31-21-36 systemd[1]: systemd 219 running in system mode. (+PAM +AUDIT +SELINUX +IMA -APPARMOR +SMACK +SYSVINIT +UTMP +LIBCRYPTSETUP +GCRYPT +GNUTLS +ACL +XZ +LZ4 -SECCOMP +BLKID +ELFUTILS +KMOD +IDN)\r\nJan  1 22:16:20 ip-172-31-21-36 systemd[1]: Detected virtualization xen.\r\nJan  1 22:16:20 ip-172-31-21-36 systemd[1]: Detected architecture x86-64.\r\nJan  1 22:16:20 ip-172-31-21-36 systemd[1]: Running in initial RAM disk.\r\nJan  1 22:16:20 ip-172-31-21-36 systemd[1]: No hostname configured.\r\nJan  1 22:16:20 ip-172-31-21-36 systemd[1]: Set hostname to <localhost>.\r\nJan  1 22:16:20 ip-172-31-21-36 systemd[1]: Initializing machine ID from random generator.\r\nJan  1 22:16:20 ip-172-31-21-36 systemd[1]: Reached target Local File Systems.\r\nJan  1 22:16:20 ip-172-31-21-36 systemd[1]: Starting Local File Systems.\r\nJan  1 22:16:20 ip-172-31-21-36 systemd[1]: Reached target Timers.\r\nJan  1 22:16:20 ip-17"]
[26.091187, "o", "2-31-21-36 journal: Journal started\r\nJan  1 22:16:20 ip-172-31-21-36 systemd: Started Setup Virtual Console.\r\nJan  1 22:16:20 ip-172-31-21-36 systemd: Started Create list of required static device nodes for the current kernel.\r\nJan  1 22:16:20 ip-172-31-21-36 systemd: Started Apply Kernel Variables.\r\nJan  1 22:16:20 ip-172-31-21-36 systemd: Starting Create Static Device Nodes in /dev...\r\nJan  1 22:16:20 ip-172-31-21-36 systemd: Started Create Static Device Nodes in /dev.\r\nJan  1 22:16:20 ip-172-31-21-36 kernel: tsc: Refined TSC clocksource calibration: 2400.001 MHz\r\nJan  1 22:16:20 ip-172-31-21-36 kernel: clocksource: tsc: mask: 0xffffffffffffffff max_cycles: 0x22983858435, max_idle_ns: 440795258295 ns\r\nJan  1 22:16:20 ip-172-31-21-36 systemd: Started dracut cmdline hook.\r\nJan  1 22:16:20 ip-172-31-21-36 systemd: Starting dracut pre-udev hook...\r\nJan  1 22:16:20 ip-172-31-21-36 kernel: device-mapper: uevent: version 1.0.3\r\nJan  1 22:16:20 ip-172-31-21-36 kernel: device-mapper: ioctl: 4.37.0-ioctl (2017-09-20)"]
[26.091309, "o", " initialised: dm-devel@redhat.com\r\nJan  1 22:16:20 ip-172-31-21-36 systemd: Started dracut pre-udev hook.\r\nJan  1 22:16:20 ip-172-31-21-36 systemd: Starting udev Kernel Device Manager...\r\nJan  1 22:16:21 ip-172-31-21-36 systemd-udevd: starting version 219\r\nJan  1 22:16:21 ip-172-31-21-36 systemd-udevd: Network interface NamePolicy= disabled on kernel command line, ignoring.\r\nJan  1 22:16:21 ip-172-31-21-36 systemd: Started udev Kernel Device Manager.\r\nJan  1 22:16:21 ip-172-31-21-36 systemd: Starting dracut pre-trigger hook...\r\nJan  1 22:16:21 ip-172-31-21-36 systemd: Started dracut pre-trigger hook.\r\nJan  1 22:16:21 ip-172-31-21-36 systemd: Starting udev Coldplug all Devices...\r\nJan  1 22:16:21 ip-172-31-21-36 systemd-udevd: Network interface NamePolicy= disabled on kernel command line, ignoring.\r\nJan  1 22:16:21 ip-172-31-21-36 systemd: Started udev Coldplug all Devices.\r\nJan  1 22:16:21 ip-172-31-21-36 systemd: Starting dracut initqueue hook...\r\nJan  1 22:16:21 ip-172-31-21-36 systemd: Starting Show Plymou"]
[26.091382, "o", "th Boot Screen...\r\nJan  1 22:16:21 ip-172-31-21-36 systemd: Reached target System Initialization.\r\nJan  1 22:16:21 ip-172-31-21-36 systemd: Starting System Initialization.\r\nJan  1 22:16:21 ip-172-31-21-36 systemd: Received SIGRTMIN+20 from PID 1715 (plymouthd).\r\nJan  1 22:16:21 ip-172-31-21-36 systemd: Started Show Plymouth Boot Screen.\r\nJan  1 22:16:21 ip-172-31-21-36 systemd: Reached target Paths.\r\nJan  1 22:16:21 ip-172-31-21-36 systemd: Starting Paths.\r\nJan  1 22:16:21 ip-172-31-21-36 systemd: Started Forward Password Requests to Plymouth Directory Watch.\r\nJan  1 22:16:21 ip-172-31-21-36 systemd: Starting Forward Password Requests to Plymouth Directory Watch.\r\nJan  1 22:16:21 ip-172-31-21-36 systemd: Reached target Basic System.\r\nJan  1 22:16:21 ip-172-31-21-36 systemd: Starting Basic System.\r\nJan  1 22:16:21 ip-172-31-21-36 kernel: SCSI subsystem initialized\r\nJan  1 22:16:21 ip-172-31-21-36 kernel: Invalid max_queues (4), will use default max: 1.\r\nJan  1 22:16:21 ip-172-31-21-36 kernel: AVX2 version of g"]
[26.091518, "o", "cm_enc/dec engaged.\r\nJan  1 22:16:21 ip-172-31-21-36 kernel: AES CTR mode by8 optimization enabled\r\nJan  1 22:16:21 ip-172-31-21-36 kernel: scsi host0: ata_piix\r\nJan  1 22:16:21 ip-172-31-21-36 kernel: scsi host1: ata_piix\r\nJan  1 22:16:21 ip-172-31-21-36 kernel: ata1: PATA max MWDMA2 cmd 0x1f0 ctl 0x3f6 bmdma 0xc100 irq 14\r\nJan  1 22:16:21 ip-172-31-21-36 kernel: ata2: PATA max MWDMA2 cmd 0x170 ctl 0x376 bmdma 0xc108 irq 15\r\nJan  1 22:16:21 ip-172-31-21-36 kernel: alg: No test for pcbc(aes) (pcbc-aes-aesni)\r\nJan  1 22:16:21 ip-172-31-21-36 kernel: blkfront: xvda: barrier or flush: disabled; persistent grants: disabled; indirect descriptors: enabled;\r\nJan  1 22:16:21 ip-172-31-21-36 kernel: xvda: xvda1\r\nJan  1 22:16:21 ip-172-31-21-36 systemd: Found device /dev/disk/by-uuid/e8f49d85-e739-436f-82ed-d474016253fe.\r\nJan  1 22:16:21 ip-172-31-21-36 systemd: Starting File System Check on /dev/disk/by-uuid/e8f49d85-e739-436f-82ed-d474016253fe...\r\nJan  1 22:16:21 ip-172-31-21-36 systemd-fsck: /usr/sbin/fsck.xfs: XFS "]
[26.091632, "o", "file system.\r\nJan  1 22:16:21 ip-172-31-21-36 systemd: Started File System Check on /dev/disk/by-uuid/e8f49d85-e739-436f-82ed-d474016253fe.\r\nJan  1 22:16:21 ip-172-31-21-36 systemd: Started dracut initqueue hook.\r\nJan  1 22:16:21 ip-172-31-21-36 systemd: Starting dracut pre-mount hook...\r\nJan  1 22:16:21 ip-172-31-21-36 systemd: Reached target Remote File Systems (Pre).\r\nJan  1 22:16:21 ip-172-31-21-36 systemd: Starting Remote File Systems (Pre).\r\nJan  1 22:16:21 ip-172-31-21-36 systemd: Reached target Remote File Systems.\r\nJan  1 22:16:21 ip-172-31-21-36 systemd: Starting Remote File Systems.\r\nJan  1 22:16:21 ip-172-31-21-36 systemd: Started dracut pre-mount hook.\r\nJan  1 22:16:21 ip-172-31-21-36 systemd: Mounting /sysroot...\r\nJan  1 22:16:21 ip-172-31-21-36 kernel: SGI XFS with ACLs, security attributes, no debug enabled\r\nJan  1 22:16:21 ip-172-31-21-36 kernel: XFS (xvda1): Mounting V5 Filesystem\r\nJan  1 22:16:22 ip-172-31-21-36 systemd: Mounted /sysroot.\r\nJan  1 22:16:22 ip-172-31-21-36 kernel: XFS (xvda1)"]
[26.091754, "o", ": Ending clean mount\r\nJan  1 22:16:22 ip-172-31-21-36 systemd: Reached target Initrd Root File System.\r\nJan  1 22:16:22 ip-172-31-21-36 systemd: Starting Initrd Root File System.\r\nJan  1 22:16:22 ip-172-31-21-36 systemd: Starting Reload Configuration from the Real Root...\r\nJan  1 22:16:22 ip-172-31-21-36 systemd: Reloading.\r\nJan  1 22:16:22 ip-172-31-21-36 systemd: Started Reload Configuration from the Real Root.\r\nJan  1 22:16:22 ip-172-31-21-36 systemd: Reached target Initrd File Systems.\r\nJan  1 22:16:22 ip-172-31-21-36 systemd: Starting Initrd File Systems.\r\nJan  1 22:16:22 ip-172-31-21-36 systemd: Reached target Initrd Default Target.\r\nJan  1 22:16:22 ip-172-31-21-36 systemd: Starting Initrd Default Target.\r\nJan  1 22:16:22 ip-172-31-21-36 systemd: Starting dracut pre-pivot and cleanup hook...\r\nJan  1 22:16:22 ip-172-31-21-36 systemd: Started dracut pre-pivot and cleanup hook.\r\nJan  1 22:16:22 ip-172-31-21-36 systemd: Starting Cleaning Up and Shutting Down Daemons...\r\nJan  1 22:16:22 ip-172-31-21-36 syste"]
[26.091848, "o", "md: Stopped Cleaning Up and Shutting Down Daemons.\r\nJan  1 22:16:22 ip-172-31-21-36 systemd: Stopped dracut pre-pivot and cleanup hook.\r\nJan  1 22:16:22 ip-172-31-21-36 systemd: Stopping dracut pre-pivot and cleanup hook...\r\nJan  1 22:16:22 ip-172-31-21-36 systemd: Stopped target Initrd Default Target.\r\nJan  1 22:16:22 ip-172-31-21-36 systemd: Stopping Initrd Default Target.\r\nJan  1 22:16:22 ip-172-31-21-36 systemd: Starting Plymouth switch root service...\r\nJan  1 22:16:22 ip-172-31-21-36 systemd: Stopped target Basic System.\r\nJan  1 22:16:22 ip-172-31-21-36 systemd: Stopping Basic System.\r\nJan  1 22:16:22 ip-172-31-21-36 systemd: Stopped target Paths.\r\nJan  1 22:16:22 ip-172-31-21-36 systemd: Stopping Paths.\r\nJan  1 22:16:22 ip-172-31-21-36 systemd: Stopped target Sockets.\r\nJan  1 22:16:22 ip-172-31-21-36 systemd: Stopping Sockets.\r\nJan  1 22:16:22 ip-172-31-21-36 systemd: Stopped target System Initialization.\r\nJan  1 22:16:22 ip-172-31-21-36 systemd: Stopping System Initialization.\r\nJan  1 22:16:22 ip-172-3"]
[26.09195, "o", "1-21-36 systemd: Stopped Apply Kernel Variables.\r\nJan  1 22:16:22 ip-172-31-21-36 systemd: Stopping Apply Kernel Variables...\r\nJan  1 22:16:22 ip-172-31-21-36 systemd: Stopped target Local File Systems.\r\nJan  1 22:16:22 ip-172-31-21-36 systemd: Stopping Local File Systems.\r\nJan  1 22:16:22 ip-172-31-21-36 systemd: Stopped target Slices.\r\nJan  1 22:16:22 ip-172-31-21-36 systemd: Stopping Slices.\r\nJan  1 22:16:22 ip-172-31-21-36 systemd: Stopped target Timers.\r\nJan  1 22:16:22 ip-172-31-21-36 systemd: Stopping Timers.\r\nJan  1 22:16:22 ip-172-31-21-36 systemd: Stopped target Remote File Systems.\r\nJan  1 22:16:22 ip-172-31-21-36 systemd: Stopping Remote File Systems.\r\nJan  1 22:16:22 ip-172-31-21-36 systemd: Stopped target Remote File Systems (Pre).\r\nJan  1 22:16:22 ip-172-31-21-36 systemd: Stopping Remote File Systems (Pre).\r\nJan  1 22:16:22 ip-172-31-21-36 systemd: Stopped target Swap.\r\nJan  1 22:16:22 ip-172-31-21-36 systemd: Stopping Swap.\r\nJan  1 22:16:22 ip-172-31-21-36 systemd: Stopped dracut pre-mount hoo"]
[26.092036, "o", "k.\r\nJan  1 22:16:22 ip-172-31-21-36 systemd: Stopping dracut pre-mount hook...\r\nJan  1 22:16:22 ip-172-31-21-36 systemd: Stopped target Local Encrypted Volumes.\r\nJan  1 22:16:22 ip-172-31-21-36 systemd: Stopping Local Encrypted Volumes.\r\nJan  1 22:16:22 ip-172-31-21-36 systemd: Stopped dracut initqueue hook.\r\nJan  1 22:16:22 ip-172-31-21-36 systemd: Stopping dracut initqueue hook...\r\nJan  1 22:16:22 ip-172-31-21-36 systemd: Stopped udev Coldplug all Devices.\r\nJan  1 22:16:22 ip-172-31-21-36 systemd: Stopping udev Coldplug all Devices...\r\nJan  1 22:16:22 ip-172-31-21-36 systemd: Stopped dracut pre-trigger hook.\r\nJan  1 22:16:22 ip-172-31-21-36 systemd: Stopping dracut pre-trigger hook...\r\nJan  1 22:16:22 ip-172-31-21-36 systemd: Stopping udev Kernel Device Manager...\r\nJan  1 22:16:22 ip-172-31-21-36 systemd: Stopped udev Kernel Device Manager.\r\nJan  1 22:16:22 ip-172-31-21-36 systemd: Stopped Create Static Device Nodes in /dev.\r\nJan  1 22:16:22 ip-172-31-21-36 systemd: Stopping Create Static Device Nodes in /d"]
[26.092158, "o", "ev...\r\nJan  1 22:16:22 ip-172-31-21-36 systemd: Stopped Create list of required static device nodes for the current kernel.\r\nJan  1 22:16:22 ip-172-31-21-36 systemd: Stopping Create list of required static device nodes for the current kernel...\r\nJan  1 22:16:22 ip-172-31-21-36 systemd: Stopped dracut pre-udev hook.\r\nJan  1 22:16:22 ip-172-31-21-36 systemd: Stopping dracut pre-udev hook...\r\nJan  1 22:16:22 ip-172-31-21-36 systemd: Stopped dracut cmdline hook.\r\nJan  1 22:16:22 ip-172-31-21-36 systemd: Stopping dracut cmdline hook...\r\nJan  1 22:16:22 ip-172-31-21-36 systemd: Closed udev Kernel Socket.\r\nJan  1 22:16:22 ip-172-31-21-36 systemd: Stopping udev Kernel Socket.\r\nJan  1 22:16:22 ip-172-31-21-36 systemd: Closed udev Control Socket.\r\nJan  1 22:16:22 ip-172-31-21-36 systemd: Stopping udev Control Socket.\r\nJan  1 22:16:22 ip-172-31-21-36 systemd: Starting Cleanup udevd DB...\r\nJan  1 22:16:22 ip-172-31-21-36 systemd: Started Cleanup udevd DB.\r\nJan  1 22:16:22 ip-172-31-21-36 systemd: Reached target Switch Ro"]
