{"timestamp": 1578092427, "env": {"TERM": "xterm-256color", "SHELL": "/bin/bash"}, "width": 60, "height": 15, "version": 2}
[0.205967, "o", "\u001b[2J\u001b[1;1H\u001b[36mwash ❯\u001b[0m "]
[0.579445, "o", "cd"]
[0.682981, "o", " g"]
[0.716277, "o", "cp"]
[0.80921, "o", "/W"]
[0.90537, "o", "as"]
[0.921457, "o", "h"]
[1.603514, "o", "\r\n"]
[1.676257, "o", "\u001b[36mwash ❯\u001b[0m "]
[2.081333, "o", "ls"]
[2.761693, "o", "\r\n"]
[2.872197, "o", "cloud_functions/\r\ncloud_run/\r\ncompute/\r\nfirestore/\r\npubsub/\r\nstorage/\r\n"]
[2.958069, "o", "\u001b[36mwash ❯\u001b[0m "]
[3.308553, "o", "cd"]
[3.402784, "o", " c"]
[3.465325, "o", "om"]
[3.529151, "o", "pu"]
[3.616964, "o", "te"]
[4.211001, "o", "\r\n"]
[4.314111, "o", "\u001b[36mwash ❯\u001b[0m "]
[4.713009, "o", "ls"]
[5.329329, "o", "\r\n"]
[5.431367, "o", "michael-test-instance/\r\n"]
[5.506813, "o", "\u001b[36mwash ❯\u001b[0m "]
[6.000955, "o", "fi"]
[6.09769, "o", "nd"]
[6.137404, "o", " ."]
[6.219876, "o", " -"]
[6.31336, "o", "k "]
[6.328948, "o", "'*"]
[6.424984, "o", "in"]
[6.560929, "o", "st"]
[6.65091, "o", "an"]
[6.71367, "o", "ce"]
[6.818454, "o", "' "]
[6.889285, "o", "-m"]
[6.960852, "o", " '"]
[7.065112, "o", ".s"]
[7.136945, "o", "ta"]
[7.193542, "o", "tu"]
[7.312789, "o", "s'"]
[7.369468, "o", " R"]
[7.4261, "o", "UN"]
[7.547494, "o", "NI"]
[7.595242, "o", "NG"]
[7.672633, "o", " -"]
[7.792952, "o", "m "]
[7.809168, "o", "'."]
[7.90522, "o", "la"]
[8.041567, "o", "be"]
[8.058179, "o", "ls"]
[8.144854, "o", ".o"]
[8.273773, "o", "wn"]
[8.385344, "o", "er"]
[8.392858, "o", "' "]
[8.513041, "o", "-e"]
[8.577501, "o", "xi"]
[8.633054, "o", "st"]
[8.697249, "o", "s"]
[9.313256, "o", "\r\n"]
[9.676803, "o", "./michael-test-instance\r\n"]
[10.912543, "o", "\u001b[36mwash ❯\u001b[0m "]
[11.2576, "o", "we"]
[11.361121, "o", "xe"]
[11.402342, "o", "c "]
[11.482489, "o", "mi"]
[11.585281, "o", "ch"]
[11.592677, "o", "ae"]
[11.680768, "o", "l-"]
[11.7688, "o", "te"]
[11.794089, "o", "st"]
[11.851622, "o", "-i"]
[11.944605, "o", "ns"]
[12.033465, "o", "ta"]
[12.128696, "o", "nc"]
[12.146599, "o", "e "]
[12.240824, "o", "un"]
[12.336659, "o", "am"]
[12.419299, "o", "e"]
[12.954903, "o", "\r\n"]
[13.587686, "o", "Linux\r\n"]
[13.680161, "o", "\u001b[36mwash ❯\u001b[0m "]
[14.07346, "o", "cd"]
[14.144683, "o", " m"]
[14.19525, "o", "ic"]
[14.259546, "o", "ha"]
[14.34453, "o", "el"]
[14.36894, "o", "-t"]
[14.441346, "o", "es"]
[14.55361, "o", "t-"]
[14.56187, "o", "in"]
[14.64895, "o", "st"]
[14.736695, "o", "an"]
[14.753117, "o", "ce"]
[15.298183, "o", "\r\n"]
[15.3926, "o", "\u001b[36mwash ❯\u001b[0m "]
[15.793301, "o", "ls"]
[16.483637, "o", "\r\n"]
[16.643325, "o", "console.out\r\nfs/\r\nmetadata.json\r\n"]
[16.745679, "o", "\u001b[36mwash ❯\u001b[0m "]
[17.073283, "o", "ca"]
[17.16078, "o", "t "]
[17.209631, "o", "co"]
[17.288844, "o", "ns"]
[17.402059, "o", "ol"]
[17.403611, "o", "e."]
[17.488347, "o", "ou"]
[17.592972, "o", "t"]
[18.208593, "o", "\r\n"]
[19.050892, "o", "SeaBIOS (version 1.8.2-20191010_205345-google)\r\r\nTotal RAM Size = 0x0000000026600000 = 614 MiB\r\r\nCPUs found: 1     Max CPUs supported: 1\r\r\nComparing RSDP and RSDP\r\r\nComparing RSDT and RSDT\r\r\nComparing FACP and FACP\r\r\nComparing FACS and FACS\r\r\nreturn 0 for FACS vs FACS: SUCCESS\r\r\nComparing DSDT and DSDT\r\r\nreturn 0 for DSDT vs DSDT: SUCCESS\r\r\nreturn 0 for FACP vs FACP: SUCCESS\r\r\nComparing SRAT and SRAT\r\r\nreturn 0 for SRAT vs SRAT: SUCCESS\r\r\nComparing APIC and APIC\r\r\nreturn 0 for APIC vs APIC: SUCCESS\r\r\nComparing SSDT and SSDT\r\r\nreturn 0 for SSDT vs SSDT: SUCCESS\r\r\nComparing WAET and WAET\r\r\nreturn 0 for WAET vs WAET: SUCCESS\r\r\nreturn 0 for RSDT vs RSDT: SUCCESS\r\r\nreturn 0 for RSDP vs RSDP: SUCCESS\r\r\nfound virtio-scsi at 0:3\r\r\nvirtio-scsi vendor='Google' product='PersistentDisk' rev='1' type=0 removable=0\r\r\nvirtio-scsi blksize=512 sectors=20971520 = 10240 MiB\r\r\ndrive 0x000f2860: PCHS=0/0/0 translation=lba LCHS=1024/255/63 s=20971520\r\r\nSending Seabios boot VM event.\r\r\nBooting from Hard Disk 0...\r\r\n[    0.000000] L"]
[19.051178, "o", "inux version 4.9.0-11-amd64 (debian-kernel@lists.debian.org) (gcc version 6.3.0 20170516 (Debian 6.3.0-18+deb9u1) ) #1 SMP Debian 4.9.189-3+deb9u1 (2019-09-20)\r\r\n[    0.000000] Command line: BOOT_IMAGE=/boot/vmlinuz-4.9.0-11-amd64 root=UUID=2f47db5c-4ae8-4e03-9627-748a1964e0aa ro console=ttyS0,38400n8 elevator=noop scsi_mod.use_blk_mq=Y net.ifnames=0 biosdevname=0\r\r\n[    0.000000] x86/fpu: Supporting XSAVE feature 0x001: 'x87 floating point registers'\r\r\n[    0.000000] x86/fpu: Supporting XSAVE feature 0x002: 'SSE registers'\r\r\n[    0.000000] x86/fpu: Supporting XSAVE feature 0x004: 'AVX registers'\r\r\n[    0.000000] x86/fpu: xstate_offset[2]:  576, xstate_sizes[2]:  256\r\r\n[    0.000000] x86/fpu: Enabled xstate features 0x7, context size is 832 bytes, using 'standard' format.\r\r\n[    0.000000] e820: BIOS-provided physical RAM map:\r\r\n[    0.000000] BIOS-e820: [mem 0x0000000000000000-0x000000000009fbff] usable\r\r\n[    0.000000] BIOS-e820: [mem 0x000000000009fc00-0x000000000009ffff] reserved\r\r\n[    0.000000] BIOS-e820"]
[19.051459, "o", ": [mem 0x00000000000f0000-0x00000000000fffff] reserved\r\r\n[    0.000000] BIOS-e820: [mem 0x0000000000100000-0x00000000265fcfff] usable\r\r\n[    0.000000] BIOS-e820: [mem 0x00000000265fd000-0x00000000265fffff] reserved\r\r\n[    0.000000] BIOS-e820: [mem 0x00000000fffbc000-0x00000000ffffffff] reserved\r\r\n[    0.000000] NX (Execute Disable) protection: active\r\r\n[    0.000000] SMBIOS 2.4 present.\r\r\n[    0.000000] Hypervisor detected: KVM\r\r\n[    0.000000] e820: last_pfn = 0x265fd max_arch_pfn = 0x400000000\r\r\n[    0.000000] x86/PAT: Configuration [0-7]: WB  WC  UC- UC  WB  WC  UC- WT  \r\r\n[    0.000000] found SMP MP-table at [mem 0x000f2ac0-0x000f2acf] mapped at [ffff8933000f2ac0]\r\r\n[    0.000000] Using GB pages for direct mapping\r\r\n[    0.000000] RAMDISK: [mem 0x24ebf000-0x26011fff]\r\r\n[    0.000000] ACPI: Early table checksum verification disabled\r\r\n[    0.000000] ACPI: RSDP 0x00000000000F28A0 000014 (v00 Google)\r\r\n[    0.000000] ACPI: RSDT 0x00000000265FFFA0 000038 (v01 Google GOOGRSDT 00000001 GOOG 00000001)\r\r\n[    0.0"]
[19.051935, "o", "00000] ACPI: FACP 0x00000000265FF400 0000F4 (v02 Google GOOGFACP 00000001 GOOG 00000001)\r\r\n[    0.000000] ACPI: DSDT 0x00000000265FDB40 0018BA (v01 Google GOOGDSDT 00000001 GOOG 00000001)\r\r\n[    0.000000] ACPI: FACS 0x00000000265FDB00 000040\r\r\n[    0.000000] ACPI: FACS 0x00000000265FDB00 000040\r\r\n[    0.000000] ACPI: SRAT 0x00000000265FFEC0 0000B8 (v01 Google GOOGSRAT 00000001 GOOG 00000001)\r\r\n[    0.000000] ACPI: APIC 0x00000000265FFE20 00006E (v01 Google GOOGAPIC 00000001 GOOG 00000001)\r\r\n[    0.000000] ACPI: SSDT 0x00000000265FF500 00091F (v01 Google GOOGSSDT 00000001 GOOG 00000001)\r\r\n[    0.000000] ACPI: WAET 0x00000000265FFE90 000028 (v01 Google GOOGWAET 00000001 GOOG 00000001)\r\r\n[    0.000000] SRAT: PXM 0 -> APIC 0x00 -> Node 0\r\r\n[    0.000000] ACPI: SRAT: Node 0 PXM 0 [mem 0x00000000-0x0009ffff]\r\r\n[    0.000000] ACPI: SRAT: Node 0 PXM 0 [mem 0x00100000-0x265fffff]\r\r\n[    0.000000] NUMA: Node 0 [mem 0x00000000-0x0009ffff] + [mem 0x00100000-0x265fcfff] -> [mem 0x00000000-0x265fcfff]\r\r\n[    0.000000] NODE"]
[19.052194, "o", "_DATA(0) allocated [mem 0x265f8000-0x265fcfff]\r\r\n[    0.000000] kvm-clock: Using msrs 4b564d01 and 4b564d00\r\r\n[    0.000000] kvm-clock: cpu 0, msr 0:265f0001, primary cpu clock\r\r\n[    0.000000] kvm-clock: using sched offset of 2038458168 cycles\r\r\n[    0.000000] clocksource: kvm-clock: mask: 0xffffffffffffffff max_cycles: 0x1cd42e4dffb, max_idle_ns: 881590591483 ns\r\r\n[    0.000000] Zone ranges:\r\r\n[    0.000000]   DMA      [mem 0x0000000000001000-0x0000000000ffffff]\r\r\n[    0.000000]   DMA32    [mem 0x0000000001000000-0x00000000265fcfff]\r\r\n[    0.000000]   Normal   empty\r\r\n[    0.000000]   Device   empty\r\r\n[    0.000000] Movable zone start for each node\r\r\n[    0.000000] Early memory node ranges\r\r\n[    0.000000]   node   0: [mem 0x0000000000001000-0x000000000009efff]\r\r\n[    0.000000]   node   0: [mem 0x0000000000100000-0x00000000265fcfff]\r\r\n[    0.000000] Initmem setup node 0 [mem 0x0000000000001000-0x00000000265fcfff]\r\r\n[    0.000000] ACPI: PM-Timer IO Port: 0xb008\r\r\n[    0.000000] ACPI: LAPIC_NMI (acpi_id[0xff]"]
[19.052271, "o", " dfl dfl lint[0x1])\r\r\n[    0.000000] IOAPIC[0]: apic_id 0, version 17, address 0xfec00000, GSI 0-23\r\r\n[    0.000000] ACPI: INT_SRC_OVR (bus 0 bus_irq 5 global_irq 5 high level)\r\r\n[    0.000000] ACPI: INT_SRC_OVR (bus 0 bus_irq 9 global_irq 9 high level)\r\r\n[    0.000000] ACPI: INT_SRC_OVR (bus 0 bus_irq 10 global_irq 10 high level)\r\r\n[    0.000000] ACPI: INT_SRC_OVR (bus 0 bus_irq 11 global_irq 11 high level)\r\r\n[    0.000000] Using ACPI (MADT) for SMP configuration information\r\r\n[    0.000000] smpboot: Allowing 1 CPUs, 0 hotplug CPUs\r\r\n[    0.000000] PM: Registered nosave memory: [mem 0x00000000-0x00000fff]\r\r\n[    0.000000] PM: Registered nosave memory: [mem 0x0009f000-0x0009ffff]\r\r\n[    0.000000] PM: Registered nosave memory: [mem 0x000a0000-0x000effff]\r\r\n[    0.000000] PM: Registered nosave memory: [mem 0x000f0000-0x000fffff]\r\r\n[    0.000000] e820: [mem 0x26600000-0xfffbbfff] available for PCI devices\r\r\n[    0.000000] Booting paravirtualized kernel on KVM\r\r\n[    0.000000] clocksource: refined-jiffies: mask: "]
[19.052465, "o", "0xffffffff max_cycles: 0xffffffff, max_idle_ns: 7645519600211568 ns\r\r\n[    0.000000] setup_percpu: NR_CPUS:512 nr_cpumask_bits:512 nr_cpu_ids:1 nr_node_ids:1\r\r\n[    0.000000] percpu: Embedded 35 pages/cpu s105304 r8192 d29864 u2097152\r\r\n[    0.000000] Built 1 zonelists in Node order, mobility grouping on.  Total pages: 154606\r\r\n[    0.000000] Policy zone: DMA32\r\r\n[    0.000000] Kernel command line: BOOT_IMAGE=/boot/vmlinuz-4.9.0-11-amd64 root=UUID=2f47db5c-4ae8-4e03-9627-748a1964e0aa ro console=ttyS0,38400n8 elevator=noop scsi_mod.use_blk_mq=Y net.ifnames=0 biosdevname=0\r\r\n[    0.000000] PID hash table entries: 4096 (order: 3, 32768 bytes)\r\r\n[    0.000000] Memory: 584400K/628332K available (6280K kernel code, 1162K rwdata, 2876K rodata, 1424K init, 656K bss, 43932K reserved, 0K cma-reserved)\r\r\n[    0.000000] Kernel/User page tables isolation: enabled\r\r\n[    0.000000] Hierarchical RCU implementation.\r\r\n[    0.000000] \tBuild-time adjustment of leaf fanout to 64.\r\r\n[    0.000000] \tRCU restricting CPUs from NR_CP"]
[19.052617, "o", "US=512 to nr_cpu_ids=1.\r\r\n[    0.000000] RCU: Adjusting geometry for rcu_fanout_leaf=64, nr_cpu_ids=1\r\r\n[    0.000000] NR_IRQS:33024 nr_irqs:256 16\r\r\n[    0.000000] Console: colour VGA+ 80x25\r\r\n[    0.000000] console [ttyS0] enabled\r\r\n[    0.000000] tsc: Detected 2200.000 MHz processor\r\r\n[    0.150261] Calibrating delay loop (skipped) preset value.. 4400.00 BogoMIPS (lpj=8800000)\r\r\n[    0.152054] pid_max: default: 32768 minimum: 301\r\r\n[    0.152829] ACPI: Core revision 20160831\r\r\n[    0.154689] ACPI: 2 ACPI AML tables successfully acquired and loaded\r\r\n[    0.155656] Security Framework initialized\r\r\n[    0.156684] Yama: disabled by default; enable with sysctl kernel.yama.*\r\r\n[    0.158776] AppArmor: AppArmor disabled by boot time parameter\r\r\n[    0.160164] Dentry cache hash table entries: 131072 (order: 8, 1048576 bytes)\r\r\n[    0.163030] Inode-cache hash table entries: 65536 (order: 7, 524288 bytes)\r\r\n[    0.164553] Mount-cache hash table entries: 2048 (order: 2, 16384 bytes)\r\r\n[    0.166051] Mountpoint-cache"]
[19.052749, "o", " hash table entries: 2048 (order: 2, 16384 bytes)\r\r\n[    0.168387] mce: CPU supports 32 MCE banks\r\r\n[    0.169478] Last level iTLB entries: 4KB 64, 2MB 8, 4MB 8\r\r\n[    0.170450] Last level dTLB entries: 4KB 64, 2MB 0, 4MB 0, 1GB 4\r\r\n[    0.171883] Spectre V1 : Mitigation: usercopy/swapgs barriers and __user pointer sanitization\r\r\n[    0.173756] Spectre V2 : Mitigation: Full generic retpoline\r\r\n[    0.175229] Spectre V2 : Spectre v2 / SpectreRSB mitigation: Filling RSB on context switch\r\r\n[    0.177350] Spectre V2 : Enabling Restricted Speculation for firmware calls\r\r\n[    0.178884] Spectre V2 : mitigation: Enabling conditional Indirect Branch Prediction Barrier\r\r\n[    0.180618] Speculative Store Bypass: Mitigation: Speculative Store Bypass disabled via prctl and seccomp\r\r\n[    0.182621] MDS: Mitigation: Clear CPU buffers\r\r\n[    0.203447] Freeing SMP alternatives memory: 24K\r\r\n[    0.212760] ftrace: allocating 25330 entries in 99 pages\r\r\n[    0.269237] smpboot: Max logical packages: 1\r\r\n[    0.271156] x2apic e"]
[19.052904, "o", "nabled\r\r\n[    0.272764] Switched APIC routing to physical x2apic.\r\r\n[    0.277020] ..TIMER: vector=0x30 apic1=0 pin1=0 apic2=-1 pin2=-1\r\r\n[    0.385348] smpboot: CPU0: Intel(R) Xeon(R) CPU @ 2.20GHz (family: 0x6, model: 0x4f, stepping: 0x0)\r\r\n[    0.388662] Performance Events: unsupported p6 CPU model 79 no PMU driver, software events only.\r\r\n[    0.391821] x86: Booted up 1 node, 1 CPUs\r\r\n[    0.392432] smpboot: Total of 1 processors activated (4400.00 BogoMIPS)\r\r\n[    0.395297] devtmpfs: initialized\r\r\n[    0.395903] x86/mm: Memory block size: 128MB\r\r\n[    0.398476] clocksource: jiffies: mask: 0xffffffff max_cycles: 0xffffffff, max_idle_ns: 7645041785100000 ns\r\r\n[    0.401461] futex hash table entries: 256 (order: 2, 16384 bytes)\r\r\n[    0.403189] pinctrl core: initialized pinctrl subsystem\r\r\n[    0.404266] NET: Registered protocol family 16\r\r\n[    0.405811] cpuidle: using governor ladder\r\r\n[    0.407394] cpuidle: using governor menu\r\r\n[    0.408531] ACPI: bus type PCI registered\r\r\n[    0.409653] acpiphp: ACPI"]
[19.053056, "o", " Hot Plug PCI Controller Driver version: 0.5\r\r\n[    0.411596] PCI: Using configuration type 1 for base access\r\r\n[    0.413852] HugeTLB registered 1 GB page size, pre-allocated 0 pages\r\r\n[    0.415721] HugeTLB registered 2 MB page size, pre-allocated 0 pages\r\r\n[    0.417138] ACPI: Added _OSI(Module Device)\r\r\n[    0.418291] ACPI: Added _OSI(Processor Device)\r\r\n[    0.419458] ACPI: Added _OSI(3.0 _SCP Extensions)\r\r\n[    0.420528] ACPI: Added _OSI(Processor Aggregator Device)\r\r\n[    0.422104] ACPI: Executed 2 blocks of module-level executable AML code\r\r\n[    0.424570] ACPI: Interpreter enabled\r\r\n[    0.425566] ACPI: (supports S0 S3 S4 S5)\r\r\n[    0.426490] ACPI: Using IOAPIC for interrupt routing\r\r\n[    0.427908] PCI: Using host bridge windows from ACPI; if necessary, use \"pci=nocrs\" and report a bug\r\r\n[    0.432231] ACPI: PCI Root Bridge [PCI0] (domain 0000 [bus 00-ff])\r\r\n[    0.433747] acpi PNP0A03:00: _OSC: OS supports [ASPM ClockPM Segments MSI]\r\r\n[    0.435542] acpi PNP0A03:00: _OSC failed (AE_NOT_FOUND); dis"]
[19.053184, "o", "abling ASPM\r\r\n[    0.438146] acpi PNP0A03:00: fail to add MMCONFIG information, can't access extended PCI configuration space under this bridge.\r\r\n[    0.442823] PCI host bridge to bus 0000:00\r\r\n[    0.444283] pci_bus 0000:00: root bus resource [io  0x0000-0x0cf7 window]\r\r\n[    0.445872] pci_bus 0000:00: root bus resource [io  0x0d00-0xffff window]\r\r\n[    0.447266] pci_bus 0000:00: root bus resource [mem 0x000a0000-0x000bffff window]\r\r\n[    0.448484] pci_bus 0000:00: root bus resource [mem 0x80000000-0xfebfffff window]\r\r\n[    0.450558] pci_bus 0000:00: root bus resource [bus 00-ff]\r\r\n[    0.480838] pci 0000:00:01.3: quirk: [io  0xb000-0xb03f] claimed by PIIX4 ACPI\r\r\n[    0.535042] ACPI: PCI Interrupt Link [LNKA] (IRQs 5 *10 11)\r\r\n[    0.538994] ACPI: PCI Interrupt Link [LNKB] (IRQs 5 *10 11)\r\r\n[    0.541619] ACPI: PCI Interrupt Link [LNKC] (IRQs 5 10 *11)\r\r\n[    0.544174] ACPI: PCI Interrupt Link [LNKD] (IRQs 5 10 *11)\r\r\n[    0.546540] ACPI: PCI Interrupt Link [LNKS] (IRQs *9)\r\r\n[    0.548067] ACPI: Enabled 1"]
[19.053303, "o", "6 GPEs in block 00 to 0F\r\r\n[    0.549407] vgaarb: loaded\r\r\n[    0.549967] PCI: Using ACPI for IRQ routing\r\r\n[    0.551957] clocksource: Switched to clocksource kvm-clock\r\r\n[    0.562662] VFS: Disk quotas dquot_6.6.0\r\r\n[    0.563896] VFS: Dquot-cache hash table entries: 512 (order 0, 4096 bytes)\r\r\n[    0.565423] pnp: PnP ACPI init\r\r\n[    0.567120] pnp: PnP ACPI: found 7 devices\r\r\n[    0.574766] clocksource: acpi_pm: mask: 0xffffff max_cycles: 0xffffff, max_idle_ns: 2085701024 ns\r\r\n[    0.577378] NET: Registered protocol family 2\r\r\n[    0.578449] TCP established hash table entries: 8192 (order: 4, 65536 bytes)\r\r\n[    0.580208] TCP bind hash table entries: 8192 (order: 5, 131072 bytes)\r\r\n[    0.582401] TCP: Hash tables configured (established 8192 bind 8192)\r\r\n[    0.583787] UDP hash table entries: 512 (order: 2, 16384 bytes)\r\r\n[    0.585801] UDP-Lite hash table entries: 512 (order: 2, 16384 bytes)\r\r\n[    0.587343] NET: Registered protocol family 1\r\r\n[    0.588643] pci 0000:00:00.0: Limiting direct PCI/PCI trans"]
[19.053458, "o", "fers\r\r\n[    0.590563] Unpacking initramfs...\r\r\n[    0.931417] Freeing initrd memory: 17740K\r\r\n[    0.933906] audit: initializing netlink subsys (disabled)\r\r\n[    0.934872] audit: type=2000 audit(1573595912.480:1): initialized\r\r\n[    0.936972] workingset: timestamp_bits=40 max_order=18 bucket_order=0\r\r\n[    0.938610] zbud: loaded\r\r\n[    0.940063] Block layer SCSI generic (bsg) driver version 0.4 loaded (major 250)\r\r\n[    0.942021] io scheduler noop registered (default)\r\r\n[    0.943351] io scheduler deadline registered\r\r\n[    0.944465] io scheduler cfq registered\r\r\n[    0.945202] pci_hotplug: PCI Hot Plug PCI Core version: 0.5\r\r\n[    0.946234] pciehp: PCI Express Hot Plug Controller Driver version: 0.4\r\r\n[    0.947767] GHES: HEST is not enabled!\r\r\n[    0.948625] Serial: 8250/16550 driver, 4 ports, IRQ sharing enabled\r\r\n[    0.972309] 00:03: ttyS0 at I/O 0x3f8 (irq = 4, base_baud = 115200) is a 16550A\r\r\n[    0.996148] 00:04: ttyS1 at I/O 0x2f8 (irq = 3, base_baud = 115200) is a 16550A\r\r\n[    1.019671] 00:05: tty"]
[19.053507, "o", "S2 at I/O 0x3e8 (irq = 6, base_baud = 115200) is a 16550A\r\r\n[    1.043554] 00:06: ttyS3 at I/O 0x2e8 (irq = 7, base_baud = 115200) is a 16550A\r\r\n[    1.045662] Linux agpgart interface v0.103\r\r\n[    1.047508] AMD IOMMUv2 driver by Joerg Roedel <jroedel@suse.de>\r\r\n[    1.049022] AMD IOMMUv2 functionality not available on this system\r\r\n[    1.050666] i8042: PNP: PS/2 Controller [PNP0303:KBD,PNP0f13:MOU] at 0x60,0x64 irq 1,12\r\r\n[    1.053150] i8042: Warning: Keylock active\r\r\n[    1.055011] serio: i8042 KBD port at 0x60,0x64 irq 1\r\r\n[    1.056182] serio: i8042 AUX port at 0x60,0x64 irq 12\r\r\n[    1.057722] mousedev: PS/2 mouse device common for all mice\r\r\n[    1.059189] rtc_cmos 00:00: RTC can wake from S4\r\r\n[    1.060513] rtc_cmos 00:00: rtc core: registered rtc_cmos as rtc0\r\r\n[    1.062275] rtc_cmos 00:00: alarms up to one day, 114 bytes nvram\r\r\n[    1.063756] ledtrig-cpu: registered to indicate activity on CPUs\r\r\n[    1.065362] NET: Registered protocol family 10\r\r\n[    1.066752] mip6: Mobile IPv6\r\r\n[    1.067553"]
[19.053766, "o", "] NET: Registered protocol family 17\r\r\n[    1.068565] mpls_gso: MPLS GSO support\r\r\n[    1.069698] registered taskstats version 1\r\r\n[    1.070659] zswap: loaded using pool lzo/zbud\r\r\n[    1.071670] ima: No TPM chip found, activating TPM-bypass!\r\r\n[    1.072894] ima: Allocated hash algorithm: sha256\r\r\n[    1.074120] rtc_cmos 00:00: setting system clock to 2019-11-12 21:58:32 UTC (1573595912)\r\r\n[    1.077742] Freeing unused kernel memory: 1424K\r\r\n[    1.079008] Write protecting the kernel read-only data: 12288k\r\r\n[    1.081055] Freeing unused kernel memory: 1896K\r\r\n[    1.084547] Freeing unused kernel memory: 1220K\r\r\n[    1.089624] x86/mm: Checked W+X mappings: passed, no W+X pages found.\r\r\nLoading, please wait...\r\r\nstarting version 232\r\r\n[    1.104901] random: systemd-udevd: uninitialized urandom read (16 bytes read)\r\r\n[    1.107202] random: systemd-udevd: uninitialized urandom read (16 bytes read)\r\r\n[    1.110029] random: udevadm: uninitialized urandom read (16 bytes read)\r\r\n[    1.133798] piix4_smbus 0000:00:"]
[19.05383, "o", "01.3: SMBus base address uninitialized - upgrade BIOS or use force_addr=0xaddr\r\r\n[    1.145354] ACPI: PCI Interrupt Link [LNKC] enabled at IRQ 11\r\r\n[    1.146517] virtio-pci 0000:00:03.0: virtio_pci: leaving for legacy driver\r\r\n[    1.172500] AVX2 version of gcm_enc/dec engaged.\r\r\n[    1.173554] AES CTR mode by8 optimization enabled\r\r\n[    1.182056] ACPI: PCI Interrupt Link [LNKD] enabled at IRQ 10\r\r\n[    1.183691] virtio-pci 0000:00:04.0: virtio_pci: leaving for legacy driver\r\r\n[    1.214506] SCSI subsystem initialized\r\r\n[    1.272080] input: AT Translated Set 2 keyboard as /devices/platform/i8042/serio0/input/input0\r\r\n[    1.284352] scsi host0: Virtio SCSI HBA\r\r\n[    1.290771] scsi 0:0:1:0: Direct-Access     Google   PersistentDisk   1    PQ: 0 ANSI: 6\r\r\n[    1.305366] random: fast init done\r\r\n[    1.321902] sd 0:0:1:0: [sda] 20971520 512-byte logical blocks: (10.7 GB/10.0 GiB)\r\r\n[    1.324868] sd 0:0:1:0: [sda] 4096-byte physical blocks\r\r\n[    1.326623] sd 0:0:1:0: [sda] Write Protect is off\r\r\n[    1.32867"]
[19.053995, "o", "3] sd 0:0:1:0: [sda] Write cache: enabled, read cache: enabled, doesn't support DPO or FUA\r\r\n[    1.333438]  sda: sda1\r\r\n[    1.335507] sd 0:0:1:0: [sda] Attached SCSI disk\r\r\nBegin: Loading essential drivers ... done.\r\r\nBegin: Running /scripts/init-premount ... done.\r\r\nBegin: Mounting root file system ... Begin: Running /scripts/local-top ... done.\r\r\nBegin: Running /scripts/local-premount ... done.\r\r\nBegin: Will now check root file system ... fsck from util-linux 2.29.2\r\r\n[/sbin/fsck.ext4 (1) -- /dev/sda1] fsck.ext4 -a -C0 /dev/sda1 \r\r\n/dev/sda1: clean, 49570/655360 files, 364483/2620928 blocks\r\r\ndone.\r\r\n[    1.456843] EXT4-fs (sda1): mounted filesystem with ordered data mode. Opts: (null)\r\r\ndone.\r\r\nBegin: Running /scripts/local-bottom ... done.\r\r\nBegin: Running /scripts/init-bottom ... done.\r\r\n[    1.885030] ip_tables: (C) 2000-2006 Netfilter Core Team\r\r\n[    1.903329] systemd[1]: systemd 232 running in system mode. (+PAM +AUDIT +SELINUX +IMA +APPARMOR +SMACK +SYSVINIT +UTMP +LIBCRYPTSETUP +GCRYPT +GNUTLS +A"]
[19.054078, "o", "CL +XZ +LZ4 +SECCOMP +BLKID +ELFUTILS +KMOD +IDN)\r\r\n[    1.907678] systemd[1]: Detected virtualization kvm.\r\r\n[    1.908923] systemd[1]: Detected architecture x86-64.\r\r\n\r\r\nWelcome to \u001b[1mDebian GNU/Linux 9 (stretch)\u001b[0m!\r\r\n\r\r\n[    1.925188] input: ImExPS/2 Generic Explorer Mouse as /devices/platform/i8042/serio1/input/input2\r\r\n[    1.927551] systemd[1]: No hostname configured.\r\r\n[    1.929163] systemd[1]: Set hostname to <localhost>.\r\r\n[    1.956052] tsc: Refined TSC clocksource calibration: 2199.800 MHz\r\r\n[    1.957271] clocksource: tsc: mask: 0xffffffffffffffff max_cycles: 0x1fb575ba047, max_idle_ns: 440795214997 ns\r\r\n[    2.213559] systemd[1]: Started Dispatch Password Requests to Console Directory Watch.\r\r\n[\u001b[0;32m  OK  \u001b[0m] Started Dispatch Password Requests to Console Directory Watch.\r\r\n[    2.228202] systemd[1]: Started Forward Password Requests to Wall Directory Watch.\r\r\n[\u001b[0;32m  OK  \u001b[0m] Started Forward Password Requests to Wall Directory Watch.\r\r\n[    2.240095] systemd[1]: Reached target Encrypte"]
[19.054142, "o", "d Volumes.\r\r\n[\u001b[0;32m  OK  \u001b[0m] Reached target Encrypted Volumes.\r\r\n[    2.252138] systemd[1]: Reached target Remote File Systems.\r\r\n[\u001b[0;32m  OK  \u001b[0m] Reached target Remote File Systems.\r\r\n[    2.264174] systemd[1]: Listening on /dev/initctl Compatibility Named Pipe.\r\r\n[\u001b[0;32m  OK  \u001b[0m] Listening on /dev/initctl Compatibility Named Pipe.\r\r\n[\u001b[0;32m  OK  \u001b[0m] Listening on udev Control Socket.\r\r\n[\u001b[0;32m  OK  \u001b[0m] Created slice System Slice.\r\r\n         Mounting Debug File System...\r\r\n         Mounting POSIX Message Queue File System...\r\r\n[\u001b[0;32m  OK  \u001b[0m] Listening on fsck to fsckd communication Socket.\r\r\n[\u001b[0;32m  OK  \u001b[0m] Listening on udev Kernel Socket.\r\r\n[\u001b[0;32m  OK  \u001b[0m] Created slice system-serial\\x2dgetty.slice.\r\r\n[\u001b[0;32m  OK  \u001b[0m] Listening on Journal Socket (/dev/log).\r\r\n[\u001b[0;32m  OK  \u001b[0m] Reached target Swap.\r\r\n[\u001b[0;32m  OK  \u001b[0m] Set up automount Arbitrary Executab…rmats File System Automount Point.\r\r\n         Mounting Huge Pages File System...\r\r\n[\u001b[0;32m  OK  \u001b[0m] Listening on Sysl"]
[19.054412, "o", "og Socket.\r\r\n[\u001b[0;32m  OK  \u001b[0m] Reached target Slices.\r\r\n[\u001b[0;32m  OK  \u001b[0m] Created slice system-getty.slice.\r\r\n[\u001b[0;32m  OK  \u001b[0m] Listening on Journal Audit Socket.\r\r\n[\u001b[0;32m  OK  \u001b[0m] Listening on Journal Socket.\r\r\n         Starting Load Kernel Modules...\r\r\n         Starting Create list of required st…ce nodes for the current kernel...\r\r\n         Starting Remount Root and Kernel File Systems...\r\r\n[    2.502513] EXT4-fs (sda1): re-mounted. Opts: (null)\r\r\n         Starting Journal Service...\r\r\n[\u001b[0;32m  OK  \u001b[0m] Mounted Huge Pages File System.\r\r\n[\u001b[0;32m  OK  \u001b[0m] Mounted POSIX Message Queue File System.\r\r\n[\u001b[0;32m  OK  \u001b[0m] Mounted Debug File System.\r\r\n[\u001b[0;32m  OK  \u001b[0m] Started Journal Service.\r\r\n[\u001b[0;32m  OK  \u001b[0m] Started Load Kernel Modules.\r\r\n[\u001b[0;32m  OK  \u001b[0m] Started Create list of required sta…vice nodes for the current kernel.\r\r\n[\u001b[0;32m  OK  \u001b[0m] Started Remount Root and Kernel File Systems.\r\r\n         Starting Load/Save Random Seed...\r\r\n         Starting udev Coldplug all Devices..."]
[19.054691, "o", "\r\r\n         Starting Create Static Device Nodes in /dev...\r\r\n         Starting Apply Kernel Variables...\r\r\n         Starting Flush Journal to Persistent Storage...\r\r\n[\u001b[0;32m  OK  \u001b[0m] Started Apply Kernel Variables.\r\r\n[\u001b[0;32m  OK  \u001b[0m] Started Load/Save Random Seed.\r\r\n[\u001b[0;32m  OK  \u001b[0m] Started udev Coldplug all Devices.\r\r\n[    2.658130] systemd-journald[422]: Received request to flush runtime journal from PID 1\r\r\n[\u001b[0;32m  OK  \u001b[0m] Started Flush Journal to Persistent Storage.\r\r\n[\u001b[0;32m  OK  \u001b[0m] Started Create Static Device Nodes in /dev.\r\r\n[\u001b[0;32m  OK  \u001b[0m] Reached target Local File Systems (Pre).\r\r\n[\u001b[0;32m  OK  \u001b[0m] Reached target Local File Systems.\r\r\n         Starting Raise network interfaces...\r\r\n         Starting Create Volatile Files and Directories...\r\r\n         Starting udev Kernel Device Manager...\r\r\n[\u001b[0;32m  OK  \u001b[0m] Started udev Kernel Device Manager.\r\r\n[\u001b[0;32m  OK  \u001b[0m] Started Create Volatile Files and Directories.\r\r\n[\u001b[0;32m  OK  \u001b[0m] Reached target System Time Synchronized.\r\r"]
[19.055128, "o", "\r\n         Starting Update UTMP about System Boot/Shutdown...\r\r\n[\u001b[0;32m  OK  \u001b[0m] Started Update UTMP about System Boot/Shutdown.\r\r\n[    2.921177] input: Power Button as /devices/LNXSYSTM:00/LNXPWRBN:00/input/input3\r\r\n[    2.922987] ACPI: Power Button [PWRF]\r\r\n[    2.923676] input: Sleep Button as /devices/LNXSYSTM:00/LNXSLPBN:00/input/input4\r\r\n[\u001b[0;32m  OK  \u001b[0m] Reached target System Initialization.\r\r\n[\u001b[0;32m  OK  \u001b[0m] Started Daily Cleanup of Temporary Directories.\r\r\n[    2.940854] ACPI: Sleep Button [SLPF]\r\r\n[\u001b[0;32m  OK  \u001b[0m] Started Daily apt download activities.\r\r\n[\u001b[0;32m  OK  \u001b[0m] Started Daily apt upgrade and clean activities.\r\r\n[\u001b[0;32m  OK  \u001b[0m] Reached target Timers.\r\r\n[    2.962102] sd 0:0:1:0: Attached scsi generic sg0 type 0\r\r\n[\u001b[0;32m  OK  \u001b[0m] Started ACPI Events Check.\r\r\n[\u001b[0;32m  OK  \u001b[0m] Reached target Paths.\r\r\n[    2.983601] RAPL PMU: API unit is 2^-32 Joules, 3 fixed counters, 10737418240 ms ovfl timer\r\r\n[    2.984894] RAPL PMU: hw unit of domain pp0-core 2^-0 Joules\r\r\n[    2.9"]
[19.055257, "o", "85872] RAPL PMU: hw unit of domain package 2^-0 Joules\r\r\n[    2.986636] RAPL PMU: hw unit of domain dram 2^-16 Joules\r\r\n[\u001b[0;32m  OK  \u001b[0m] Listening on UUID daemon activation socket.\r\r\n[\u001b[0;32m  OK  \u001b[0m] Listening on ACPID Listen Socket.\r\r\n[\u001b[0;32m  OK  \u001b[0m] Reached target Sockets.\r\r\n[\u001b[0;32m  OK  \u001b[0m] Reached target Basic System.\r\r\n[\u001b[0;32m  OK  \u001b[0m] Started Regular background program processing daemon.\r\r\n[\u001b[0;32m  OK  \u001b[0m] Started ACPI event daemon.\r\r\n         Starting getty on tty2-tty6 if dbus and logind are not available...\r\r\n         Starting Expand the root partition and filesystem on boot...\r\r\n         Starting System Logging Service...\r\r\n[\u001b[0;32m  OK  \u001b[0m] Found device /dev/ttyS0.\r\r\n[    3.074999] EDAC MC: Ver: 3.0.0\r\r\n[    3.085101] EDAC sbridge:  Ver: 1.1.1 \r\r\n[\u001b[0;32m  OK  \u001b[0m] Started getty on tty2-tty6 if dbus and logind are not available.\r\r\n[\u001b[0;32m  OK  \u001b[0m] Started System Logging Service.\r\r\nNov 12 21:58:34 localhost kernel: [    0.000000] Linux version 4.9.0-11-amd64 (debian-kernel@l"]
[19.055414, "o", "ists.debian.org) (gcc version 6.3.0 20170516 (Debian 6.3.0-18+deb9u1) ) #1 SMP Debian 4.9.189-3+deb9u1 (2019-09-20)\r\r\nNov 12 21:58:34 localhost kernel: [    0.000000] Command line: BOOT_IMAGE=/boot/vmlinuz-4.9.0-11-amd64 root=UUID=2f47db5c-4ae8-4e03-9627-748a1964e0aa ro console=ttyS0,38400n8 elevator=noop scsi_mod.use_blk_mq=Y net.ifnames=0 biosdevname=0\r\r\nNov 12 21:58:34 localhost kernel: [    0.000000] x86/fpu: Supporting XSAVE feature 0x001: 'x87 floating point registers'\r\r\nNov 12 21:58:34 localhost kernel: [    0.000000] x86/fpu: Supporting XSAVE feature 0x002: 'SSE registers'\r\r\nNov 12 21:58:34 localhost kernel: [    0.000000] x86/fpu: Supporting XSAVE feature 0x004: 'AVX registers'\r\r\nNov 12 21:58:34 localhost kernel: [    0.000000] x86/fpu: xstate_offset[2]:  576, xstate_sizes[2]:  256\r\r\nNov 12 21:58:34 localhost kernel: [    0.000000] x86/fpu: Enabled xstate features 0x7, context size is 832 bytes, using 'standard' format.\r\r\nNov 12 21:58:34 localhost kernel: [    0.000000] e820: BIOS-provided physical R"]
[19.055567, "o", "AM map:\r\r\nNov 12 21:58:34 localhost kernel: [    0.000000] BIOS-e820: [mem 0x0000000000000000-0x000000000009fbff] usable\r\r\nNov 12 21:58:34 localhost kernel: [    0.000000] BIOS-e820: [mem 0x000000000009fc00-0x000000000009ffff] reserved\r\r\nNov 12 21:58:34 localhost kernel: [    0.000000] BIOS-e820: [mem 0x00000000000f0000-0x00000000000fffff] reserved\r\r\nNov 12 21:58:34 localhost kernel: [    0.000000] BIOS-e820: [mem 0x0000000000100000-0x00000000265fcfff] usable\r\r\nNov 12 21:58:34 localhost kernel: [    0.000000] BIOS-e820: [mem 0x00000000265fd000-0x00000000265fffff] reserved\r\r\nNov 12 21:58:34 localhost kernel: [    0.000000] BIOS-e820: [mem 0x00000000fffbc000-0x00000000ffffffff] reserved\r\r\nNov 12 21:58:34 localhost kernel: [    0.000000] NX (Execute Disable) protection: active\r\r\nNov 12 21:58:34 localhost kernel: [    0.000000] SMBIOS 2.4 present.\r\r\nNov 12 21:58:34 localhost kernel: [    0.000000] DMI: Google Google Compute Engine/Google Compute Engine, BIOS Google 01/01/2011\r\r\nNov 12 21:58:34 localhost kernel: ["]
[19.055685, "o", "    0.000000] Hypervisor detected: KVM\r\r\nNov 12 21:58:34 localhost kernel: [    0.000000] e820: update [mem 0x00000000-0x00000fff] usable ==> reserved\r\r\nNov 12 21:58:34 localhost kernel: [    0.000000] e820: remove [mem 0x000a0000-0x000fffff] usable\r\r\nNov 12 21:58:34 localhost kernel: [    0.000000] e820: last_pfn = 0x265fd max_arch_pfn = 0x400000000\r\r\nNov 12 21:58:34 localhost kernel: [    0.000000] MTRR default type: write-back\r\r\nNov 12 21:58:34 localhost kernel: [    0.000000] MTRR fixed ranges enabled:\r\r\nNov 12 21:58:34 localhost kernel: [    0.000000]   00000-9FFFF write-back\r\r\nNov 12 21:58:34 localhost kernel: [    0.000000]   A0000-BFFFF uncachable\r\r\nNov 12 21:58:34 localhost kernel: [    0.000000]   C0000-FFFFF write-protect\r\r\nNov 12 21:58:34 localhost kernel: [    0.000000] MTRR variable ranges enabled:\r\r\nNov 12 21:58:34 localhost kernel: [    0.000000]   0 base 000080000000 mask 3FFF80000000 uncachable\r\r\nNov 12 21:58:34 localhost kernel: [    0.000000]   1 disabled\r\r\nNov 12 21:58:34 localhost kernel"]
[19.056005, "o", ":
[    0.000000]   2 disabled\r\r\nNov 12 21:58:34 localhost kernel: [    0.000000]   3 disabled\r\r\nNov 12 21:58:34 localhost kernel: [    0.000000]   4 disabled\r\r\nNov 12 21:58:34 localhost kernel: [    0.000000]   5 disabled\r\r\nNov 12 21:58:34 localhost kernel: [    0.000000]   6 disabled\r\r\nNov 12 21:58:34 localhost kernel: [    0.000000]   7 disabled\r\r\nNov 12 21:58:34 localhost kernel: [    0.000000] x86/PAT: Configuration [0-7]: WB  WC  UC- UC  WB  WC  UC- WT  \r\r\nNov 12 21:58:34 localhost kernel: [    0.000000] found SMP MP-table at [mem 0x000f2ac0-0x000f2acf] mapped at [ffff8933000f2ac0]\r\r\nNov 12 21:58:34 localhost kernel: [    0.000000] Base memory trampoline at [ffff893300099000] 99000 size 24576\r\r\nNov 12 21:58:34 localhost kernel: [    0.000000] Using GB pages for direct mapping\r\r\nNov 12 21:58:34 localhost kernel: [    0.000000] BRK [0x16334000, 0x16334fff] PGTABLE\r\r\nNov 12 21:58:34 localhost kernel: [    0.000000] BRK [0x16335000, 0x16335fff] PGTABLE\r\r\nNov 12 21:58:34 localhost kernel: [    0.000000] BRK ["]
[19.056187, "o", "0x16336000, 0x16336fff] PGTABLE\r\r\nNov 12 21:58:34 localhost kernel: [    0.000000] BRK [0x16337000, 0x16337fff] PGTABLE\r\r\nNov 12 21:58:34 localhost kernel: [    0.000000] BRK [0x16338000, 0x16338fff] PGTABLE\r\r\nNov 12 21:58:34 localhost kernel: [    0.000000] RAMDISK: [mem 0x24ebf000-0x26011fff]\r\r\nNov 12 21:58:34 localhost kernel: [    0.000000] ACPI: Early table checksum verification disabled\r\r\nNov 12 21:58:34 localhost kernel: [    0.000000] ACPI: RSDP 0x00000000000F28A0 000014 (v00 Google)\r\r\nNov 12 21:58:34 localhost kernel: [    0.000000] ACPI: RSDT 0x00000000265FFFA0 000038 (v01 Google GOOGRSDT 00000001 GOOG 00000001)\r\r\nNov 12 21:58:34 localhost kernel: [    0.000000] ACPI: FACP 0x00000000265FF400 0000F4 (v02 Google GOOGFACP 00000001 GOOG 00000001)\r\r\nNov 12 21:58:34 localhost kernel: [    0.000000] ACPI: DSDT 0x00000000265FDB40 0018BA (v01 Google GOOGDSDT 00000001 GOOG 00000001)\r\r\nNov 12 21:58:34 localhost kernel: [    0.000000] ACPI: FACS 0x00000000265FDB00 000040\r\r\nNov 12 21:58:34 localhost kernel: [   "]
[19.056638, "o", " 0.000000] ACPI: FACS 0x00000000265FDB00 000040\r\r\nNov 12 21:58:34 localhost kernel: [    0.000000] ACPI: SRAT 0x00000000265FFEC0 0000B8 (v01 Google GOOGSRAT 00000001 GOOG 00000001)\r\r\nNov 12 21:58:34 localhost kernel: [    0.000000] ACPI: APIC 0x00000000265FFE20 00006E (v01 Google GOOGAPIC 00000001 GOOG 00000001)\r\r\nNov 12 21:58:34 localhost kernel: [    0.000000] ACPI: SSDT 0x00000000265FF500 00091F (v01 Google GOOGSSDT 00000001 GOOG 00000001)\r\r\nNov 12 21:58:34 localhost kernel: [    0.000000] ACPI: WAET 0x00000000265FFE90 000028 (v01 Google GOOGWAET 00000001 GOOG 00000001)\r\r\nNov 12 21:58:34 localhost kernel: [    0.000000] ACPI: Local APIC address 0xfee00000\r\r\nNov 12 21:58:34 localhost kernel: [    0.000000] SRAT: PXM 0 -> APIC 0x00 -> Node 0\r\r\nNov 12 21:58:34 localhost kernel: [    0.000000] ACPI: SRAT: Node 0 PXM 0 [mem 0x00000000-0x0009ffff]\r\r\nNov 12 21:58:34 localhost kernel: [    0.000000] ACPI: SRAT: Node 0 PXM 0 [mem 0x00100000-0x265fffff]\r\r\nNov 12 21:58:34 localhost kernel: [    0.000000] NUMA: Node 0"]
[19.056794, "o", " [mem 0x00000000-0x0009ffff] + [mem 0x00100000-0x265fcfff] -> [mem 0x00000000-0x265fcfff]\r\r\nNov 12 21:58:34 localhost kernel: [    0.000000] NODE_DATA(0) allocated [mem 0x265f8000-0x265fcfff]\r\r\nNov 12 21:58:34 localhost kernel: [    0.000000] kvm-clock: Using msrs 4b564d01 and 4b564d00\r\r\nNov 12 21:58:34 localhost kernel: [    0.000000] kvm-clock: cpu 0, msr 0:265f0001, primary cpu clock\r\r\nNov 12 21:58:34 localhost kernel: [    0.000000] kvm-clock: using sched offset of 2038458168 cycles\r\r\nNov 12 21:58:34 localhost kernel: [    0.000000] clocksource: kvm-clock: mask: 0xffffffffffffffff max_cycles: 0x1cd42e4dffb, max_idle_ns: 881590591483 ns\r\r\nNov 12 21:58:34 localhost kernel: [    0.000000] Zone ranges:\r\r\nNov 12 21:58:34 localhost kernel: [    0.000000]   DMA      [mem 0x0000000000001000-0x0000000000ffffff]\r\r\nNov 12 21:58:34 localhost kernel: [    0.000000]   DMA32    [mem 0x0000000001000000-0x00000000265fcfff]\r\r\nNov 12 21:58:34 localhost kernel: [    0.000000]   Normal   empty\r\r\nNov 12 21:58:34 localhost kern"]
[19.056932, "o", "el:
[    0.000000]   Device   empty\r\r\nNov 12 21:58:34 localhost kernel: [    0.000000] Movable zone start for each node\r\r\nNov 12 21:58:34 localhost kernel: [    0.000000] Early memory node ranges\r\r\nNov 12 21:58:34 localhost kernel: [    0.000000]   node   0: [mem 0x0000000000001000-0x000000000009efff]\r\r\nNov 12 21:58:34 localhost kernel: [    0.000000]   node   0: [mem 0x0000000000100000-0x00000000265fcfff]\r\r\nNov 12 21:58:34 localhost kernel: [    0.000000] Initmem setup node 0 [mem 0x0000000000001000-0x00000000265fcfff]\r\r\nNov 12 21:58:34 localhost kernel: [    0.000000] On node 0 totalpages: 157083\r\r\nNov 12 21:58:34 localhost kernel: [    0.000000]   DMA zone: 64 pages used for memmap\r\r\nNov 12 21:58:34 localhost kernel: [    0.000000]   DMA zone: 21 pages reserved\r\r\nNov 12 21:58:34 localhost kernel: [    0.000000]   DMA zone: 3998 pages, LIFO batch:0\r\r\nNov 12 21:58:34 localhost kernel: [    0.000000]   DMA32 zone: 2392 pages used for memmap\r\r\nNov 12 21:58:34 localhost kernel: [    0.000000]   DMA32 zone: 1530"]
[19.057048, "o", "85 pages, LIFO batch:31\r\r\nNov 12 21:58:34 localhost kernel: [    0.000000] ACPI: PM-Timer IO Port: 0xb008\r\r\nNov 12 21:58:34 localhost kernel: [    0.000000] ACPI: Local APIC address 0xfee00000\r\r\nNov 12 21:58:34 localhost kernel: [    0.000000] ACPI: LAPIC_NMI (acpi_id[0xff] dfl dfl lint[0x1])\r\r\nNov 12 21:58:34 localhost kernel: [    0.000000] IOAPIC[0]: apic_id 0, version 17, address 0xfec00000, GSI 0-23\r\r\nNov 12 21:58:34 localhost kernel: [    0.000000] ACPI: INT_SRC_OVR (bus 0 bus_irq 5 global_irq 5 high level)\r\r\nNov 12 21:58:34 localhost kernel: [    0.000000] ACPI: INT_SRC_OVR (bus 0 bus_irq 9 global_irq 9 high level)\r\r\nNov 12 21:58:34 localhost kernel: [    0.000000] ACPI: INT_SRC_OVR (bus 0 bus_irq 10 global_irq 10 high level)\r\r\nNov 12 21:58:34 localhost kernel: [    0.000000] ACPI: INT_SRC_OVR (bus 0 bus_irq 11 global_irq 11 high level)\r\r\nNov 12 21:58:34 localhost kernel: [    0.000000] ACPI: IRQ5 used by override.\r\r\nNov 12 21:58:34 localhost kernel: [    0.000000] ACPI: IRQ9 used by override.\r\r\nNov 12"]
[19.057178, "o", " 21:58:34 localhost kernel: [    0.000000] ACPI: IRQ10 used by override.\r\r\nNov 12 21:58:34 localhost kernel: [    0.000000] ACPI: IRQ11 used by override.\r\r\nNov 12 21:58:34 localhost kernel: [    0.000000] Using ACPI (MADT) for SMP configuration information\r\r\nNov 12 21:58:34 localhost kernel: [    0.000000] smpboot: Allowing 1 CPUs, 0 hotplug CPUs\r\r\nNov 12 21:58:34 localhost kernel: [    0.000000] PM: Registered nosave memory: [mem 0x00000000-0x00000fff]\r\r\nNov 12 21:58:34 localhost kernel: [    0.000000] PM: Registered nosave memory: [mem 0x0009f000-0x0009ffff]\r\r\nNov 12 21:58:34 localhost kernel: [    0.000000] PM: Registered nosave memory: [mem 0x000a0000-0x000effff]\r\r\nNov 12 21:58:34 localhost kernel: [    0.000000] PM: Registered nosave memory: [mem 0x000f0000-0x000fffff]\r\r\nNov 12 21:58:34 localhost kernel: [    0.000000] e820: [mem 0x26600000-0xfffbbfff] available for PCI devices\r\r\nNov 12 21:58:34 localhost kernel: [    0.000000] Booting paravirtualized kernel on KVM\r\r\nNov 12 21:58:34 localhost kernel: [  "]
[19.057306, "o", "  0.000000] clocksource: refined-jiffies: mask: 0xffffffff max_cycles: 0xffffffff, max_idle_ns: 7645519600211568 ns\r\r\nNov 12 21:58:34 localhost kernel: [    0.000000] setup_percpu: NR_CPUS:512 nr_cpumask_bits:512 nr_cpu_ids:1 nr_node_ids:1\r\r\nNov 12 21:58:34 localhost kernel: [    0.000000] percpu: Embedded 35 pages/cpu s105304 r8192 d29864 u2097152\r\r\nNov 12 21:58:34 localhost kernel: [    0.000000] pcpu-alloc: s105304 r8192 d29864 u2097152 alloc=1*2097152\r\r\nNov 12 21:58:34 localhost kernel: [    0.000000] pcpu-alloc: [0] 0 \r\r\nNov 12 21:58:34 localhost kernel: [    0.000000] Built 1 zonelists in Node order, mobility grouping on.  Total pages: 154606\r\r\nNov 12 21:58:34 localhost kernel: [    0.000000] Policy zone: DMA32\r\r\nNov 12 21:58:34 localhost kernel: [    0.000000] Kernel command line: BOOT_IMAGE=/boot/vmlinuz-4.9.0-11-amd64 root=UUID=2f47db5c-4ae8-4e03-9627-748a1964e0aa ro console=ttyS0,38400n8 elevator=noop scsi_mod.use_blk_mq=Y net.ifnames=0 biosdevname=0\r\r\nNov 12 21:58:34 localhost kernel: [    0.000000"]
[19.057472, "o", "] PID hash table entries: 4096 (order: 3, 32768 bytes)\r\r\nNov 12 21:58:34 localhost kernel: [    0.000000] Calgary: detecting Calgary via BIOS EBDA area\r\r\nNov 12 21:58:34 localhost kernel: [    0.000000] Calgary: Unable to locate Rio Grande table in EBDA - bailing!\r\r\nNov 12 21:58:34 localhost kernel: [    0.000000] Memory: 584400K/628332K available (6280K kernel code, 1162K rwdata, 2876K rodata, 1424K init, 656K bss, 43932K reserved, 0K cma-reserved)\r\r\nNov 12 21:58:34 localhost kernel: [    0.000000] Kernel/User page tables isolation: enabled\r\r\nNov 12 21:58:34 localhost kernel: [    0.000000] Hierarchical RCU implementation.\r\r\nNov 12 21:58:34 localhost kernel: [    0.000000] \tBuild-time adjustment of leaf fanout to 64.\r\r\nNov 12 21:58:34 localhost kernel: [    0.000000] \tRCU restricting CPUs from NR_CPUS=512 to nr_cpu_ids=1.\r\r\nNov 12 21:58:34 localhost kernel: [    0.000000] RCU: Adjusting geometry for rcu_fanout_leaf=64, nr_cpu_ids=1\r\r\nNov 12 21:58:34 localhost kernel: [    0.000000] NR_IRQS:33024 nr_irqs:256 "]
[19.057603, "o", "16\r\r\nNov 12 21:58:34 localhost kernel: [    0.000000] Console: colour VGA+ 80x25\r\r\nNov 12 21:58:34 localhost kernel: [    0.000000] console [ttyS0] enabled\r\r\nNov 12 21:58:34 localhost kernel: [    0.000000] tsc: Detected 2200.000 MHz processor\r\r\nNov 12 21:58:34 localhost kernel: [    0.150261] Calibrating delay loop (skipped) preset value.. 4400.00 BogoMIPS (lpj=8800000)\r\r\nNov 12 21:58:34 localhost kernel: [    0.152054] pid_max: default: 32768 minimum: 301\r\r\nNov 12 21:58:34 localhost kernel: [    0.152829] ACPI: Core revision 20160831\r\r\nNov 12 21:58:34 localhost kernel: [    0.154689] ACPI: 2 ACPI AML tables successfully acquired and loaded\r\r\nNov 12 21:58:34 localhost kernel: [    0.155656] Security Framework initialized\r\r\nNov 12 21:58:34 localhost kernel: [    0.156684] Yama: disabled by default; enable with sysctl kernel.yama.*\r\r\nNov 12 21:58:34 localhost kernel: [    0.158776] AppArmor: AppArmor disabled by boot time parameter\r\r\nNov 12 21:58:34 localhost kernel: [    0.160164] Dentry cache hash table entr"]
[19.057685, "o", "ies: 131072 (order: 8, 1048576 bytes)\r\r\nNov 12 21:58:34 localhost kernel: [    0.163030] Inode-cache hash table entries: 65536 (order: 7, 524288 bytes)\r\r\nNov 12 21:58:34 localhost kernel: [    0.164553] Mount-cache hash table entries: 2048 (order: 2, 16384 bytes)\r\r\nNov 12 21:58:34 localhost kernel: [    0.166051] Mountpoint-cache hash table entries: 2048 (order: 2, 16384 bytes)\r\r\nNov 12 21:58:34 localhost kernel: [    0.168387] mce: CPU supports 32 MCE banks\r\r\nNov 12 21:58:34 localhost kernel: [    0.169478] Last level iTLB entries: 4KB 64, 2MB 8, 4MB 8\r\r\nNov 12 21:58:34 localhost kernel: [    0.170450] Last level dTLB entries: 4KB 64, 2MB 0, 4MB 0, 1GB 4\r\r\nNov 12 21:58:34 localhost kernel: [    0.171883] Spectre V1 : Mitigation: usercopy/swapgs barriers and __user pointer sanitization\r\r\nNov 12 21:58:34 localhost kernel: [    0.173756] Spectre V2 : Mitigation: Full generic retpoline\r\r\nNov 12 21:58:34 localhost kernel: [    0.175229] Spectre V2 : Spectre v2 / SpectreRSB mitigation: Filling RSB on context switc"]
[19.057909, "o", "h\r\r\nNov 12 21:58:34 localhost kernel: [    0.177350] Spectre V2 : Enabling Restricted Speculation for firmware calls\r\r\nNov 12 21:58:34 localhost kernel: [    0.178884] Spectre V2 : mitigation: Enabling conditional Indirect Branch Prediction Barrier\r\r\nNov 12 21:58:34 localhost kernel: [    0.180618] Speculative Store Bypass: Mitigation: Speculative Store Bypass disabled via prctl and seccomp\r\r\nNov 12 21:58:34 localhost kernel: [    0.182621] MDS: Mitigation: Clear CPU buffers\r\r\nNov 12 21:58:34 localhost kernel: [    0.203447] Freeing SMP alternatives memory: 24K\r\r\nNov 12 21:58:34 localhost kernel: [    0.212760] ftrace: allocating 25330 entries in 99 pages\r\r\nNov 12 21:58:34 localhost kernel: [    0.269237] smpboot: Max logical packages: 1\r\r\nNov 12 21:58:34 localhost kernel: [    0.271156] x2apic enabled\r\r\nNov 12 21:58:34 localhost kernel: [    0.272764] Switched APIC routing to physical x2apic.\r\r\nNov 12 21:58:34 localhost kernel: [    0.277020] ..TIMER: vector=0x30 apic1=0 pin1=0 apic2=-1 pin2=-1\r\r\nNov 12 21:5"]
[19.058038, "o", "8:34 localhost kernel: [    0.385348] smpboot: CPU0: Intel(R) Xeon(R) CPU @ 2.20GHz (family: 0x6, model: 0x4f, stepping: 0x0)\r\r\nNov 12 21:58:34 localhost kernel: [    0.388662] Performance Events: unsupported p6 CPU model 79 no PMU driver, software events only.\r\r\nNov 12 21:58:34 localhost kernel: [    0.391821] x86: Booted up 1 node, 1 CPUs\r\r\nNov 12 21:58:34 localhost kernel: [    0.392432] smpboot: Total of 1 processors activated (4400.00 BogoMIPS)\r\r\nNov 12 21:58:34 localhost kernel: [    0.395297] devtmpfs: initialized\r\r\nNov 12 21:58:34 localhost kernel: [    0.395903] x86/mm: Memory block size: 128MB\r\r\nNov 12 21:58:34 localhost kernel: [    0.398476] clocksource: jiffies: mask: 0xffffffff max_cycles: 0xffffffff, max_idle_ns: 7645041785100000 ns\r\r\nNov 12 21:58:34 localhost kernel: [    0.401461] futex hash table entries: 256 (order: 2, 16384 bytes)\r\r\nNov 12 21:58:34 localhost kernel: [    0.403189] pinctrl core: initialized pinctrl subsystem\r\r\nNov 12 21:58:34 localhost kernel: [    0.404266] NET: Registered"]
[19.058421, "o", " protocol family 16\r\r\nNov 12 21:58:34 localhost kernel: [    0.405811] cpuidle: using governor ladder\r\r\nNov 12 21:58:34 localhost kernel: [    0.407394] cpuidle: using governor menu\r\r\nNov 12 21:58:34 localhost kernel: [    0.408531] ACPI: bus type PCI registered\r\r\nNov 12 21:58:34 localhost kernel: [    0.409653] acpiphp: ACPI Hot Plug PCI Controller Driver version: 0.5\r\r\nNov 12 21:58:34 localhost kernel: [    0.411596] PCI: Using configuration type 1 for base access\r\r\nNov 12 21:58:34 localhost kernel: [    0.413852] HugeTLB registered 1 GB page size, pre-allocated 0 pages\r\r\nNov 12 21:58:34 localhost kernel: [    0.415721] HugeTLB registered 2 MB page size, pre-allocated 0 pages\r\r\nNov 12 21:58:34 localhost kernel: [    0.417138] ACPI: Added _OSI(Module Device)\r\r\nNov 12 21:58:34 localhost kernel: [    0.418291] ACPI: Added _OSI(Processor Device)\r\r\nNov 12 21:58:34 localhost kernel: [    0.419458] ACPI: Added _OSI(3.0 _SCP Extensions)\r\r\nNov 12 21:58:34 localhost kernel: [    0.420528] ACPI: Added _OSI(Processor A"]
[19.058561, "o", "ggregator Device)\r\r\nNov 12 21:58:34 localhost kernel: [    0.422104] ACPI: Executed 2 blocks of module-level executable AML code\r\r\nNov 12 21:58:34 localhost kernel: [    0.424570] ACPI: Interpreter enabled\r\r\nNov 12 21:58:34 localhost kernel: [    0.425566] ACPI: (supports S0 S3 S4 S5)\r\r\nNov 12 21:58:34 localhost kernel: [    0.426490] ACPI: Using IOAPIC for interrupt routing\r\r\nNov 12 21:58:34 localhost kernel: [    0.427908] PCI: Using host bridge windows from ACPI; if necessary, use \"pci=nocrs\" and report a bug\r\r\nNov 12 21:58:34 localhost kernel: [    0.432231] ACPI: PCI Root Bridge [PCI0] (domain 0000 [bus 00-ff])\r\r\nNov 12 21:58:34 localhost kernel: [    0.433747] acpi PNP0A03:00: _OSC: OS supports [ASPM ClockPM Segments MSI]\r\r\nNov 12 21:58:34 localhost kernel: [    0.435542] acpi PNP0A03:00: _OSC failed (AE_NOT_FOUND); disabling ASPM\r\r\nNov 12 21:58:34 localhost kernel: [    0.438146] acpi PNP0A03:00: fail to add MMCONFIG information, can't access extended PCI configuration space under this bridge.\r\r\nNov 12"]
[19.05863, "o", " 21:58:34 localhost kernel: [    0.442823] PCI host bridge to bus 0000:00\r\r\nNov 12 21:58:34 localhost kernel: [    0.444283] pci_bus 0000:00: root bus resource [io  0x0000-0x0cf7 window]\r\r\nNov 12 21:58:34 localhost kernel: [    0.445872] pci_bus 0000:00: root bus resource [io  0x0d00-0xffff window]\r\r\nNov 12 21:58:34 localhost kernel: [    0.447266] pci_bus 0000:00: root bus resource [mem 0x000a0000-0x000bffff window]\r\r\nNov 12 21:58:34 localhost kernel: [    0.448484] pci_bus 0000:00: root bus resource [mem 0x80000000-0xfebfffff window]\r\r\nNov 12 21:58:34 localhost kernel: [    0.450558] pci_bus 0000:00: root bus resource [bus 00-ff]\r\r\nNov 12 21:58:34 localhost kernel: [    0.452125] pci 0000:00:00.0: [8086:1237] type 00 class 0x060000\r\r\nNov 12 21:58:34 localhost kernel: [    0.452564] pci 0000:00:01.0: [8086:7110] type 00 class 0x060100\r\r\nNov 12 21:58:34 localhost kernel: [    0.467243] pci 0000:00:01.3: [8086:7113] type 00 class 0x068000\r\r\nNov 12 21:58:34 localhost kernel: [    0.480838] pci 0000:00:01.3: qui"]
[19.059018, "o", "rk: [io  0xb000-0xb03f] claimed by PIIX4 ACPI\r\r\nNov 12 21:58:34 localhost kernel: [    0.484489] pci 0000:00:03.0: [1af4:1004] type 00 class 0x000000\r\r\nNov 12 21:58:34 localhost kernel: [    0.490032] pci 0000:00:03.0: reg 0x10: [io  0xc000-0xc03f]\r\r\nNov 12 21:58:34 localhost kernel: [    0.495307] pci 0000:00:03.0: reg 0x14: [mem 0xfebfe000-0xfebfe07f]\r\r\nNov 12 21:58:34 localhost kernel: [    0.511190] pci 0000:00:04.0: [1af4:1000] type 00 class 0x020000\r\r\nNov 12 21:58:34 localhost kernel: [    0.515652] pci 0000:00:04.0: reg 0x10: [io  0xc040-0xc07f]\r\r\nNov 12 21:58:34 localhost kernel: [    0.519356] pci 0000:00:04.0: reg 0x14: [mem 0xfebff000-0xfebff03f]\r\r\nNov 12 21:58:34 localhost kernel: [    0.535042] ACPI: PCI Interrupt Link [LNKA] (IRQs 5 *10 11)\r\r\nNov 12 21:58:34 localhost kernel: [    0.538994] ACPI: PCI Interrupt Link [LNKB] (IRQs 5 *10 11)\r\r\nNov 12 21:58:34 localhost kernel: [    0.541619] ACPI: PCI Interrupt Link [LNKC] (IRQs 5 10 *11)\r\r\nNov 12 21:58:34 localhost kernel: [    0.544174] ACPI: PCI "]
[19.059308, "o", "Interrupt Link [LNKD] (IRQs 5 10 *11)\r\r\nNov 12 21:58:34 localhost kernel: [    0.546540] ACPI: PCI Interrupt Link [LNKS] (IRQs *9)\r\r\nNov 12 21:58:34 localhost kernel: [    0.548067] ACPI: Enabled 16 GPEs in block 00 to 0F\r\r\nNov 12 21:58:34 localhost kernel: [    0.549407] vgaarb: loaded\r\r\nNov 12 21:58:34 localhost kernel: [    0.549967] PCI: Using ACPI for IRQ routing\r\r\nNov 12 21:58:34 localhost kernel: [    0.551594] PCI: pci_cache_line_size set to 64 bytes\r\r\nNov 12 21:58:34 localhost kernel: [    0.551695] e820: reserve RAM buffer [mem 0x0009fc00-0x0009ffff]\r\r\nNov 12 21:58:34 localhost kernel: [    0.551698] e820: reserve RAM buffer [mem 0x265fd000-0x27ffffff]\r\r\nNov 12 21:58:34 localhost kernel: [    0.551957] clocksource: Switched to clocksource kvm-clock\r\r\nNov 12 21:58:34 localhost kernel: [    0.562662] VFS: Disk quotas dquot_6.6.0\r\r\nNov 12 21:58:34 localhost kernel: [    0.563896] VFS: Dquot-cache hash table entries: 512 (order 0, 4096 bytes)\r\r\nNov 12 21:58:34 localhost kernel: [    0.565423] pnp: PnP A"]
[19.059483, "o", "CPI init\r\r\nNov 12 21:58:34 localhost kernel: [    0.566626] pnp 00:00: Plug and Play ACPI device, IDs PNP0b00 (active)\r\r\nNov 12 21:58:34 localhost kernel: [    0.566726] pnp 00:01: Plug and Play ACPI device, IDs PNP0303 (active)\r\r\nNov 12 21:58:34 localhost kernel: [    0.566773] pnp 00:02: Plug and Play ACPI device, IDs PNP0f13 (active)\r\r\nNov 12 21:58:34 localhost kernel: [    0.566828] pnp 00:03: Plug and Play ACPI device, IDs PNP0501 (active)\r\r\nNov 12 21:58:34 localhost kernel: [    0.566873] pnp 00:04: Plug and Play ACPI device, IDs PNP0501 (active)\r\r\nNov 12 21:58:34 localhost kernel: [    0.566916] pnp 00:05: Plug and Play ACPI device, IDs PNP0501 (active)\r\r\nNov 12 21:58:34 localhost kernel: [    0.566961] pnp 00:06: Plug and Play ACPI device, IDs PNP0501 (active)\r\r\nNov 12 21:58:34 localhost kernel: [    0.567120] pnp: PnP ACPI: found 7 devices\r\r\nNov 12 21:58:34 localhost kernel: [    0.574766] clocksource: acpi_pm: mask: 0xffffff max_cycles: 0xffffff, max_idle_ns: 2085701024 ns\r\r\nNov 12 21:58:34 localhos"]
[19.059614, "o", "t kernel: [    0.577282] pci_bus 0000:00: resource 4 [io  0x0000-0x0cf7 window]\r\r\nNov 12 21:58:34 localhost kernel: [    0.577284] pci_bus 0000:00: resource 5 [io  0x0d00-0xffff window]\r\r\nNov 12 21:58:34 localhost kernel: [    0.577285] pci_bus 0000:00: resource 6 [mem 0x000a0000-0x000bffff window]\r\r\nNov 12 21:58:34 localhost kernel: [    0.577287] pci_bus 0000:00: resource 7 [mem 0x80000000-0xfebfffff window]\r\r\nNov 12 21:58:34 localhost kernel: [    0.577378] NET: Registered protocol family 2\r\r\nNov 12 21:58:34 localhost kernel: [    0.578449] TCP established hash table entries: 8192 (order: 4, 65536 bytes)\r\r\nNov 12 21:58:34 localhost kernel: [    0.580208] TCP bind hash table entries: 8192 (order: 5, 131072 bytes)\r\r\nNov 12 21:58:34 localhost kernel: [    0.582401] TCP: Hash tables configured (established 8192 bind 8192)\r\r\nNov 12 21:58:34 localhost kernel: [    0.583787] UDP hash table entries: 512 (order: 2, 16384 bytes)\r\r\nNov 12 21:58:34 localhost kernel: [    0.585801] UDP-Lite hash table entries: 512 (ord"]
[19.059735, "o", "er: 2, 16384 bytes)\r\r\nNov 12 21:58:34 localhost kernel: [    0.587343] NET: Registered protocol family 1\r\r\nNov 12 21:58:34 localhost kernel: [    0.588643] pci 0000:00:00.0: Limiting direct PCI/PCI transfers\r\r\nNov 12 21:58:34 localhost kernel: [    0.590491] PCI: CLS 0 bytes, default 64\r\r\nNov 12 21:58:34 localhost kernel: [    0.590563] Unpacking initramfs...\r\r\nNov 12 21:58:34 localhost kernel: [    0.931417] Freeing initrd memory: 17740K\r\r\nNov 12 21:58:34 localhost kernel: [    0.933906] audit: initializing netlink subsys (disabled)\r\r\nNov 12 21:58:34 localhost kernel: [    0.934872] audit: type=2000 audit(1573595912.480:1): initialized\r\r\nNov 12 21:58:34 localhost kernel: [    0.936972] workingset: timestamp_bits=40 max_order=18 bucket_order=0\r\r\nNov 12 21:58:34 localhost kernel: [    0.938610] zbud: loaded\r\r\nNov 12 21:58:34 localhost kernel: [    0.940063] Block layer SCSI generic (bsg) driver version 0.4 loaded (major 250)\r\r\nNov 12 21:58:34 localhost kernel: [    0.942021] io scheduler noop registered (defau"]
[19.059854, "o", "lt)\r\r\nNov 12 21:58:34 localhost kernel: [    0.943351] io scheduler deadline registered\r\r\nNov 12 21:58:34 localhost kernel: [    0.944465] io scheduler cfq registered\r\r\nNov 12 21:58:34 localhost kernel: [    0.945202] pci_hotplug: PCI Hot Plug PCI Core version: 0.5\r\r\nNov 12 21:58:34 localhost kernel: [    0.946234] pciehp: PCI Express Hot Plug Controller Driver version: 0.4\r\r\nNov 12 21:58:34 localhost kernel: [    0.947671] intel_idle: does not run on family 6 model 79\r\r\nNov 12 21:58:34 localhost kernel: [    0.947767] GHES: HEST is not enabled!\r\r\nNov 12 21:58:34 localhost kernel: [    0.948625] Serial: 8250/16550 driver, 4 ports, IRQ sharing enabled\r\r\nNov 12 21:58:34 localhost kernel: [    0.972309] 00:03: ttyS0 at I/O 0x3f8 (irq = 4, base_baud = 115200) is a 16550A\r\r\nNov 12 21:58:34 localhost kernel: [    0.996148] 00:04: ttyS1 at I/O 0x2f8 (irq = 3, base_baud = 115200) is a 16550A\r\r\nNov 12 21:58:34 localhost kernel: [    1.019671] 00:05: ttyS2 at I/O 0x3e8 (irq = 6, base_baud = 115200) is a 16550A\r\r\nNov 12"]
[19.059982, "o", " 21:58:34 localhost kernel: [    1.043554] 00:06: ttyS3 at I/O 0x2e8 (irq = 7, base_baud = 115200) is a 16550A\r\r\nNov 12 21:58:34 localhost kernel: [    1.045662] Linux agpgart interface v0.103\r\r\nNov 12 21:58:34 localhost kernel: [    1.047508] AMD IOMMUv2 driver by Joerg Roedel <jroedel@suse.de>\r\r\nNov 12 21:58:34 localhost kernel: [    1.049022] AMD IOMMUv2 functionality not available on this system\r\r\nNov 12 21:58:34 localhost kernel: [    1.050666] i8042: PNP: PS/2 Controller [PNP0303:KBD,PNP0f13:MOU] at 0x60,0x64 irq 1,12\r\r\n[\u001b[0;32m  OK  \u001b[0m] Started Expand the root partition and filesystem on boot.\r\r\nNov 12 21:58:34 localhost kernel: [    1.053150] i8042: Warning: Keylock active\r\r\nNov 12 21:58:34 localhost kernel: [    1.055011] serio: i8042 KBD port at 0x60,0x64 irq 1\r\r\nNov 12 21:58:34 localhost kernel: [    1.056182] serio: i8042 AUX port at 0x60,0x64 irq 12\r\r\nNov 12 21:58:34 localhost kernel: [    1.057722] mousedev: PS/2 mouse device common for all mice\r\r\nNov 12 21:58:34 localhost kernel: [    1.05918"]
[19.060091, "o", "9] rtc_cmos 00:00: RTC can wake from S4\r\r\nNov 12 21:58:34 localhost kernel: [    1.060513] rtc_cmos 00:00: rtc core: registered rtc_cmos as rtc0\r\r\nNov 12 21:58:34 localhost kernel: [    1.062275] rtc_cmos 00:00: alarms up to one day, 114 bytes nvram\r\r\nNov 12 21:58:34 localhost kernel: [    1.063756] ledtrig-cpu: registered to indicate activity on CPUs\r\r\nNov 12 21:58:34 localhost kernel: [    1.065362] NET: Registered protocol family 10\r\r\nNov 12 21:58:34 localhost kernel: [    1.066752] mip6: Mobile IPv6\r\r\nNov 12 21:58:34 localhost kernel: [    1.067553] NET: Registered protocol family 17\r\r\nNov 12 21:58:34 localhost kernel: [    1.068565] mpls_gso: MPLS GSO support\r\r\nNov 12 21:58:34 localhost kernel: [    1.069698] registered taskstats version 1\r\r\nNov 12 21:58:34 localhost kernel: [    1.070659] zswap: loaded using pool lzo/zbud\r\r\nNov 12 21:58:34 localhost kernel: [    1.071670] ima: No TPM chip found, activating TPM-bypass!\r\r\nNov 12 21:58:34 localhost kernel: [    1.072894] ima: Allocated hash algorithm: sha2"]
[19.060227, "o", "56\r\r\nNov 12 21:58:34 localhost kernel: [    1.074120] rtc_cmos 00:00: setting system clock to 2019-11-12 21:58:32 UTC (1573595912)\r\r\nNov 12 21:58:34 localhost kernel: [    1.076004] PM: Hibernation image not present or could not be loaded.\r\r\nNov 12 21:58:34 localhost kernel: [    1.077742] Freeing unused kernel memory: 1424K\r\r\nNov 12 21:58:34 localhost kernel: [    1.079008] Write protecting the kernel read-only data: 12288k\r\r\nNov 12 21:58:34 localhost kernel: [    1.081055] Freeing unused kernel memory: 1896K\r\r\nNov 12 21:58:34 localhost kernel: [    1.084547] Freeing unused kernel memory: 1220K\r\r\nNov 12 21:58:34 localhost kernel: [    1.089624] x86/mm: Checked W+X mappings: passed, no W+X pages found.\r\r\nNov 12 21:58:34 localhost kernel: [    1.104901] random: systemd-udevd: uninitialized urandom read (16 bytes read)\r\r\nNov 12 21:58:34 localhost kernel: [    1.107202] random: systemd-udevd: uninitialized urandom read (16 bytes read)\r\r\nNov 12 21:58:34 localhost kernel: [    1.110029] random: udevadm: uninitiali"]
[19.060277, "o", "zed urandom read (16 bytes read)\r\r\nNov 12 21:58:34 localhost kernel: [    1.133798] piix4_smbus 0000:00:01.3: SMBus base address uninitialized - upgrade BIOS or use force_addr=0xaddr\r\r\nNov 12 21:58:34 localhost kernel: [    1.145354] ACPI: PCI Interrupt Link [LNKC] enabled at IRQ 11\r\r\nNov 12 21:58:34 localhost kernel: [    1.146517] virtio-pci 0000:00:03.0: virtio_pci: leaving for legacy driver\r\r\nNov 12 21:58:34 localhost kernel: [    1.172500] AVX2 version of gcm_enc/dec engaged.\r\r\nNov 12 21:58:34 localhost kernel: [    1.173554] AES CTR mode by8 optimization enabled\r\r\nNov 12 21:58:34 localhost kernel: [    1.182056] ACPI: PCI Interrupt Link [LNKD] enabled at IRQ 10\r\r\nNov 12 21:58:34 localhost kernel: [    1.183691] virtio-pci 0000:00:04.0: virtio_pci: leaving for legacy driver\r\r\nNov 12 21:58:34 localhost kernel: [    1.214506] SCSI subsystem initialized\r\r\nNov 12 21:58:34 localhost kernel: [    1.272080] input: AT Translated Set 2 keyboard as /devices/platform/i8042/serio0/input/input0\r\r\nNov 12 21:58:34 loca"]
[19.060589, "o", "lhost kernel: [    1.284352] scsi host0: Virtio SCSI HBA\r\r\nNov 12 21:58:34 localhost kernel: [    1.290771] scsi 0:0:1:0: Direct-Access     Google   PersistentDisk   1    PQ: 0 ANSI: 6\r\r\nNov 12 21:58:34 localhost kernel: [    1.305366] random: fast init done\r\r\nNov 12 21:58:34 localhost kernel: [    1.321902] sd 0:0:1:0: [sda] 20971520 512-byte logical blocks: (10.7 GB/10.0 GiB)\r\r\nNov 12 21:58:34 localhost kernel: [    1.324868] sd 0:0:1:0: [sda] 4096-byte physical blocks\r\r\nNov 12 21:58:34 localhost kernel: [    1.326623] sd 0:0:1:0: [sda] Write Protect is off\r\r\nNov 12 21:58:34 localhost kernel: [    1.328398] sd 0:0:1:0: [sda] Mode Sense: 1f 00 00 08\r\r\nNov 12 21:58:34 localhost kernel: [    1.328673] sd 0:0:1:0: [sda] Write cache: enabled, read cache: enabled, doesn't support DPO or FUA\r\r\nNov 12 21:58:34 localhost kernel: [    1.333438]  sda: sda1\r\r\nNov 12 21:58:34 localhost kernel: [    1.335507] sd 0:0:1:0: [sda] Attached SCSI disk\r\r\nNov 12 21:58:34 localhost kernel: [    1.456843] EXT4-fs (sda1): mounted f"]
[19.060729, "o", "ilesystem with ordered data mode. Opts: (null)\r\r\nNov 12 21:58:34 localhost kernel: [    1.885030] ip_tables: (C) 2000-2006 Netfilter Core Team\r\r\nNov 12 21:58:34 localhost kernel: [    1.925188] input: ImExPS/2 Generic Explorer Mouse as /devices/platform/i8042/serio1/input/input2\r\r\nNov 12 21:58:34 localhost kernel: [    1.956052] tsc: Refined TSC clocksource calibration: 2199.800 MHz\r\r\nNov 12 21:58:34 localhost kernel: [    1.957271] clocksource: tsc: mask: 0xffffffffffffffff max_cycles: 0x1fb575ba047, max_idle_ns: 440795214997 ns\r\r\nNov 12 21:58:34 localhost kernel: [    2.502513] EXT4-fs (sda1): re-mounted. Opts: (null)\r\r\nNov 12 21:58:34 localhost kernel: [    2.921177] input: Power Button as /devices/LNXSYSTM:00/LNXPWRBN:00/input/input3\r\r\nNov 12 21:58:34 localhost kernel: [    2.922987] ACPI: Power Button [PWRF]\r\r\nNov 12 21:58:34 localhost kernel: [    2.923676] input: Sleep Button as /devices/LNXSYSTM:00/LNXSLPBN:00/input/input4\r\r\nNov 12 21:58:34 localhost kernel: [    2.940854] ACPI: Sleep Button [SLPF]\r\r\n"]
[19.060982, "o", "Nov 12 21:58:34 localhost kernel: [    2.962102] sd 0:0:1:0: Attached scsi generic sg0 type 0\r\r\nNov 12 21:58:34 localhost kernel: [    2.983601] RAPL PMU: API unit is 2^-32 Joules, 3 fixed counters, 10737418240 ms ovfl timer\r\r\nNov 12 21:58:34 localhost kernel: [    2.984894] RAPL PMU: hw unit of domain pp0-core 2^-0 Joules\r\r\nNov 12 21:58:34 localhost kernel: [    2.985872] RAPL PMU: hw unit of domain package 2^-0 Joules\r\r\nNov 12 21:58:34 localhost kernel: [    2.986636] RAPL PMU: hw unit of domain dram 2^-16 Joules\r\r\nNov 12 21:58:34 localhost kernel: [    3.074999] EDAC MC: Ver: 3.0.0\r\r\nNov 12 21:58:34 localhost kernel: [    3.085098] EDAC sbridge: Seeking for: PCI ID 8086:6fa0\r\r\nNov 12 21:58:34 localhost kernel: [    3.085101] EDAC sbridge:  Ver: 1.1.1 \r\r\nNov 12 21:58:34 localhost systemd[1]: Started Load Kernel Modules.\r\r\nNov 12 21:58:34 localhost systemd[1]: Started Create list of required static device nodes for the current kernel.\r\r\nNov 12 21:58:34 localhost systemd[1]: Started Remount Root and Kernel Fi"]
[19.061136, "o", "le Systems.\r\r\nNov 12 21:58:34 localhost systemd[1]: Starting Load/Save Random Seed...\r\r\nNov 12 21:58:34 localhost systemd[1]: Starting udev Coldplug all Devices...\r\r\nNov 12 21:58:34 localhost systemd[1]: Starting Create Static Device Nodes in /dev...\r\r\nNov 12 21:58:34 localhost systemd[1]: Starting Apply Kernel Variables...\r\r\nNov 12 21:58:34 localhost systemd[1]: Starting Flush Journal to Persistent Storage...\r\r\nNov 12 21:58:34 localhost systemd[1]: Started Apply Kernel Variables.\r\r\nNov 12 21:58:34 localhost systemd[1]: Started Load/Save Random Seed.\r\r\nNov 12 21:58:34 localhost systemd[1]: Started udev Coldplug all Devices.\r\r\nNov 12 21:58:34 localhost systemd[1]: Started Flush Journal to Persistent Storage.\r\r\nNov 12 21:58:34 localhost systemd[1]: Started Create Static Device Nodes in /dev.\r\r\nNov 12 21:58:34 localhost systemd[1]: Reached target Local File Systems (Pre).\r\r\nNov 12 21:58:34 localhost systemd[1]: Reached target Local File Systems.\r\r\nNov 12 21:58:34 localhost systemd[1]: Starting Raise network inte"]
[19.061254, "o", "rfaces...\r\r\nNov 12 21:58:34 localhost systemd[1]: Starting Create Volatile Files and Directories...\r\r\nNov 12 21:58:34 localhost systemd[1]: Starting udev Kernel Device Manager...\r\r\nNov 12 21:58:34 localhost systemd-udevd[440]: Network interface NamePolicy= disabled on kernel command line, ignoring.\r\r\nNov 12 21:58:34 localhost systemd[1]: Started udev Kernel Device Manager.\r\r\nNov 12 21:58:34 localhost systemd[1]: Started Create Volatile Files and Directories.\r\r\nNov 12 21:58:34 localhost systemd[1]: Reached target System Time Synchronized.\r\r\nNov 12 21:58:34 localhost systemd[1]: Starting Update UTMP about System Boot/Shutdown...\r\r\nNov 12 21:58:34 localhost systemd[1]: Started Update UTMP about System Boot/Shutdown.\r\r\nNov 12 21:58:34 localhost systemd[1]: Reached target System Initialization.\r\r\nNov 12 21:58:34 localhost systemd[1]: Started Daily Cleanup of Temporary Directories.\r\r\nNov 12 21:58:34 localhost systemd[1]: apt-daily.timer: Adding 36min 23.695642s random time.\r\r\nNov 12 21:58:34 localhost systemd[1]: S"]
[19.061991, "o", "tarted Daily apt download activities.\r\r\nNov 12 21:58:34 localhost systemd[1]: apt-daily-upgrade.timer: Adding 12min 40.321294s random time.\r\r\nNov 12 21:58:34 localhost systemd[1]: Started Daily apt upgrade and clean activities.\r\r\nNov 12 21:58:34 localhost systemd[1]: Reached target Timers.\r\r\nNov 12 21:58:34 localhost systemd[1]: Started ACPI Events Check.\r\r\nNov 12 21:58:34 localhost systemd[1]: Reached target Paths.\r\r\nNov 12 21:58:34 localhost systemd[1]: Listening on UUID daemon activation socket.\r\r\nNov 12 21:58:34 localhost systemd[1]: Listening on ACPID Listen Socket.\r\r\nNov 12 21:58:34 localhost systemd[1]: Reached target Sockets.\r\r\nNov 12 21:58:34 localhost systemd[1]: Reached target Basic System.\r\r\nNov 12 21:58:34 localhost systemd[1]: Started Regular background program processing daemon.\r\r\nNov 12 21:58:34 localhost systemd[1]: Started ACPI event daemon.\r\r\nNov 12 21:58:34 localhost systemd[1]: Starting getty on tty2-tty6 if dbus and logind are not available...\r\r\nNov 12 21:58:34 localhost systemd[1]: Star"]
[19.062135, "o", "ting Expand the root partition and filesystem on boot...\r\r\nNov 12 21:58:34 localhost systemd[1]: Starting System Logging Service...\r\r\nNov 12 21:58:34 localhost systemd[1]: Found device /dev/ttyS0.\r\r\nNov 12 21:58:34 localhost acpid: starting up with netlink and the input layer\r\r\nNov 12 21:58:34 localhost acpid: 1 rule loaded\r\r\nNov 12 21:58:34 localhost acpid: waiting for events: event logging is off\r\r\nNov 12 21:58:34 localhost expand-root[471]: Growing partition /dev/sda1\r\r\nNov 12 21:58:34 localhost systemd[1]: Started getty on tty2-tty6 if dbus and logind are not available.\r\r\nNov 12 21:58:34 localhost systemd[1]: Started System Logging Service.\r\r\nNov 12 21:58:34 localhost expand-root[471]: NOCHANGE: partition 1 could only be grown by -33 [fudge=2048]\r\r\nNov 12 21:58:34 localhost expand-root[471]: Resizing ext4 filesystem on /dev/sda1\r\r\nNov 12 21:58:34 localhost expand-root[471]: resize2fs 1.43.4 (31-Jan-2017)\r\r\nNov 12 21:58:34 localhost dhclient[526]: Internet Systems Consortium DHCP Client 4.3.5\r\r\nNov 12 21:5"]
[19.062266, "o", "8:34 localhost ifup[482]: Internet Systems Consortium DHCP Client 4.3.5\r\r\nNov 12 21:58:34 localhost dhclient[526]: Copyright 2004-2016 Internet Systems Consortium.\r\r\nNov 12 21:58:34 localhost ifup[482]: Copyright 2004-2016 Internet Systems Consortium.\r\r\nNov 12 21:58:34 localhost ifup[482]: All rights reserved.\r\r\nNov 12 21:58:34 localhost ifup[482]: For info, please visit https://www.isc.org/software/dhcp/\r\r\nNov 12 21:58:34 localhost dhclient[526]: All rights reserved.\r\r\nNov 12 21:58:34 localhost dhclient[526]: For info, please visit https://www.isc.org/software/dhcp/\r\r\nNov 12 21:58:34 localhost dhclient[526]: \r\r\nNov 12 21:58:34 localhost dhclient[526]: Listening on LPF/eth0/42:01:0a:8a:00:03\r\r\nNov 12 21:58:34 localhost ifup[482]: Listening on LPF/eth0/42:01:0a:8a:00:03\r\r\nNov 12 21:58:34 localhost ifup[482]: Sending on   LPF/eth0/42:01:0a:8a:00:03\r\r\nNov 12 21:58:34 localhost ifup[482]: Sending on   Socket/fallback\r\r\nNov 12 21:58:34 localhost ifup[482]: DHCPDISCOVER on eth0 to 255.255.255.255 port 67 interval 5"]
[19.062375, "o", "\r\r\nNov 12 21:58:34 localhost dhclient[526]: Sending on   LPF/eth0/42:01:0a:8a:00:03\r\r\nNov 12 21:58:34 localhost systemd[1]: Started Expand the root partition and filesystem on boot.\r\r\nNov 12 21:58:34 localhost ifup[482]: DHCPREQUEST of 10.138.0.3 on eth0 to 255.255.255.255 port 67\r\r\nNov 12 21:58:34 localhost ifup[482]: DHCPOFFER of 10.138.0.3 from 169.254.169.254\r\r\nNov 12 21:58:34 localhost ifup[482]: DHCPACK of 10.138.0.3 from 169.254.169.254\r\r\nNov 12 21:58:34 localhost expand-root[471]: The filesystem is already 2620928 (4k) blocks long.  Nothing to do!\r\r\nNov 12 21:58:34 localhost dhclient[526]: Sending on   Socket/fallback\r\r\nNov 12 21:58:34 localhost dhclient[526]: DHCPDISCOVER on eth0 to 255.255.255.255 port 67 interval 5\r\r\nNov 12 21:58:34 localhost dhclient[526]: DHCPREQUEST of 10.138.0.3 on eth0 to 255.255.255.255 port 67\r\r\nNov 12 21:58:34 localhost dhclient[526]: DHCPOFFER of 10.138.0.3 from 169.254.169.254\r\r\nNov 12 21:58:34 localhost dhclient[526]: DHCPACK of 10.138.0.3 from 169.254.169.254\r\r\n        "]
[19.062691, "o", " Stopping System Logging Service...\r\r\n[\u001b[0;32m  OK  \u001b[0m] Stopped System Logging Service.\r\r\n         Starting System Logging Service...\r\r\nNov 12 21:58:34 michael-test-instance systemd[1]: Stopping System Logging Service...\r\r\nNov 12 21:58:35 michael-test-instance systemd[1]: Stopped System Logging Service.\r\r\nNov 12 21:58:35 michael-test-instance systemd[1]: Starting System Logging Service...\r\r\n[\u001b[0;32m  OK  \u001b[0m] Started System Logging Service.\r\r\nNov 12 21:58:35 michael-test-instance systemd[1]: Started System Logging Service.\r\r\nNov 12 21:58:35 michael-test-instance dhclient[526]: bound to 10.138.0.3 -- renewal in 40937 seconds.\r\r\nNov 12 21:58:35 michael-test-instance ifup[482]: bound to 10.138.0.3 -- renewal in 40937 seconds.\r\r\n[\u001b[0;32m  OK  \u001b[0m] Started Raise network interfaces.\r\r\n[\u001b[0;32m  OK  \u001b[0m] Reached target Network.\r\r\n        
Nov 12 21:58:35 michael-test-instance systemd[1]: Started Raise network interfaces.\r\r\nNov 12 21:58:35 michael-test-instance systemd[1]: Reached target Network.\r\r\nNov 12 21:58:"]
[19.062845, "o", "35 michael-test-instance systemd[1]: Starting Permit User Sessions...\r\r\nStarting Permit User Sessions...\r\r\nNov 12 21:58:35 michael-test-instance systemd[1]: Started Unattended Upgrades Shutdown.\r\r\n[\u001b[0;32m  OK  \u001b[0m] Started Unattended Upgrades Shutdown.\r\r\n[\u001b[0;32m  OK  \u001b[0m] Reached target Network is Online.\r\r\nNov 12 21:58:35 michael-test-instance systemd[1]: Reached target Network is Online.\r\r\nNov 12 21:58:35 michael-test-instance systemd[1]: Started Google OSConfig Agent.\r\r\n[\u001b[0;32m  OK  \u001b[0m] Started Google OSConfig Agent.\r\r\nNov 12 21:58:35 michael-test-instance systemd[1]: Starting LSB: Start NTP daemon...\r\r\n         Starting LSB: Start NTP daemon...\r\r\nNov 12 21:58:35 michael-test-instance systemd[1]: Starting Google Compute Engine Instance Setup...\r\r\n         Starting Google Compute Engine Instance Setup...\r\r\nNov 12 21:58:35 michael-test-instance systemd[1]: Started Permit User Sessions.\r\r\n[\u001b[0;32m  OK  \u001b[0m] Started Permit User Sessions.\r\r\nNov 12 21:58:35 michael-test-instance systemd[1]: Started Getty"]
[19.062974, "o", " on tty6.\r\r\n[\u001b[0;32m  OK  \u001b[0m] Started Getty on tty6.\r\r\nNov 12 21:58:35 michael-test-instance systemd[1]: Started Getty on tty1.\r\r\n[\u001b[0;32m  OK  \u001b[0m] Started Getty on tty1.\r\r\nNov 12 21:58:35 michael-test-instance systemd[1]: Started Serial Getty on ttyS0.\r\r\n[\u001b[0;32m  OK  \u001b[0m] Started Serial Getty on ttyS0.\r\r\nNov 12 21:58:35 michael-test-instance systemd[1]: Started Getty on tty5.\r\r\n[\u001b[0;32m  OK  \u001b[0m] Started Getty on tty5.\r\r\nNov 12 21:58:35 michael-test-instance systemd[1]: Started Getty on tty4.\r\r\n[\u001b[0;32m  OK  \u001b[0m] Started Getty on tty4.\r\r\nNov 12 21:58:35 michael-test-instance systemd[1]: Started Getty on tty2.\r\r\n[\u001b[0;32m  OK  \u001b[0m] Started Getty on tty2.\r\r\nNov 12 21:58:35 michael-test-instance systemd[1]: Started Getty on tty3.\r\r\n[\u001b[0;32m  OK  \u001b[0m] Started Getty on tty3.\r\r\nNov 12 21:58:35 michael-test-instance systemd[1]: Reached target Login Prompts.\r\r\n[\u001b[0;32m  OK  \u001b[0m] Reached target Login Prompts.\r\r\nNov 12 21:58:35 michael-test-instance ntpd[644]: ntpd 4.2.8p10@1.3728-o Sun Feb 25 21:22:55 UTC 2"]
[19.06311, "o", "018 (1): Starting\r\r\nNov 12 21:58:35 michael-test-instance ntpd[644]: Command line: /usr/sbin/ntpd -p /var/run/ntpd.pid -g -c /run/ntp.conf.dhcp -u 106:110\r\r\n[\u001b[0;32m  OK  \u001b[0m] Started LSB: Start NTP daemon.\r\r\nNov 12 21:58:35 michael-test-instance ntp[626]: Starting NTP server: ntpd.\r\r\nNov 12 21:58:35 michael-test-instance systemd[1]: Started LSB: Start NTP daemon.\r\r\nNov 12 21:58:35 michael-test-instance ntpd[647]: proto: precision = 0.062 usec (-24)\r\r\nNov 12 21:58:35 michael-test-instance OSConfigAgent[625]: 2019-11-12T21:58:35.4473Z OSConfigAgent Info: OSConfig Agent (version 20190925.00) Started\r\r\nNov 12 21:58:35 michael-test-instance ntpd[647]: Listen and drop on 0 v6wildcard [::]:123\r\r\nNov 12 21:58:35 michael-test-instance ntpd[647]: Listen and drop on 1 v4wildcard 0.0.0.0:123\r\r\nNov 12 21:58:35 michael-test-instance ntpd[647]: Listen normally on 2 lo 127.0.0.1:123\r\r\nNov 12 21:58:35 michael-test-instance ntpd[647]: Listen normally on 3 eth0 10.138.0.3:123\r\r\nNov 12 21:58:35 michael-test-instance ntpd[647]:"]
[19.063243, "o", " Listen normally on 4 lo [::1]:123\r\r\nNov 12 21:58:35 michael-test-instance ntpd[647]: bind(21) AF_INET6 fe80::4001:aff:fe8a:3%2#123 flags 0x11 failed: Cannot assign requested address\r\r\nNov 12 21:58:35 michael-test-instance ntpd[647]: unable to create socket on eth0 (5) for fe80::4001:aff:fe8a:3%2#123\r\r\nNov 12 21:58:35 michael-test-instance ntpd[647]: failed to init interface for address fe80::4001:aff:fe8a:3%2\r\r\nNov 12 21:58:35 michael-test-instance ntpd[647]: Listening on routing socket on fd #21 for interface updates\r\r\nNov 12 21:58:36 michael-test-instance instance-setup: INFO Running google_set_multiqueue.\r\r\nNov 12 21:58:36 michael-test-instance instance-setup: INFO Setting /proc/irq/25/smp_affinity_list to 0 for device virtio1.\r\r\nNov 12 21:58:36 michael-test-instance instance-setup: INFO /proc/irq/25/smp_affinity_list: real affinity 0\r\r\nNov 12 21:58:36 michael-test-instance instance-setup: INFO Setting /proc/irq/26/smp_affinity_list to 0 for device virtio1.\r\r\nNov 12 21:58:36 michael-test-instance instance"]
[19.063417, "o", "-setup: INFO /proc/irq/26/smp_affinity_list: real affinity 0\r\r\nNov 12 21:58:36 michael-test-instance instance-setup: INFO Queue 0 XPS=1 for /sys/class/net/eth0/queues/tx-0/xps_cpus\r\r\n[\u001b[0;32m  OK  \u001b[0m] Started Google Compute Engine Instance Setup.\r\r\nNov 12 21:58:36 michael-test-instance systemd[1]: Started Google Compute Engine Instance Setup.\r\r\nNov 12 21:58:36 michael-test-instance systemd[1]: Starting OpenBSD Secure Shell server...\r\r\n         Starting OpenBSD Secure Shell server...\r\r\nNov 12 21:58:36 michael-test-instance systemd[1]: Started Google Compute Engine Network Daemon.\r\r\n[\u001b[0;32m  OK  \u001b[0m] Started Google Compute Engine Network Daemon.\r\r\nNov 12 21:58:36 michael-test-instance systemd[1]: Started Google Compute Engine Accounts Daemon.\r\r\n[\u001b[0;32m  OK  \u001b[0m] Started Google Compute Engine Accounts Daemon.\r\r\nNov 12 21:58:36 michael-test-instance systemd[1]: Starting Google Compute Engine Shutdown Scripts...\r\r\n         Starting Google Compute Engine Shutdown Scripts...\r\r\nNov 12 21:58:36 michael-test-inst"]
[19.06356, "o", "ance systemd[1]: Started Google Compute Engine Clock Skew Daemon.\r\r\n[\u001b[0;32m  OK  \u001b[0m] Started Google Compute Engine Clock Skew Daemon.\r\r\nNov 12 21:58:36 michael-test-instance systemd[1]: Starting Google Compute Engine Startup Scripts...\r\r\n         Starting Google Compute Engine Startup Scripts...\r\r\nNov 12 21:58:36 michael-test-instance systemd[1]: Started Google Compute Engine Shutdown Scripts.\r\r\n[\u001b[0;32m  OK  \u001b[0m] Started Google Compute Engine Shutdown Scripts.\r\r\n[[    5.242209] random: crng init done\r\r\n[    5.242708] random: 7 urandom warning(s) missed due to ratelimiting\r\r\nNov 12 21:58:36 michael-test-instance kernel: [    5.242209] random: crng init done\r\r\nNov 12 21:58:36 michael-test-instance kernel: [    5.242708] random: 7 urandom warning(s) missed due to ratelimiting\r\r\nNov 12 21:58:36 michael-test-instance systemd[1]: Started OpenBSD Secure Shell server.\r\r\n\u001b[0;32m  OK  \u001b[0m] Started OpenBSD Secure Shell server.\r\r\nNov 12 21:58:37 michael-test-instance ntpd[647]: Listen normally on 6 eth0 [fe80::4001"]
[19.063685, "o", ":aff:fe8a:3%2]:123\r\r\nNov 12 21:58:37 michael-test-instance google-clock-skew: INFO Starting Google Clock Skew daemon.\r\r\nNov 12 21:58:37 michael-test-instance google-accounts: INFO Starting Google Accounts daemon.\r\r\nNov 12 21:58:37 michael-test-instance startup-script: INFO Starting startup scripts.\r\r\nNov 12 21:58:37 michael-test-instance google-networking: INFO Starting Google Networking daemon.\r\r\nNov 12 21:58:37 michael-test-instance google-clock-skew: INFO Clock drift token has changed: 0.\r\r\nNov 12 21:58:37 michael-test-instance startup-script: INFO No startup scripts found in metadata.\r\r\nNov 12 21:58:37 michael-test-instance startup-script: INFO Finished running startup scripts.\r\r\nNov 12 21:58:37 michael-test-instance network-setup: INFO Disabling IPv6 on Ethernet interface: ['eth0'].\r\r\nNov 12 21:58:37 michael-test-instance network-setup: INFO Calling Dhclient for IPv6 configuration on the Ethernet interfaces ['eth0'].\r\r\nNov 12 21:58:37 michael-test-instance dhclient[704]: Internet Systems Consortium DHCP "]
[19.063815, "o", "Client 4.3.5\r\r\n[    5.780227] google_network_daemon[684]: Internet Systems Consortium DHCP Client 4.3.5\r\r\nNov 12 21:58:37 michael-test-instance google_network_daemon[684]: Internet Systems Consortium DHCP Client 4.3.5\r\r\nNov 12 21:58:37 michael-test-instance dhclient[704]: Copyright 2004-2016 Internet Systems Consortium.\r\r\nNov 12 21:58:37 michael-test-instance google_network_daemon[684]: Copyright 2004-2016 Internet Systems Consortium.\r\r\n[    5.782243] google_network_daemon[684]: Copyright 2004-2016 Internet Systems Consortium.\r\r\nNov 12 21:58:37 michael-test-instance dhclient[704]: All rights reserved.\r\r\nNov 12 21:58:37 michael-test-instance google_network_daemon[684]: All rights reserved.\r\r\n[    5.787913] google_network_daemon[684]: All rights reserved.\r\r\nNov 12 21:58:37 michael-test-instance google_network_daemon[684]: For info, please visit https://www.isc.org/software/dhcp/\r\r\n[    5.788814] google_network_daemon[684]: For info, please visit https://www.isc.org/software/dhcp/\r\r\nNov 12 21:58:37 michael-test-"]
[19.063948, "o", "instance dhclient[704]: For info, please visit https://www.isc.org/software/dhcp/\r\r\nNov 12 21:58:37 michael-test-instance google_network_daemon[684]: Listening on Socket/eth0\r\r\n[    5.794216] google_network_daemon[684]: Listening on Socket/eth0\r\r\nNov 12 21:58:37 michael-test-instance google_network_daemon[684]: Sending on   Socket/eth0\r\r\n[    5.800062] google_network_daemon[684]: Sending on   Socket/eth0\r\r\nNov 12 21:58:37 michael-test-instance dhclient[704]: \r\r\nNov 12 21:58:37 michael-test-instance dhclient[704]: Listening on Socket/eth0\r\r\nNov 12 21:58:37 michael-test-instance dhclient[704]: Sending on   Socket/eth0\r\r\n[\u001b[0;32m  OK  \u001b[0m] Started Google Compute Engine Startup Scripts.\r\r\n[\u001b[0;32m  OK  \u001b[0m] Reached target Multi-User System.\r\r\n[\u001b[0;32m  OK  \u001b[0m] Reached target Graphical Interface.\r\r\nNov 12 21:58:37 michael-test-instance systemd[1]: Started Google Compute Engine Startup Scripts.\r\r\nNov 12 21:58:37 michael-test-instance systemd[1]: Reached target Multi-User System.\r\r\nNov 12 21:58:37 michael-test-i"]
[19.064068, "o", "nstance systemd[1]: Reached target Graphical Interface.\r\r\nNov 12 21:58:37 michael-test-instance systemd[1]: Starting Update UTMP about System Runlevel Changes...\r\r\n         Starting Update UTMP about System Runlevel Changes...\r\r\nNov 12 21:58:37 michael-test-instance systemd[1]: Starting Daily apt download activities...\r\r\n         Starting Daily apt download activities...\r\r\nNov 12 21:58:37 michael-test-instance systemd[1]: Started Update UTMP about System Runlevel Changes.\r\r\n[\u001b[0;32m  OK  \u001b[0m] Started Update UTMP about System Runlevel Changes.\r\r\nNov 12 21:58:37 michael-test-instance google-accounts: INFO Adding user enis.inan to the Google sudoers group.\r\r\n[    5.885184] google_accounts_daemon[685]: Adding user enis.inan to group google-sudoers\r\r\nNov 12 21:58:37 michael-test-instance google_accounts_daemon[685]: Adding user enis.inan to group google-sudoers\r\r\nNov 12 21:58:38 michael-test-instance systemd[1]: Time has been changed\r\r\nNov 12 21:58:38 michael-test-instance google-clock-skew: INFO Synced system ti"]
[19.064187, "o", "me with hardware clock.\r\r\nNov 12 21:58:38 michael-test-instance systemd[1]: apt-daily-upgrade.timer: Adding 8min 5.380265s random time.\r\r\nNov 12 21:58:38 michael-test-instance google-accounts: INFO Adding user michaelsmith to the Google sudoers group.\r\r\n[    5.921524] google_accounts_daemon[685]: Adding user michaelsmith to group google-sudoers\r\r\nNov 12 21:58:38 michael-test-instance google_accounts_daemon[685]: Adding user michaelsmith to group google-sudoers\r\r\n[\u001b[0;32m  OK  \u001b[0m] Started Daily apt download activities.\r\r\nNov 12 21:58:39 michael-test-instance systemd[1]: Started Daily apt download activities.\r\r\nNov 12 21:58:39 michael-test-instance systemd[1]: apt-daily.timer: AddNov 12 21:58:39 michael-test-instance systemd[1]: apt-daily.timer: Adding 6h 15min 9.493170s random time.\r\r\n\r\r\r\nDebian GNU/Linux 9 michael-test-instance ttyS0\r\r\n\r\r\nmichael-test-instance login: SeaBIOS (version 1.8.2-20191010_205345-google)\r\r\nTotal RAM Size = 0x0000000026600000 = 614 MiB\r\r\nCPUs found: 1     Max CPUs supported: 1\r\r\nCom"]
[19.064304, "o", "paring RSDP and RSDP\r\r\nComparing RSDT and RSDT\r\r\nComparing FACP and FACP\r\r\nComparing FACS and FACS\r\r\nreturn 0 for FACS vs FACS: SUCCESS\r\r\nComparing DSDT and DSDT\r\r\nreturn 0 for DSDT vs DSDT: SUCCESS\r\r\nreturn 0 for FACP vs FACP: SUCCESS\r\r\nComparing SRAT and SRAT\r\r\nreturn 0 for SRAT vs SRAT: SUCCESS\r\r\nComparing APIC and APIC\r\r\nreturn 0 for APIC vs APIC: SUCCESS\r\r\nComparing SSDT and SSDT\r\r\nreturn 0 for SSDT vs SSDT: SUCCESS\r\r\nComparing WAET and WAET\r\r\nreturn 0 for WAET vs WAET: SUCCESS\r\r\nreturn 0 for RSDT vs RSDT: SUCCESS\r\r\nreturn 0 for RSDP vs RSDP: SUCCESS\r\r\nfound virtio-scsi at 0:3\r\r\nvirtio-scsi vendor='Google' product='PersistentDisk' rev='1' type=0 removable=0\r\r\nvirtio-scsi blksize=512 sectors=20971520 = 10240 MiB\r\r\ndrive 0x000f2860: PCHS=0/0/0 translation=lba LCHS=1024/255/63 s=20971520\r\r\nSending Seabios boot VM event.\r\r\nBooting from Hard Disk 0...\r\r\n[    0.000000] Linux version 4.9.0-11-amd64 (debian-kernel@lists.debian.org) (gcc version 6.3.0 20170516 (Debian 6.3.0-18+deb9u1) ) #1 SMP Debian 4.9.189-3+de"]
[19.064439, "o", "b9u1 (2019-09-20)\r\r\n[    0.000000] Command line: BOOT_IMAGE=/boot/vmlinuz-4.9.0-11-amd64 root=UUID=2f47db5c-4ae8-4e03-9627-748a1964e0aa ro console=ttyS0,38400n8 elevator=noop scsi_mod.use_blk_mq=Y net.ifnames=0 biosdevname=0\r\r\n[    0.000000] x86/fpu: Supporting XSAVE feature 0x001: 'x87 floating point registers'\r\r\n[    0.000000] x86/fpu: Supporting XSAVE feature 0x002: 'SSE registers'\r\r\n[    0.000000] x86/fpu: Supporting XSAVE feature 0x004: 'AVX registers'\r\r\n[    0.000000] x86/fpu: xstate_offset[2]:  576, xstate_sizes[2]:  256\r\r\n[    0.000000] x86/fpu: Enabled xstate features 0x7, context size is 832 bytes, using 'standard' format.\r\r\n[    0.000000] e820: BIOS-provided physical RAM map:\r\r\n[    0.000000] BIOS-e820: [mem 0x0000000000000000-0x000000000009fbff] usable\r\r\n[    0.000000] BIOS-e820: [mem 0x000000000009fc00-0x000000000009ffff] reserved\r\r\n[    0.000000] BIOS-e820: [mem 0x00000000000f0000-0x00000000000fffff] reserved\r\r\n[    0.000000] BIOS-e820: [mem 0x0000000000100000-0x00000000265fcfff] usable\r\r\n[    0"]
[19.064574, "o", ".000000] BIOS-e820: [mem 0x00000000265fd000-0x00000000265fffff] reserved\r\r\n[    0.000000] BIOS-e820: [mem 0x00000000fffbc000-0x00000000ffffffff] reserved\r\r\n[    0.000000] NX (Execute Disable) protection: active\r\r\n[    0.000000] SMBIOS 2.4 present.\r\r\n[    0.000000] Hypervisor detected: KVM\r\r\n[    0.000000] e820: last_pfn = 0x265fd max_arch_pfn = 0x400000000\r\r\n[    0.000000] x86/PAT: Configuration [0-7]: WB  WC  UC- UC  WB  WC  UC- WT  \r\r\n[    0.000000] found SMP MP-table at [mem 0x000f2ac0-0x000f2acf] mapped at [ffff97d6000f2ac0]\r\r\n[    0.000000] Using GB pages for direct mapping\r\r\n[    0.000000] RAMDISK: [mem 0x24ebf000-0x26011fff]\r\r\n[    0.000000] ACPI: Early table checksum verification disabled\r\r\n[    0.000000] ACPI: RSDP 0x00000000000F28A0 000014 (v00 Google)\r\r\n[    0.000000] ACPI: RSDT 0x00000000265FFFA0 000038 (v01 Google GOOGRSDT 00000001 GOOG 00000001)\r\r\n[    0.000000] ACPI: FACP 0x00000000265FF400 0000F4 (v02 Google GOOGFACP 00000001 GOOG 00000001)\r\r\n[    0.000000] ACPI: DSDT 0x00000000265FDB40 0018BA"]
[19.064697, "o", " (v01 Google GOOGDSDT 00000001 GOOG 00000001)\r\r\n[    0.000000] ACPI: FACS 0x00000000265FDB00 000040\r\r\n[    0.000000] ACPI: FACS 0x00000000265FDB00 000040\r\r\n[    0.000000] ACPI: SRAT 0x00000000265FFEC0 0000B8 (v01 Google GOOGSRAT 00000001 GOOG 00000001)\r\r\n[    0.000000] ACPI: APIC 0x00000000265FFE20 00006E (v01 Google GOOGAPIC 00000001 GOOG 00000001)\r\r\n[    0.000000] ACPI: SSDT 0x00000000265FF500 00091F (v01 Google GOOGSSDT 00000001 GOOG 00000001)\r\r\n[    0.000000] ACPI: WAET 0x00000000265FFE90 000028 (v01 Google GOOGWAET 00000001 GOOG 00000001)\r\r\n[    0.000000] SRAT: PXM 0 -> APIC 0x00 -> Node 0\r\r\n[    0.000000] ACPI: SRAT: Node 0 PXM 0 [mem 0x00000000-0x0009ffff]\r\r\n[    0.000000] ACPI: SRAT: Node 0 PXM 0 [mem 0x00100000-0x265fffff]\r\r\n[    0.000000] NUMA: Node 0 [mem 0x00000000-0x0009ffff] + [mem 0x00100000-0x265fcfff] -> [mem 0x00000000-0x265fcfff]\r\r\n[    0.000000] NODE_DATA(0) allocated [mem 0x265f8000-0x265fcfff]\r\r\n[    0.000000] kvm-clock: Using msrs 4b564d01 and 4b564d00\r\r\n[    0.000000] kvm-clock: cpu 0,"]
[19.064836, "o", " msr 0:265f0001, primary cpu clock\r\r\n[    0.000000] kvm-clock: using sched offset of 1780685860 cycles\r\r\n[    0.000000] clocksource: kvm-clock: mask: 0xffffffffffffffff max_cycles: 0x1cd42e4dffb, max_idle_ns: 881590591483 ns\r\r\n[    0.000000] Zone ranges:\r\r\n[    0.000000]   DMA      [mem 0x0000000000001000-0x0000000000ffffff]\r\r\n[    0.000000]   DMA32    [mem 0x0000000001000000-0x00000000265fcfff]\r\r\n[    0.000000]   Normal   empty\r\r\n[    0.000000]   Device   empty\r\r\n[    0.000000] Movable zone start for each node\r\r\n[    0.000000] Early memory node ranges\r\r\n[    0.000000]   node   0: [mem 0x0000000000001000-0x000000000009efff]\r\r\n[    0.000000]   node   0: [mem 0x0000000000100000-0x00000000265fcfff]\r\r\n[    0.000000] Initmem setup node 0 [mem 0x0000000000001000-0x00000000265fcfff]\r\r\n[    0.000000] ACPI: PM-Timer IO Port: 0xb008\r\r\n[    0.000000] ACPI: LAPIC_NMI (acpi_id[0xff] dfl dfl lint[0x1])\r\r\n[    0.000000] IOAPIC[0]: apic_id 0, version 17, address 0xfec00000, GSI 0-23\r\r\n[    0.000000] ACPI: INT_SRC_OVR (bus 0 "]
[19.064972, "o", "bus_irq 5 global_irq 5 high level)\r\r\n[    0.000000] ACPI: INT_SRC_OVR (bus 0 bus_irq 9 global_irq 9 high level)\r\r\n[    0.000000] ACPI: INT_SRC_OVR (bus 0 bus_irq 10 global_irq 10 high level)\r\r\n[    0.000000] ACPI: INT_SRC_OVR (bus 0 bus_irq 11 global_irq 11 high level)\r\r\n[    0.000000] Using ACPI (MADT) for SMP configuration information\r\r\n[    0.000000] smpboot: Allowing 1 CPUs, 0 hotplug CPUs\r\r\n[    0.000000] PM: Registered nosave memory: [mem 0x00000000-0x00000fff]\r\r\n[    0.000000] PM: Registered nosave memory: [mem 0x0009f000-0x0009ffff]\r\r\n[    0.000000] PM: Registered nosave memory: [mem 0x000a0000-0x000effff]\r\r\n[    0.000000] PM: Registered nosave memory: [mem 0x000f0000-0x000fffff]\r\r\n[    0.000000] e820: [mem 0x26600000-0xfffbbfff] available for PCI devices\r\r\n[    0.000000] Booting paravirtualized kernel on KVM\r\r\n[    0.000000] clocksource: refined-jiffies: mask: 0xffffffff max_cycles: 0xffffffff, max_idle_ns: 7645519600211568 ns\r\r\n[    0.000000] setup_percpu: NR_CPUS:512 nr_cpumask_bits:512 nr_cpu_ids:"]
[19.065089, "o", "1 nr_node_ids:1\r\r\n[    0.000000] percpu: Embedded 35 pages/cpu s105304 r8192 d29864 u2097152\r\r\n[    0.000000] Built 1 zonelists in Node order, mobility grouping on.  Total pages: 154606\r\r\n[    0.000000] Policy zone: DMA32\r\r\n[    0.000000] Kernel command line: BOOT_IMAGE=/boot/vmlinuz-4.9.0-11-amd64 root=UUID=2f47db5c-4ae8-4e03-9627-748a1964e0aa ro console=ttyS0,38400n8 elevator=noop scsi_mod.use_blk_mq=Y net.ifnames=0 biosdevname=0\r\r\n[    0.000000] PID hash table entries: 4096 (order: 3, 32768 bytes)\r\r\n[    0.000000] Memory: 584400K/628332K available (6280K kernel code, 1162K rwdata, 2876K rodata, 1424K init, 656K bss, 43932K reserved, 0K cma-reserved)\r\r\n[    0.000000] Kernel/User page tables isolation: enabled\r\r\n[    0.000000] Hierarchical RCU implementation.\r\r\n[    0.000000] \tBuild-time adjustment of leaf fanout to 64.\r\r\n[    0.000000] \tRCU restricting CPUs from NR_CPUS=512 to nr_cpu_ids=1.\r\r\n[    0.000000] RCU: Adjusting geometry for rcu_fanout_leaf=64, nr_cpu_ids=1\r\r\n[    0.000000] NR_IRQS:33024 nr_irqs:2"]
[19.065258, "o", "56 16\r\r\n[    0.000000] Console: colour VGA+ 80x25\r\r\n[    0.000000] console [ttyS0] enabled\r\r\n[    0.000000] tsc: Detected 2200.000 MHz processor\r\r\n[    0.131702] Calibrating delay loop (skipped) preset value.. 4400.00 BogoMIPS (lpj=8800000)\r\r\n[    0.133771] pid_max: default: 32768 minimum: 301\r\r\n[    0.134778] ACPI: Core revision 20160831\r\r\n[    0.136824] ACPI: 2 ACPI AML tables successfully acquired and loaded\r\r\n[    0.139095] Security Framework initialized\r\r\n[    0.140264] Yama: disabled by default; enable with sysctl kernel.yama.*\r\r\n[    0.141663] AppArmor: AppArmor disabled by boot time parameter\r\r\n[    0.142690] Dentry cache hash table entries: 131072 (order: 8, 1048576 bytes)\r\r\n[    0.145157] Inode-cache hash table entries: 65536 (order: 7, 524288 bytes)\r\r\n[    0.146522] Mount-cache hash table entries: 2048 (order: 2, 16384 bytes)\r\r\n[    0.148696] Mountpoint-cache hash table entries: 2048 (order: 2, 16384 bytes)\r\r\n[    0.150754] mce: CPU supports 32 MCE banks\r\r\n[    0.151811] Last level iTLB entries: 4K"]
[19.065385, "o", "B 64, 2MB 8, 4MB 8\r\r\n[    0.152860] Last level dTLB entries: 4KB 64, 2MB 0, 4MB 0, 1GB 4\r\r\n[    0.155067] Spectre V1 : Mitigation: usercopy/swapgs barriers and __user pointer sanitization\r\r\n[    0.157204] Spectre V2 : Mitigation: Full generic retpoline\r\r\n[    0.158237] Spectre V2 : Spectre v2 / SpectreRSB mitigation: Filling RSB on context switch\r\r\n[    0.159527] Spectre V2 : Enabling Restricted Speculation for firmware calls\r\r\n[    0.161127] Spectre V2 : mitigation: Enabling conditional Indirect Branch Prediction Barrier\r\r\n[    0.162861] Speculative Store Bypass: Mitigation: Speculative Store Bypass disabled via prctl and seccomp\r\r\n[    0.166194] MDS: Mitigation: Clear CPU buffers\r\r\n[    0.186062] Freeing SMP alternatives memory: 24K\r\r\n[    0.194835] ftrace: allocating 25330 entries in 99 pages\r\r\n[    0.249209] smpboot: Max logical packages: 1\r\r\n[    0.250618] x2apic enabled\r\r\n[    0.252468] Switched APIC routing to physical x2apic.\r\r\n[    0.256652] ..TIMER: vector=0x30 apic1=0 pin1=0 apic2=-1 pin2=-1\r\r\n[   "]
[19.065477, "o", " 0.362951] smpboot: CPU0: Intel(R) Xeon(R) CPU @ 2.20GHz (family: 0x6, model: 0x4f, stepping: 0x0)\r\r\n[    0.365631] Performance Events: unsupported p6 CPU model 79 no PMU driver, software events only.\r\r\n[    0.368955] x86: Booted up 1 node, 1 CPUs\r\r\n[    0.369937] smpboot: Total of 1 processors activated (4400.00 BogoMIPS)\r\r\n[    0.371919] devtmpfs: initialized\r\r\n[    0.372820] x86/mm: Memory block size: 128MB\r\r\n[    0.375821] clocksource: jiffies: mask: 0xffffffff max_cycles: 0xffffffff, max_idle_ns: 7645041785100000 ns\r\r\n[    0.379097] futex hash table entries: 256 (order: 2, 16384 bytes)\r\r\n[    0.381038] pinctrl core: initialized pinctrl subsystem\r\r\n[    0.383181] NET: Registered protocol family 16\r\r\n[    0.384536] cpuidle: using governor ladder\r\r\n[    0.385434] cpuidle: using governor menu\r\r\n[    0.386492] ACPI: bus type PCI registered\r\r\n[    0.387449] acpiphp: ACPI Hot Plug PCI Controller Driver version: 0.5\r\r\n[    0.389208] PCI: Using configuration type 1 for base access\r\r\n[    0.391467] HugeTLB registe"]
[19.065571, "o", "red 1 GB page size, pre-allocated 0 pages\r\r\n[    0.392795] HugeTLB registered 2 MB page size, pre-allocated 0 pages\r\r\n[    0.394065] ACPI: Added _OSI(Module Device)\r\r\n[    0.394833] ACPI: Added _OSI(Processor Device)\r\r\n[    0.396075] ACPI: Added _OSI(3.0 _SCP Extensions)\r\r\n[    0.396795] ACPI: Added _OSI(Processor Aggregator Device)\r\r\n[    0.398533] ACPI: Executed 2 blocks of module-level executable AML code\r\r\n[    0.401555] ACPI: Interpreter enabled\r\r\n[    0.402395] ACPI: (supports S0 S3 S4 S5)\r\r\n[    0.403379] ACPI: Using IOAPIC for interrupt routing\r\r\n[    0.404548] PCI: Using host bridge windows from ACPI; if necessary, use \"pci=nocrs\" and report a bug\r\r\n[    0.408256] ACPI: PCI Root Bridge [PCI0] (domain 0000 [bus 00-ff])\r\r\n[    0.409531] acpi PNP0A03:00: _OSC: OS supports [ASPM ClockPM Segments MSI]\r\r\n[    0.411330] acpi PNP0A03:00: _OSC failed (AE_NOT_FOUND); disabling ASPM\r\r\n[    0.412829] acpi PNP0A03:00: fail to add MMCONFIG information, can't access extended PCI configuration space under this bridg"]
[19.065711, "o", "e.\r\r\n[    0.415460] PCI host bridge to bus 0000:00\r\r\n[    0.416255] pci_bus 0000:00: root bus resource [io  0x0000-0x0cf7 window]\r\r\n[    0.417821] pci_bus 0000:00: root bus resource [io  0x0d00-0xffff window]\r\r\n[    0.419158] pci_bus 0000:00: root bus resource [mem 0x000a0000-0x000bffff window]\r\r\n[    0.421211] pci_bus 0000:00: root bus resource [mem 0x80000000-0xfebfffff window]\r\r\n[    0.423370] pci_bus 0000:00: root bus resource [bus 00-ff]\r\r\n[    0.454273] pci 0000:00:01.3: quirk: [io  0xb000-0xb03f] claimed by PIIX4 ACPI\r\r\n[    0.509945] ACPI: PCI Interrupt Link [LNKA] (IRQs 5 *10 11)\r\r\n[    0.512626] ACPI: PCI Interrupt Link [LNKB] (IRQs 5 *10 11)\r\r\n[    0.515270] ACPI: PCI Interrupt Link [LNKC] (IRQs 5 10 *11)\r\r\n[    0.517979] ACPI: PCI Interrupt Link [LNKD] (IRQs 5 10 *11)\r\r\n[    0.521034] ACPI: PCI Interrupt Link [LNKS] (IRQs *9)\r\r\n[    0.522499] ACPI: Enabled 16 GPEs in block 00 to 0F\r\r\n[    0.523759] vgaarb: loaded\r\r\n[    0.524464] PCI: Using ACPI for IRQ routing\r\r\n[    0.525684] clocksource: Switch"]
[19.065803, "o", "ed to clocksource kvm-clock\r\r\n[    0.534221] VFS: Disk quotas dquot_6.6.0\r\r\n[    0.535566] VFS: Dquot-cache hash table entries: 512 (order 0, 4096 bytes)\r\r\n[    0.539496] pnp: PnP ACPI init\r\r\n[    0.541170] pnp: PnP ACPI: found 7 devices\r\r\n[    0.548385] clocksource: acpi_pm: mask: 0xffffff max_cycles: 0xffffff, max_idle_ns: 2085701024 ns\r\r\n[    0.549976] NET: Registered protocol family 2\r\r\n[    0.552077] TCP established hash table entries: 8192 (order: 4, 65536 bytes)\r\r\n[    0.553503] TCP bind hash table entries: 8192 (order: 5, 131072 bytes)\r\r\n[    0.555119] TCP: Hash tables configured (established 8192 bind 8192)\r\r\n[    0.557322] UDP hash table entries: 512 (order: 2, 16384 bytes)\r\r\n[    0.558377] UDP-Lite hash table entries: 512 (order: 2, 16384 bytes)\r\r\n[    0.559885] NET: Registered protocol family 1\r\r\n[    0.561334] pci 0000:00:00.0: Limiting direct PCI/PCI transfers\r\r\n[    0.565482] Unpacking initramfs...\r\r\n[    0.888934] Freeing initrd memory: 17740K\r\r\n[    0.891379] audit: initializing netlink subsy"]
[19.065902, "o", "s (disabled)\r\r\n[    0.892570] audit: type=2000 audit(1573596161.448:1): initialized\r\r\n[    0.893869] workingset: timestamp_bits=40 max_order=18 bucket_order=0\r\r\n[    0.895121] zbud: loaded\r\r\n[    0.896206] Block layer SCSI generic (bsg) driver version 0.4 loaded (major 250)\r\r\n[    0.897462] io scheduler noop registered (default)\r\r\n[    0.898327] io scheduler deadline registered\r\r\n[    0.899034] io scheduler cfq registered\r\r\n[    0.899698] pci_hotplug: PCI Hot Plug PCI Core version: 0.5\r\r\n[    0.900608] pciehp: PCI Express Hot Plug Controller Driver version: 0.4\r\r\n[    0.901761] GHES: HEST is not enabled!\r\r\n[    0.902452] Serial: 8250/16550 driver, 4 ports, IRQ sharing enabled\r\r\n[    0.925094] 00:03: ttyS0 at I/O 0x3f8 (irq = 4, base_baud = 115200) is a 16550A\r\r\n[    0.949152] 00:04: ttyS1 at I/O 0x2f8 (irq = 3, base_baud = 115200) is a 16550A\r\r\n[    0.973196] 00:05: ttyS2 at I/O 0x3e8 (irq = 6, base_baud = 115200) is a 16550A\r\r\n[    0.997321] 00:06: ttyS3 at I/O 0x2e8 (irq = 7, base_baud = 115200) is a 16550A"]
